[13:26:49] This is prokka 1.14.6
[13:26:49] Written by Torsten Seemann <torsten.seemann@gmail.com>
[13:26:49] Homepage is https://github.com/tseemann/prokka
[13:26:49] Local time is Thu Jun 12 13:26:49 2025
[13:26:49] You are vrbouza
[13:26:49] Operating system is linux
[13:26:49] You have BioPerl 1.7.8
[13:26:49] System has 48 cores.
[13:26:49] Will use maximum of 8 cores.
[13:26:49] Annotating as >>> Bacteria <<<
[13:26:49] Generating locus_tag from '/nfs/research/jlees/vrbouza/data/clustering_benchmarking/2025_05_14_initialLeoniedata/SHdataset/ERR657227.fa' contents.
[13:26:49] Setting --locustag FHKHKJID from MD5 f141432d9093af5081b48d8a068e8c87
[13:26:49] Creating new output folder: ./SHdataset/ERR657227
[13:26:49] Running: mkdir -p \.\/SHdataset\/ERR657227
[13:26:49] Using filename prefix: PROKKA_06122025.XXX
[13:26:49] Setting HMMER_NCPU=1
[13:26:49] Writing log to: ./SHdataset/ERR657227/PROKKA_06122025.log
[13:26:49] Command: /hps/software/users/jlees/vrbouza/miniforge3/envs/prokka/bin/prokka --outdir ./SHdataset/ERR657227 /nfs/research/jlees/vrbouza/data/clustering_benchmarking/2025_05_14_initialLeoniedata/SHdataset/ERR657227.fa
[13:26:49] Appending to PATH: /hps/software/users/jlees/vrbouza/miniforge3/envs/prokka/bin
[13:26:49] Looking for 'aragorn' - found /hps/software/users/jlees/vrbouza/miniforge3/envs/prokka/bin/aragorn
[13:26:49] Determined aragorn version is 001002 from 'ARAGORN v1.2.41 Dean Laslett'
[13:26:49] Looking for 'barrnap' - found /hps/software/users/jlees/vrbouza/miniforge3/envs/prokka/bin/barrnap
[13:26:49] Determined barrnap version is 000009 from 'barrnap 0.9'
[13:26:49] Looking for 'blastp' - found /hps/software/users/jlees/vrbouza/miniforge3/envs/prokka/bin/blastp
[13:26:49] Determined blastp version is 002016 from 'blastp: 2.16.0+'
[13:26:49] Looking for 'cmpress' - found /hps/software/users/jlees/vrbouza/miniforge3/envs/prokka/bin/cmpress
[13:26:49] Determined cmpress version is 001001 from '# INFERNAL 1.1.5 (Sep 2023)'
[13:26:49] Looking for 'cmscan' - found /hps/software/users/jlees/vrbouza/miniforge3/envs/prokka/bin/cmscan
[13:26:49] Determined cmscan version is 001001 from '# INFERNAL 1.1.5 (Sep 2023)'
[13:26:49] Looking for 'egrep' - found /usr/bin/egrep
[13:26:49] Looking for 'find' - found /usr/bin/find
[13:26:49] Looking for 'grep' - found /usr/bin/grep
[13:26:49] Looking for 'hmmpress' - found /hps/software/users/jlees/vrbouza/miniforge3/envs/prokka/bin/hmmpress
[13:26:49] Determined hmmpress version is 003004 from '# HMMER 3.4 (Aug 2023); http://hmmer.org/'
[13:26:49] Looking for 'hmmscan' - found /hps/software/users/jlees/vrbouza/miniforge3/envs/prokka/bin/hmmscan
[13:26:49] Determined hmmscan version is 003004 from '# HMMER 3.4 (Aug 2023); http://hmmer.org/'
[13:26:49] Looking for 'java' - found /hps/software/users/jlees/vrbouza/miniforge3/envs/prokka/bin/java
[13:26:49] Looking for 'makeblastdb' - found /hps/software/users/jlees/vrbouza/miniforge3/envs/prokka/bin/makeblastdb
[13:26:49] Determined makeblastdb version is 002016 from 'makeblastdb: 2.16.0+'
[13:26:49] Looking for 'minced' - found /hps/software/users/jlees/vrbouza/miniforge3/envs/prokka/bin/minced
[13:26:49] Determined minced version is 004002 from 'minced 0.4.2'
[13:26:49] Looking for 'parallel' - found /hps/software/users/jlees/vrbouza/miniforge3/envs/prokka/bin/parallel
[13:26:49] Determined parallel version is 20250422 from 'GNU parallel 20250422'
[13:26:49] Looking for 'prodigal' - found /hps/software/users/jlees/vrbouza/miniforge3/envs/prokka/bin/prodigal
[13:26:49] Determined prodigal version is 002006 from 'Prodigal V2.6.3: February, 2016'
[13:26:49] Looking for 'prokka-genbank_to_fasta_db' - found /hps/software/users/jlees/vrbouza/miniforge3/envs/prokka/bin/prokka-genbank_to_fasta_db
[13:26:49] Looking for 'sed' - found /usr/bin/sed
[13:26:49] Looking for 'tbl2asn' - found /hps/software/users/jlees/vrbouza/miniforge3/envs/prokka/bin/tbl2asn
[13:26:49] Determined tbl2asn version is 025007 from 'tbl2asn 25.7   arguments:'
[13:26:49] Using genetic code table 11.
[13:26:49] Loading and checking input file: /nfs/research/jlees/vrbouza/data/clustering_benchmarking/2025_05_14_initialLeoniedata/SHdataset/ERR657227.fa
[13:26:49] Wrote 261 contigs totalling 2135949 bp.
[13:26:49] Predicting tRNAs and tmRNAs
[13:26:49] Running: aragorn -l -gc11  -w \.\/SHdataset\/ERR657227\/PROKKA_06122025\.fna
[13:26:50] 1 tRNA-Leu c[84793,84878] 35 (aag)
[13:26:50] 1 tRNA-Arg [36058,36129] 34 (cct)
[13:26:50] 2 tRNA-Arg [77808,77881] 35 (ccg)
[13:26:50] 1 tRNA-Ser [95743,95833] 36 (gga)
[13:26:50] 2 tmRNA c[98226,98570] 83,118 AKNNTSYALAA*
[13:26:50] 1 tRNA-Val [68,140] 34 (tac)
[13:26:50] 2 tRNA-Asp [143,215] 34 (gtc)
[13:26:50] 3 tRNA-Lys [240,312] 34 (ttt)
[13:26:50] 4 tRNA-Leu [317,400] 36 (tag)
[13:26:50] 5 tRNA-Thr [418,490] 34 (tgt)
[13:26:50] 6 tRNA-Gly [513,584] 33 (gcc)
[13:26:50] 7 tRNA-Leu [592,677] 35 (taa)
[13:26:50] 8 tRNA-Arg [687,760] 35 (acg)
[13:26:50] 9 tRNA-Pro [775,850] 36 (tgg)
[13:26:50] 10 tRNA-Met [854,929] 36 (cat)
[13:26:50] 11 tRNA-Met [942,1015] 35 (cat)
[13:26:50] 12 tRNA-Ser [1026,1115] 37 (tga)
[13:26:50] 13 tRNA-Met [1126,1199] 35 (cat)
[13:26:50] 14 tRNA-Phe [1203,1275] 34 (gaa)
[13:26:50] 15 tRNA-Gly [1295,1365] 33 (tcc)
[13:26:50] 16 tRNA-Ile [1400,1475] 36 (gat)
[13:26:50] 17 tRNA-Ser [1480,1569] 36 (gct)
[13:26:50] 18 tRNA-Lys c[98222,98296] 35 (ctt)
[13:26:50] 1 tRNA-Thr [10461,10533] 34 (ggt)
[13:26:50] 1 tRNA-Asn c[45254,45327] 35 (gtt)
[13:26:50] 2 tRNA-Glu c[45333,45404] 34 (ttc)
[13:26:50] 3 tRNA-Arg c[47841,47914] 35 (tct)
[13:26:50] 1 tRNA-Leu c[54500,54585] 36 (caa)
[13:26:50] 2 tRNA-Gln c[54593,54666] 34 (ttg)
[13:26:50] 3 tRNA-His c[54675,54749] 35 (gtg)
[13:26:50] 4 tRNA-Trp c[54762,54834] 34 (cca)
[13:26:50] 5 tRNA-Tyr c[54837,54919] 36 (gta)
[13:26:50] 1 tRNA-Tyr [35597,35677] 35 (gta)
[13:26:50] 2 tRNA-Gln [35687,35758] 33 (ttg)
[13:26:50] 1 tRNA-Cys c[26973,27046] 34 (gca)
[13:26:50] 1 tRNA-Ala c[2586,2660] 35 (tgc)
[13:26:50] 1 tRNA-Gly [73,143] 33 (tcc)
[13:26:50] Found 37 tRNAs
[13:26:50] Predicting Ribosomal RNAs
[13:26:50] Running Barrnap with 8 threads
[13:26:51] 1 contig00035 1 23S ribosomal RNA (partial)
[13:26:51] 2 contig00035 2712 16S ribosomal RNA
[13:26:51] 3 contig00047 519 5S ribosomal RNA
[13:26:51] Found 3 rRNAs
[13:26:51] Skipping ncRNA search, enable with --rfam if desired.
[13:26:51] Total of 39 tRNA + rRNA features
[13:26:51] Searching for CRISPR repeats
[13:26:51] Found 0 CRISPRs
[13:26:51] Predicting coding sequences
[13:26:51] Contigs total 2135949 bp, so using single mode
[13:26:51] Running: prodigal -i \.\/SHdataset\/ERR657227\/PROKKA_06122025\.fna -c -m -g 11 -p single -f sco -q
[13:26:53] Found 2098 CDS
[13:26:53] Connecting features back to sequences
[13:26:53] Not using genus-specific database. Try --usegenus to enable it.
[13:26:53] Annotating CDS, please be patient.
[13:26:53] Will use 8 CPUs for similarity searching.
[13:26:53] There are still 2098 unannotated CDS left (started with 2098)
[13:26:53] Will use blast to search against /hps/software/users/jlees/vrbouza/miniforge3/envs/prokka/db/kingdom/Bacteria/IS with 8 CPUs
[13:26:53] Running: cat \.\/SHdataset\/ERR657227\/PROKKA_06122025\.IS\.tmp\.2965652\.faa | parallel --gnu --plain -j 8 --block 38260 --recstart '>' --pipe blastp -query - -db /hps/software/users/jlees/vrbouza/miniforge3/envs/prokka/db/kingdom/Bacteria/IS -evalue 1e-30 -qcov_hsp_perc 90 -num_threads 1 -num_descriptions 1 -num_alignments 1 -seg no > \.\/SHdataset\/ERR657227\/PROKKA_06122025\.IS\.tmp\.2965652\.blast 2> /dev/null
[13:26:58] Deleting unwanted file: ./SHdataset/ERR657227/PROKKA_06122025.IS.tmp.2965652.faa
[13:26:58] Deleting unwanted file: ./SHdataset/ERR657227/PROKKA_06122025.IS.tmp.2965652.blast
[13:26:59] There are still 2061 unannotated CDS left (started with 2098)
[13:26:59] Will use blast to search against /hps/software/users/jlees/vrbouza/miniforge3/envs/prokka/db/kingdom/Bacteria/AMR with 8 CPUs
[13:26:59] Running: cat \.\/SHdataset\/ERR657227\/PROKKA_06122025\.AMR\.tmp\.2965652\.faa | parallel --gnu --plain -j 8 --block 37893 --recstart '>' --pipe blastp -query - -db /hps/software/users/jlees/vrbouza/miniforge3/envs/prokka/db/kingdom/Bacteria/AMR -evalue 1e-300 -qcov_hsp_perc 90 -num_threads 1 -num_descriptions 1 -num_alignments 1 -seg no > \.\/SHdataset\/ERR657227\/PROKKA_06122025\.AMR\.tmp\.2965652\.blast 2> /dev/null
[13:27:03] Deleting unwanted file: ./SHdataset/ERR657227/PROKKA_06122025.AMR.tmp.2965652.faa
[13:27:03] Deleting unwanted file: ./SHdataset/ERR657227/PROKKA_06122025.AMR.tmp.2965652.blast
[13:27:03] There are still 2061 unannotated CDS left (started with 2098)
[13:27:03] Will use blast to search against /hps/software/users/jlees/vrbouza/miniforge3/envs/prokka/db/kingdom/Bacteria/sprot with 8 CPUs
[13:27:03] Running: cat \.\/SHdataset\/ERR657227\/PROKKA_06122025\.sprot\.tmp\.2965652\.faa | parallel --gnu --plain -j 8 --block 37893 --recstart '>' --pipe blastp -query - -db /hps/software/users/jlees/vrbouza/miniforge3/envs/prokka/db/kingdom/Bacteria/sprot -evalue 1e-09 -qcov_hsp_perc 80 -num_threads 1 -num_descriptions 1 -num_alignments 1 -seg no > \.\/SHdataset\/ERR657227\/PROKKA_06122025\.sprot\.tmp\.2965652\.blast 2> /dev/null
[13:27:22] Modify product: Putative zinc metalloprotease SA1105 => Putative zinc metalloprotease
[13:27:22] Modify product: Uncharacterized HTH-type transcriptional regulator YdjF => putative HTH-type transcriptional regulator YdjF
[13:27:22] Modify product: Uncharacterized protein HI_0131 => putative protein
[13:27:22] Modify product: UPF0210 protein SP_0239 => hypothetical protein
[13:27:22] Modify product: UPF0237 protein SP_0238 => hypothetical protein
[13:27:22] Modify product: UPF0473 protein SP_0194 => hypothetical protein
[13:27:22] Modify product: UPF0297 protein SP_0192 => hypothetical protein
[13:27:22] Modify product: Probable murein peptide carboxypeptidase => putative murein peptide carboxypeptidase
[13:27:22] Modify product: Uncharacterized HTH-type transcriptional regulator SACOL2360 => putative HTH-type transcriptional regulator
[13:27:22] Modify product: Probable metallo-hydrolase M6_Spy0554 => putative metallo-hydrolase
[13:27:22] Modify product: Uncharacterized ABC transporter ATP-binding protein Rv0986 => putative ABC transporter ATP-binding protein
[13:27:22] Modify product: Uncharacterized HTH-type transcriptional regulator YbbH => putative HTH-type transcriptional regulator YbbH
[13:27:22] Modify product: Uncharacterized oxidoreductase YjhC => putative oxidoreductase YjhC
[13:27:22] Modify product: Uncharacterized HTH-type transcriptional regulator YbbH => putative HTH-type transcriptional regulator YbbH
[13:27:22] Modify product: Uncharacterized multiple-sugar transport system permease YteP => putative multiple-sugar transport system permease YteP
[13:27:22] Modify product: Probable deferrochelatase/peroxidase EfeN => putative deferrochelatase/peroxidase EfeN
[13:27:22] Modify product: Probable bifunctional oligoribonuclease and PAP phosphatase NrnA => putative bifunctional oligoribonuclease and PAP phosphatase NrnA
[13:27:22] Modify product: Putative phosphatase M6_Spy0533 => Putative phosphatase
[13:27:22] Modify product: UPF0122 protein SP_1288 => hypothetical protein
[13:27:22] Modify product: Protease HtpX homolog => Protease HtpX 
[13:27:22] Modify product: Uncharacterized ABC transporter ATP-binding protein YheS => putative ABC transporter ATP-binding protein YheS
[13:27:22] Modify product: Uncharacterized protein SA1069 => putative protein
[13:27:22] Modify product: Uncharacterized protein Spy1614 => putative protein
[13:27:22] Modify product: Uncharacterized protein Spy1535 => putative protein
[13:27:22] Modify product: UPF0398 protein SP_0371 => hypothetical protein
[13:27:22] Modify product: Uncharacterized sugar transferase EpsL => putative sugar transferase EpsL
[13:27:22] Modify product: Probable capsular polysaccharide biosynthesis protein YwqC => putative capsular polysaccharide biosynthesis protein YwqC
[13:27:22] Modify product: UPF0371 protein DIP2346 => hypothetical protein
[13:27:22] Modify product: Probable ATP-dependent Clp protease ATP-binding subunit => putative ATP-dependent Clp protease ATP-binding subunit
[13:27:22] Modify product: Glutathione peroxidase homolog BsaA => Glutathione peroxidase BsaA
[13:27:22] Modify product: Probable licABCH operon regulator => putative licABCH operon regulator
[13:27:22] Modify product: Phosphate-specific transport system accessory protein PhoU homolog => Phosphate-specific transport system accessory protein PhoU 
[13:27:22] Modify product: UPF0342 protein SP_1372 => hypothetical protein
[13:27:22] Modify product: Uncharacterized ABC transporter ATP-binding protein Rv1273c => putative ABC transporter ATP-binding protein
[13:27:22] Modify product: Acetyltransferase PA3944 => Acetyltransferase
[13:27:22] Modify product: UPF0346 protein SP_0947 => hypothetical protein
[13:27:22] Modify product: Probable transcription repressor NiaR => putative transcription repressor NiaR
[13:27:22] Modify product: Probable ATP-dependent RNA helicase YfmL => putative ATP-dependent RNA helicase YfmL
[13:27:22] Modify product: UPF0291 protein SP_1473 => hypothetical protein
[13:27:22] Modify product: Probable NADH oxidase => putative NADH oxidase
[13:27:22] Modify product: UPF0073 inner membrane protein YqfA => hypothetical protein
[13:27:22] Modify product: Probable amino-acid permease protein YxeN => putative amino-acid permease protein YxeN
[13:27:22] Modify product: Uncharacterized inner membrane transporter YicL => putative inner membrane transporter YicL
[13:27:22] Modify product: Uncharacterized ABC transporter ATP-binding protein TM_0288 => putative ABC transporter ATP-binding protein
[13:27:22] Modify product: UPF0223 protein BH2638 => hypothetical protein
[13:27:22] Modify product: UPF0356 protein SP_0122 => hypothetical protein
[13:27:22] Modify product: Putative transport protein Rv0205 => Putative transport protein
[13:27:22] Modify product: Probable manganese-dependent inorganic pyrophosphatase => putative manganese-dependent inorganic pyrophosphatase
[13:27:22] Modify product: UPF0213 protein SP_1535 => hypothetical protein
[13:27:22] Modify product: Putative trans-acting regulator SP_1800 => Putative trans-acting regulator
[13:27:22] Modify product: DegV domain-containing protein spr1415 => DegV domain-containing protein
[13:27:22] Modify product: Probable cell division protein WhiA => putative cell division protein WhiA
[13:27:22] Modify product: Probable GTP-binding protein EngB => putative GTP-binding protein EngB
[13:27:22] Modify product: Uncharacterized MFS-type transporter YhjX => putative MFS-type transporter YhjX
[13:27:22] Modify product: Probable pyridine nucleotide-disulfide oxidoreductase RclA => putative pyridine nucleotide-disulfide oxidoreductase RclA
[13:27:22] Modify product: GTP cyclohydrolase 1 type 2 homolog => GTP cyclohydrolase 1 type 2 
[13:27:22] Modify product: Uncharacterized protein YbbA => putative protein YbbA
[13:27:22] Modify product: Probable tRNA sulfurtransferase => putative tRNA sulfurtransferase
[13:27:22] Modify product: UPF0051 protein SA0778 => hypothetical protein
[13:27:22] Modify product: UPF0051 protein SA0778 => hypothetical protein
[13:27:22] Modify product: Probable ABC transporter ATP-binding protein M6_Spy0273 => putative ABC transporter ATP-binding protein
[13:27:22] Modify product: Tyrosine recombinase XerD-like => Tyrosine recombinase XerD-like protein
[13:27:22] Modify product: Probable multidrug resistance ABC transporter ATP-binding/permease protein YheI => putative multidrug resistance ABC transporter ATP-binding/permease protein YheI
[13:27:22] Modify product: Probable multidrug resistance ABC transporter ATP-binding/permease protein YheH => putative multidrug resistance ABC transporter ATP-binding/permease protein YheH
[13:27:22] Modify product: Putative trans-acting regulator SP_1800 => Putative trans-acting regulator
[13:27:22] Modify product: Uncharacterized multiple-sugar transport system permease YteP => putative multiple-sugar transport system permease YteP
[13:27:22] Modify product: Uncharacterized AAA domain-containing protein Rv2559c => putative AAA domain-containing protein
[13:27:22] Modify product: Uncharacterized ABC transporter permease YknZ => putative ABC transporter permease YknZ
[13:27:22] Modify product: Uncharacterized ABC transporter ATP-binding protein YknY => putative ABC transporter ATP-binding protein YknY
[13:27:22] Modify product: Uncharacterized ABC transporter ATP-binding protein YbiT => putative ABC transporter ATP-binding protein YbiT
[13:27:22] Modify product: Probable dual-specificity RNA methyltransferase RlmN => putative dual-specificity RNA methyltransferase RlmN
[13:27:22] Modify product: Uncharacterized protein YqeN => putative protein YqeN
[13:27:22] Modify product: Probable dihydroorotate dehydrogenase A (fumarate) => putative dihydroorotate dehydrogenase A (fumarate)
[13:27:22] Modify product: DegV domain-containing protein spr0652 => DegV domain-containing protein
[13:27:22] Modify product: Uncharacterized protein HI_0933 => putative protein
[13:27:22] Modify product: Probable copper-transporting ATPase PacS => putative copper-transporting ATPase PacS
[13:27:22] Modify product: Probable glutamine ABC transporter permease protein GlnM => putative glutamine ABC transporter permease protein GlnM
[13:27:22] Modify product: Uncharacterized RNA methyltransferase SP_1029 => putative RNA methyltransferase
[13:27:22] Modify product: Probable siderophore transport system permease protein YfhA => putative siderophore transport system permease protein YfhA
[13:27:22] Modify product: Putative lipid kinase SP_1045 => Putative lipid kinase
[13:27:22] Modify product: Probable peptidoglycan glycosyltransferase FtsW => putative peptidoglycan glycosyltransferase FtsW
[13:27:22] Modify product: Uncharacterized oxidoreductase SA2266 => putative oxidoreductase
[13:27:22] Modify product: UPF0340 protein YwlG => hypothetical protein
[13:27:22] Modify product: Uncharacterized response regulatory protein SACOL0201 => putative response regulatory protein
[13:27:22] Modify product: Probable ribosomal protein YlxQ => putative ribosomal protein YlxQ
[13:27:23] Modify product: Uncharacterized ABC transporter ATP-binding protein YbiT => putative ABC transporter ATP-binding protein YbiT
[13:27:23] Modify product: Uncharacterized protein YccU => putative protein YccU
[13:27:23] Modify product: UPF0324 inner membrane protein YeiH => hypothetical protein
[13:27:23] Modify product: Probable N-acetyl-LL-diaminopimelate aminotransferase => putative N-acetyl-LL-diaminopimelate aminotransferase
[13:27:23] Modify product: Probable ABC transporter ATP-binding/permease protein HI_0664 => putative ABC transporter ATP-binding/permease protein
[13:27:23] Modify product: Probable glycerol uptake facilitator protein => putative glycerol uptake facilitator protein
[13:27:23] Modify product: Putative dipeptidase SA1572 => Putative dipeptidase
[13:27:23] Modify product: Probable FMN/FAD exporter YeeO => putative FMN/FAD exporter YeeO
[13:27:23] Modify product: Uncharacterized inner membrane transporter YicL => putative inner membrane transporter YicL
[13:27:23] Modify product: Uncharacterized protein YqgN => putative protein YqgN
[13:27:23] Modify product: Phosphate-specific transport system accessory protein PhoU homolog => Phosphate-specific transport system accessory protein PhoU 
[13:27:23] Modify product: Uncharacterized protein YqeH => putative protein YqeH
[13:27:23] Modify product: Uncharacterized MscS family protein YkuT => putative MscS family protein YkuT
[13:27:23] Modify product: Uncharacterized protein YlbL => putative protein YlbL
[13:27:23] Modify product: UPF0053 protein HI_0107 => hypothetical protein
[13:27:23] Modify product: Uncharacterized protein YhaP => putative protein YhaP
[13:27:23] Modify product: Multidrug efflux system ATP-binding protein Rv1218c => Multidrug efflux system ATP-binding protein
[13:27:23] Modify product: Probable nicotinate-nucleotide pyrophosphorylase [carboxylating] => putative nicotinate-nucleotide pyrophosphorylase [carboxylating]
[13:27:23] Modify product: Probable L-ascorbate-6-phosphate lactonase UlaG => putative L-ascorbate-6-phosphate lactonase UlaG
[13:27:23] Modify product: Probable licABCH operon regulator => putative licABCH operon regulator
[13:27:23] Modify product: Uncharacterized protein Spy1595 => putative protein
[13:27:23] Modify product: Putative NAD(P)H nitroreductase Spy0809 => Putative NAD(P)H nitroreductase
[13:27:23] Modify product: Probable glutamine ABC transporter permease protein GlnM => putative glutamine ABC transporter permease protein GlnM
[13:27:23] Modify product: Probable glutamine ABC transporter permease protein GlnP => putative glutamine ABC transporter permease protein GlnP
[13:27:23] Modify product: Uncharacterized ABC transporter ATP-binding protein Rv0986 => putative ABC transporter ATP-binding protein
[13:27:23] Modify product: DegV domain-containing protein SP_1112 => DegV domain-containing protein
[13:27:23] Modify product: Nucleoid-associated protein SP_1102 => Nucleoid-associated protein
[13:27:23] Modify product: Putative glutamine amidotransferase Rv2859c => Putative glutamine amidotransferase
[13:27:23] Modify product: UPF0758 protein SP_1088 => hypothetical protein
[13:27:23] Modify product: Probable type I restriction enzyme BthVORF4518P M protein => putative type I restriction enzymeP M protein
[13:27:23] Modify product: Uncharacterized ABC transporter ATP-binding protein YknY => putative ABC transporter ATP-binding protein YknY
[13:27:23] Modify product: Probable transcriptional regulatory protein YeeN => putative transcriptional regulatory protein YeeN
[13:27:23] Modify product: Uncharacterized ABC transporter ATP-binding protein Rv1273c => putative ABC transporter ATP-binding protein
[13:27:23] Modify product: Uncharacterized ABC transporter ATP-binding protein TM_0288 => putative ABC transporter ATP-binding protein
[13:27:23] Modify product: UPF0374 protein SP_1903 => hypothetical protein
[13:27:23] Modify product: Bifunctional protein FolD => Bifunctional protein FolD protein
[13:27:23] Modify product: Probable riboflavin import permease protein RfuC => putative riboflavin import permease protein RfuC
[13:27:23] Modify product: Probable DNA-directed RNA polymerase subunit delta => putative DNA-directed RNA polymerase subunit delta
[13:27:23] Modify product: UPF0397 protein SP_0482 => hypothetical protein
[13:27:23] Modify product: Uncharacterized metal-dependent hydrolase YcfH => putative metal-dependent hydrolase YcfH
[13:27:23] Modify product: Uncharacterized ABC transporter ATP-binding protein YknY => putative ABC transporter ATP-binding protein YknY
[13:27:23] Modify product: Probable S-adenosyl-L-methionine-dependent methyltransferase TehB => putative S-adenosyl-L-methionine-dependent methyltransferase TehB
[13:27:23] Modify product: Probable protein-export membrane protein SecG => putative protein-export membrane protein SecG
[13:27:23] Modify product: Rqc2 homolog RqcH => Rqc2 RqcH
[13:27:23] Modify product: Uncharacterized multiple-sugar transport system permease YteP => putative multiple-sugar transport system permease YteP
[13:27:23] Modify product: UPF0176 protein SP_0095 => hypothetical protein
[13:27:23] Modify product: Uncharacterized transporter YycB => putative transporter YycB
[13:27:23] Modify product: Putative glutamine amidotransferase Rv2859c => Putative glutamine amidotransferase
[13:27:23] Modify product: Uncharacterized ABC transporter ATP-binding protein TM_0288 => putative ABC transporter ATP-binding protein
[13:27:23] Modify product: Uncharacterized ABC transporter ATP-binding protein Rv1273c => putative ABC transporter ATP-binding protein
[13:27:23] Modify product: Putative universal stress protein SA1532 => Putative universal stress protein
[13:27:23] Modify product: Uncharacterized amino acid permease YhdG => putative amino acid permease YhdG
[13:27:23] Cleaned 137 /product names
[13:27:23] Deleting unwanted file: ./SHdataset/ERR657227/PROKKA_06122025.sprot.tmp.2965652.faa
[13:27:23] Deleting unwanted file: ./SHdataset/ERR657227/PROKKA_06122025.sprot.tmp.2965652.blast
[13:27:23] There are still 920 unannotated CDS left (started with 2098)
[13:27:23] Will use hmmer3 to search against /hps/software/users/jlees/vrbouza/miniforge3/envs/prokka/db/hmm/HAMAP.hmm with 8 CPUs
[13:27:23] Running: cat \.\/SHdataset\/ERR657227\/PROKKA_06122025\.HAMAP\.hmm\.tmp\.2965652\.faa | parallel --gnu --plain -j 8 --block 13510 --recstart '>' --pipe hmmscan --noali --notextw --acc -E 1e-09 --cpu 1 /hps/software/users/jlees/vrbouza/miniforge3/envs/prokka/db/hmm/HAMAP.hmm /dev/stdin > \.\/SHdataset\/ERR657227\/PROKKA_06122025\.HAMAP\.hmm\.tmp\.2965652\.hmmer3 2> /dev/null
[13:27:29] Modify product: Protein SprT-like => Protein SprT-like protein
[13:27:29] Cleaned 1 /product names
[13:27:29] Deleting unwanted file: ./SHdataset/ERR657227/PROKKA_06122025.HAMAP.hmm.tmp.2965652.faa
[13:27:29] Deleting unwanted file: ./SHdataset/ERR657227/PROKKA_06122025.HAMAP.hmm.tmp.2965652.hmmer3
[13:27:29] Labelling remaining 830 proteins as 'hypothetical protein'
[13:27:29] Possible /pseudo 'putative protein' at contig00001 position 1883
[13:27:29] Possible /pseudo 'IS3 family transposase ISSpn11' at contig00001 position 44354
[13:27:29] Possible /pseudo 'IS3 family transposase ISSpn11' at contig00001 position 44625
[13:27:29] Possible /pseudo 'UDP-glucose 6-dehydrogenase' at contig00001 position 253881
[13:27:29] Possible /pseudo 'IS630 family transposase ISSpn2' at contig00003 position 25867
[13:27:29] Possible /pseudo 'Putative fluoride ion transporter CrcB' at contig00003 position 35221
[13:27:29] Possible /pseudo '3-isopropylmalate dehydrogenase' at contig00003 position 71004
[13:27:29] Possible /pseudo 'Coenzyme A biosynthesis bifunctional protein CoaBC' at contig00003 position 96970
[13:27:29] Possible /pseudo 'O-acetyl-L-homoserine sulfhydrylase' at contig00003 position 115965
[13:27:29] Possible /pseudo 'IS630 family transposase ISSpn2' at contig00004 position 10198
[13:27:29] Possible /pseudo 'Phosphate import ATP-binding protein PstB 3' at contig00004 position 81718
[13:27:29] Possible /pseudo 'Alanine dehydrogenase' at contig00005 position 11142
[13:27:29] Possible /pseudo 'Alanine dehydrogenase' at contig00005 position 11693
[13:27:29] Possible /pseudo 'Type-2 restriction enzyme DpnI' at contig00006 position 53914
[13:27:29] Possible /pseudo 'IS630 family transposase ISSpn2' at contig00007 position 69689
[13:27:29] Possible /pseudo 'IS630 family transposase IS630-Spn1' at contig00010 position 32985
[13:27:29] Possible /pseudo 'Pyrrolidone-carboxylate peptidase' at contig00015 position 41288
[13:27:29] Possible /pseudo 'Glycosyltransferase GlyG' at contig00017 position 33939
[13:27:29] Possible /pseudo 'Glycosyltransferase GlyE' at contig00017 position 35386
[13:27:29] Possible /pseudo 'UDP-N-acetylglucosamine--peptide N-acetylglucosaminyltransferase stabilizing protein GtfB' at contig00017 position 42045
[13:27:29] Possible /pseudo 'putative ABC transporter ATP-binding protein' at contig00018 position 23735
[13:27:29] Possible /pseudo 'Epoxyqueuosine reductase QueH' at contig00018 position 32863
[13:27:29] Found 998 unique /gene codes.
[13:27:29] Fixed 3 duplicate /gene - araQ_1 araQ_2 araQ_3
[13:27:29] Fixed 2 duplicate /gene - gmuD_1 gmuD_2
[13:27:29] Fixed 2 duplicate /gene - lacE_1 lacE_2
[13:27:29] Fixed 2 duplicate /gene - clpC_1 clpC_2
[13:27:29] Fixed 2 duplicate /gene - dpnC_1 dpnC_2
[13:27:29] Fixed 3 duplicate /gene - yteP_1 yteP_2 yteP_3
[13:27:29] Fixed 2 duplicate /gene - ybbH_1 ybbH_2
[13:27:29] Fixed 6 duplicate /gene - btuD_1 btuD_2 btuD_3 btuD_4 btuD_5 btuD_6
[13:27:29] Fixed 2 duplicate /gene - secA_1 secA_2
[13:27:29] Fixed 4 duplicate /gene - lacF_1 lacF_2 lacF_3 lacF_4
[13:27:29] Fixed 3 duplicate /gene - gtfA_1 gtfA_2 gtfA_3
[13:27:29] Fixed 2 duplicate /gene - lacC_1 lacC_2
[13:27:29] Fixed 2 duplicate /gene - ulaA_1 ulaA_2
[13:27:29] Fixed 3 duplicate /gene - sasA_1 sasA_2 sasA_3
[13:27:29] Fixed 2 duplicate /gene - yicL_1 yicL_2
[13:27:29] Fixed 2 duplicate /gene - gpmA_1 gpmA_2
[13:27:29] Fixed 3 duplicate /gene - pcp_1 pcp_2 pcp_3
[13:27:29] Fixed 2 duplicate /gene - sarA_1 sarA_2
[13:27:29] Fixed 2 duplicate /gene - adh_1 adh_2
[13:27:29] Fixed 4 duplicate /gene - xerC_1 xerC_2 xerC_3 xerC_4
[13:27:29] Fixed 2 duplicate /gene - sorC_1 sorC_2
[13:27:29] Fixed 2 duplicate /gene - agrA_1 agrA_2
[13:27:29] Fixed 2 duplicate /gene - mshD_1 mshD_2
[13:27:29] Fixed 3 duplicate /gene - ykoD_1 ykoD_2 ykoD_3
[13:27:29] Fixed 2 duplicate /gene - nanE_1 nanE_2
[13:27:29] Fixed 2 duplicate /gene - thiM_1 thiM_2
[13:27:29] Fixed 2 duplicate /gene - pepA_1 pepA_2
[13:27:29] Fixed 5 duplicate /gene - lytA_1 lytA_2 lytA_3 lytA_4 lytA_5
[13:27:29] Fixed 2 duplicate /gene - rluD_1 rluD_2
[13:27:29] Fixed 3 duplicate /gene - gph_1 gph_2 gph_3
[13:27:29] Fixed 2 duplicate /gene - rsuA_1 rsuA_2
[13:27:29] Fixed 2 duplicate /gene - apaH_1 apaH_2
[13:27:29] Fixed 3 duplicate /gene - lagD_1 lagD_2 lagD_3
[13:27:29] Fixed 5 duplicate /gene - glnQ_1 glnQ_2 glnQ_3 glnQ_4 glnQ_5
[13:27:29] Fixed 2 duplicate /gene - udk_1 udk_2
[13:27:29] Fixed 3 duplicate /gene - gtfB_1 gtfB_2 gtfB_3
[13:27:29] Fixed 2 duplicate /gene - agaA_1 agaA_2
[13:27:29] Fixed 2 duplicate /gene - thiE_1 thiE_2
[13:27:29] Fixed 2 duplicate /gene - queH_1 queH_2
[13:27:29] Fixed 2 duplicate /gene - coaBC_1 coaBC_2
[13:27:29] Fixed 2 duplicate /gene - glyE_1 glyE_2
[13:27:29] Fixed 3 duplicate /gene - dapH_1 dapH_2 dapH_3
[13:27:29] Fixed 2 duplicate /gene - cysA_1 cysA_2
[13:27:29] Fixed 2 duplicate /gene - lacR_1 lacR_2
[13:27:29] Fixed 2 duplicate /gene - yecS_1 yecS_2
[13:27:29] Fixed 2 duplicate /gene - nanA_1 nanA_2
[13:27:29] Fixed 2 duplicate /gene - fpgS_1 fpgS_2
[13:27:29] Fixed 2 duplicate /gene - IMPDH_1 IMPDH_2
[13:27:29] Fixed 2 duplicate /gene - ecsA_1 ecsA_2
[13:27:29] Fixed 2 duplicate /gene - licA_1 licA_2
[13:27:29] Fixed 2 duplicate /gene - dinG_1 dinG_2
[13:27:29] Fixed 3 duplicate /gene - manX_1 manX_2 manX_3
[13:27:29] Fixed 2 duplicate /gene - lcnD_1 lcnD_2
[13:27:29] Fixed 2 duplicate /gene - pepF1_1 pepF1_2
[13:27:29] Fixed 2 duplicate /gene - lacG_1 lacG_2
[13:27:29] Fixed 2 duplicate /gene - leuB_1 leuB_2
[13:27:29] Fixed 2 duplicate /gene - glgX_1 glgX_2
[13:27:29] Fixed 2 duplicate /gene - artM_1 artM_2
[13:27:29] Fixed 3 duplicate /gene - yknY_1 yknY_2 yknY_3
[13:27:29] Fixed 3 duplicate /gene - ssb_1 ssb_2 ssb_3
[13:27:29] Fixed 2 duplicate /gene - arlR_1 arlR_2
[13:27:29] Fixed 2 duplicate /gene - bglK_1 bglK_2
[13:27:29] Fixed 2 duplicate /gene - smc_1 smc_2
[13:27:29] Fixed 2 duplicate /gene - yxdL_1 yxdL_2
[13:27:29] Fixed 4 duplicate /gene - licC_1 licC_2 licC_3 licC_4
[13:27:29] Fixed 2 duplicate /gene - deoD_1 deoD_2
[13:27:29] Fixed 2 duplicate /gene - ccpA_1 ccpA_2
[13:27:29] Fixed 2 duplicate /gene - murA1_1 murA1_2
[13:27:29] Fixed 3 duplicate /gene - argR_1 argR_2 argR_3
[13:27:29] Fixed 2 duplicate /gene - ruvB_1 ruvB_2
[13:27:29] Fixed 2 duplicate /gene - tenA_1 tenA_2
[13:27:29] Fixed 2 duplicate /gene - bglA_1 bglA_2
[13:27:29] Fixed 2 duplicate /gene - yidA_1 yidA_2
[13:27:29] Fixed 2 duplicate /gene - ecfT_1 ecfT_2
[13:27:29] Fixed 2 duplicate /gene - tagU_1 tagU_2
[13:27:29] Fixed 2 duplicate /gene - galK_1 galK_2
[13:27:29] Fixed 2 duplicate /gene - tadA_1 tadA_2
[13:27:29] Fixed 2 duplicate /gene - ettA_1 ettA_2
[13:27:29] Fixed 2 duplicate /gene - ybiT_1 ybiT_2
[13:27:29] Fixed 2 duplicate /gene - phoU_1 phoU_2
[13:27:29] Fixed 2 duplicate /gene - cutC_1 cutC_2
[13:27:29] Fixed 2 duplicate /gene - dsbD_1 dsbD_2
[13:27:29] Fixed 2 duplicate /gene - licR_1 licR_2
[13:27:29] Fixed 2 duplicate /gene - crcB_1 crcB_2
[13:27:29] Fixed 2 duplicate /gene - ptsG_1 ptsG_2
[13:27:29] Fixed 3 duplicate /gene - ald_1 ald_2 ald_3
[13:27:29] Fixed 2 duplicate /gene - spxA_1 spxA_2
[13:27:29] Fixed 3 duplicate /gene - COQ5_1 COQ5_2 COQ5_3
[13:27:29] Fixed 2 duplicate /gene - secY_1 secY_2
[13:27:29] Fixed 2 duplicate /gene - gatC_1 gatC_2
[13:27:29] Fixed 2 duplicate /gene - levE_1 levE_2
[13:27:29] Fixed 2 duplicate /gene - arnC_1 arnC_2
[13:27:29] Fixed 2 duplicate /gene - recF_1 recF_2
[13:27:29] Fixed 3 duplicate /gene - pstB3_1 pstB3_2 pstB3_3
[13:27:29] Fixed 2 duplicate /gene - iscS_1 iscS_2
[13:27:29] Fixed 2 duplicate /gene - licT_1 licT_2
[13:27:29] Fixed 2 duplicate /gene - resA_1 resA_2
[13:27:29] Fixed 2 duplicate /gene - def_1 def_2
[13:27:29] Fixed 2 duplicate /gene - glnM_1 glnM_2
[13:27:29] Fixed 4 duplicate /gene - glyG_1 glyG_2 glyG_3 glyG_4
[13:27:29] Fixed 4 duplicate /gene - manZ_1 manZ_2 manZ_3 manZ_4
[13:27:29] Fixed 101 colliding /gene names.
[13:27:29] Adding /locus_tag identifiers
[13:27:29] Assigned 2138 locus_tags to CDS and RNA features.
[13:27:29] Writing outputs to ./SHdataset/ERR657227/
[13:27:30] Generating annotation statistics file
[13:27:30] Generating Genbank and Sequin files
[13:27:30] Running: tbl2asn -V b -a r10k -l paired-ends -M n -N 1 -y 'Annotated using prokka 1.14.6 from https://github.com/tseemann/prokka' -Z \.\/SHdataset\/ERR657227\/PROKKA_06122025\.err -i \.\/SHdataset\/ERR657227\/PROKKA_06122025\.fsa 2> /dev/null
[13:27:35] Deleting unwanted file: ./SHdataset/ERR657227/errorsummary.val
[13:27:35] Deleting unwanted file: ./SHdataset/ERR657227/PROKKA_06122025.dr
[13:27:35] Deleting unwanted file: ./SHdataset/ERR657227/PROKKA_06122025.fixedproducts
[13:27:35] Deleting unwanted file: ./SHdataset/ERR657227/PROKKA_06122025.ecn
[13:27:35] Deleting unwanted file: ./SHdataset/ERR657227/PROKKA_06122025.val
[13:27:35] Repairing broken .GBK output that tbl2asn produces...
[13:27:35] Running: sed 's/COORDINATES: profile/COORDINATES:profile/' < \.\/SHdataset\/ERR657227\/PROKKA_06122025\.gbf > \.\/SHdataset\/ERR657227\/PROKKA_06122025\.gbk
[13:27:35] Deleting unwanted file: ./SHdataset/ERR657227/PROKKA_06122025.gbf
[13:27:35] Output files:
[13:27:35] ./SHdataset/ERR657227/PROKKA_06122025.faa
[13:27:35] ./SHdataset/ERR657227/PROKKA_06122025.tsv
[13:27:35] ./SHdataset/ERR657227/PROKKA_06122025.gff
[13:27:35] ./SHdataset/ERR657227/PROKKA_06122025.fna
[13:27:35] ./SHdataset/ERR657227/PROKKA_06122025.gbk
[13:27:35] ./SHdataset/ERR657227/PROKKA_06122025.fsa
[13:27:35] ./SHdataset/ERR657227/PROKKA_06122025.txt
[13:27:35] ./SHdataset/ERR657227/PROKKA_06122025.tbl
[13:27:35] ./SHdataset/ERR657227/PROKKA_06122025.sqn
[13:27:35] ./SHdataset/ERR657227/PROKKA_06122025.err
[13:27:35] ./SHdataset/ERR657227/PROKKA_06122025.log
[13:27:35] ./SHdataset/ERR657227/PROKKA_06122025.ffn
[13:27:35] Annotation finished successfully.
[13:27:35] Walltime used: 0.77 minutes
[13:27:35] If you use this result please cite the Prokka paper:
[13:27:35] Seemann T (2014) Prokka: rapid prokaryotic genome annotation. Bioinformatics. 30(14):2068-9.
[13:27:35] Type 'prokka --citation' for more details.
[13:27:35] Thank you, come again.
