[12:52:55] This is prokka 1.14.6
[12:52:55] Written by Torsten Seemann <torsten.seemann@gmail.com>
[12:52:55] Homepage is https://github.com/tseemann/prokka
[12:52:55] Local time is Thu Jun 12 12:52:55 2025
[12:52:55] You are vrbouza
[12:52:55] Operating system is linux
[12:52:55] You have BioPerl 1.7.8
[12:52:55] System has 48 cores.
[12:52:55] Will use maximum of 8 cores.
[12:52:55] Annotating as >>> Bacteria <<<
[12:52:55] Generating locus_tag from '/nfs/research/jlees/vrbouza/data/clustering_benchmarking/2025_05_14_initialLeoniedata/SHdataset/ERR044905.fa' contents.
[12:52:55] Setting --locustag BELOPBAG from MD5 be589ba0bbf5c0c6b9000fdd58dcf89f
[12:52:55] Creating new output folder: ./SHdataset/ERR044905
[12:52:55] Running: mkdir -p \.\/SHdataset\/ERR044905
[12:52:55] Using filename prefix: PROKKA_06122025.XXX
[12:52:55] Setting HMMER_NCPU=1
[12:52:55] Writing log to: ./SHdataset/ERR044905/PROKKA_06122025.log
[12:52:55] Command: /hps/software/users/jlees/vrbouza/miniforge3/envs/prokka/bin/prokka --outdir ./SHdataset/ERR044905 /nfs/research/jlees/vrbouza/data/clustering_benchmarking/2025_05_14_initialLeoniedata/SHdataset/ERR044905.fa
[12:52:55] Appending to PATH: /hps/software/users/jlees/vrbouza/miniforge3/envs/prokka/bin
[12:52:55] Looking for 'aragorn' - found /hps/software/users/jlees/vrbouza/miniforge3/envs/prokka/bin/aragorn
[12:52:55] Determined aragorn version is 001002 from 'ARAGORN v1.2.41 Dean Laslett'
[12:52:55] Looking for 'barrnap' - found /hps/software/users/jlees/vrbouza/miniforge3/envs/prokka/bin/barrnap
[12:52:55] Determined barrnap version is 000009 from 'barrnap 0.9'
[12:52:55] Looking for 'blastp' - found /hps/software/users/jlees/vrbouza/miniforge3/envs/prokka/bin/blastp
[12:52:56] Determined blastp version is 002016 from 'blastp: 2.16.0+'
[12:52:56] Looking for 'cmpress' - found /hps/software/users/jlees/vrbouza/miniforge3/envs/prokka/bin/cmpress
[12:52:56] Determined cmpress version is 001001 from '# INFERNAL 1.1.5 (Sep 2023)'
[12:52:56] Looking for 'cmscan' - found /hps/software/users/jlees/vrbouza/miniforge3/envs/prokka/bin/cmscan
[12:52:56] Determined cmscan version is 001001 from '# INFERNAL 1.1.5 (Sep 2023)'
[12:52:56] Looking for 'egrep' - found /usr/bin/egrep
[12:52:56] Looking for 'find' - found /usr/bin/find
[12:52:56] Looking for 'grep' - found /usr/bin/grep
[12:52:56] Looking for 'hmmpress' - found /hps/software/users/jlees/vrbouza/miniforge3/envs/prokka/bin/hmmpress
[12:52:56] Determined hmmpress version is 003004 from '# HMMER 3.4 (Aug 2023); http://hmmer.org/'
[12:52:56] Looking for 'hmmscan' - found /hps/software/users/jlees/vrbouza/miniforge3/envs/prokka/bin/hmmscan
[12:52:56] Determined hmmscan version is 003004 from '# HMMER 3.4 (Aug 2023); http://hmmer.org/'
[12:52:56] Looking for 'java' - found /hps/software/users/jlees/vrbouza/miniforge3/envs/prokka/bin/java
[12:52:56] Looking for 'makeblastdb' - found /hps/software/users/jlees/vrbouza/miniforge3/envs/prokka/bin/makeblastdb
[12:52:56] Determined makeblastdb version is 002016 from 'makeblastdb: 2.16.0+'
[12:52:56] Looking for 'minced' - found /hps/software/users/jlees/vrbouza/miniforge3/envs/prokka/bin/minced
[12:52:56] Determined minced version is 004002 from 'minced 0.4.2'
[12:52:56] Looking for 'parallel' - found /hps/software/users/jlees/vrbouza/miniforge3/envs/prokka/bin/parallel
[12:52:56] Determined parallel version is 20250422 from 'GNU parallel 20250422'
[12:52:56] Looking for 'prodigal' - found /hps/software/users/jlees/vrbouza/miniforge3/envs/prokka/bin/prodigal
[12:52:56] Determined prodigal version is 002006 from 'Prodigal V2.6.3: February, 2016'
[12:52:56] Looking for 'prokka-genbank_to_fasta_db' - found /hps/software/users/jlees/vrbouza/miniforge3/envs/prokka/bin/prokka-genbank_to_fasta_db
[12:52:56] Looking for 'sed' - found /usr/bin/sed
[12:52:56] Looking for 'tbl2asn' - found /hps/software/users/jlees/vrbouza/miniforge3/envs/prokka/bin/tbl2asn
[12:52:56] Determined tbl2asn version is 025007 from 'tbl2asn 25.7   arguments:'
[12:52:56] Using genetic code table 11.
[12:52:56] Loading and checking input file: /nfs/research/jlees/vrbouza/data/clustering_benchmarking/2025_05_14_initialLeoniedata/SHdataset/ERR044905.fa
[12:52:56] Wrote 426 contigs totalling 2124464 bp.
[12:52:56] Predicting tRNAs and tmRNAs
[12:52:56] Running: aragorn -l -gc11  -w \.\/SHdataset\/ERR044905\/PROKKA_06122025\.fna
[12:52:57] 1 tRNA-Thr [9796,9868] 34 (ggt)
[12:52:57] 1 tRNA-Ser [60,149] 36 (gct)
[12:52:57] 1 tRNA-Arg c[26238,26311] 35 (ccg)
[12:52:57] 2 tRNA-Arg c[69116,69187] 34 (cct)
[12:52:57] 1 tRNA-Lys [40802,40877] 35 (ctt)
[12:52:57] 1 tRNA-Arg [31484,31557] 35 (tct)
[12:52:57] 2 tRNA-Glu [33994,34065] 34 (ttc)
[12:52:57] 3 tRNA-Asn [34071,34144] 35 (gtt)
[12:52:57] 1 tRNA-Cys c[31884,31957] 34 (gca)
[12:52:57] 1 tmRNA [11227,11571] 83,118 AKNNTSYALAA*
[12:52:57] 2 tRNA-Ser c[11745,11835] 36 (gga)
[12:52:57] 1 tRNA-Leu [10346,10431] 35 (aag)
[12:52:57] 1 tRNA-Leu [62,147] 36 (caa)
[12:52:57] 1 tRNA-Phe c[15249,15346] 39 (aaa)
[12:52:57] 1 tRNA-Tyr [10360,10440] 35 (gta)
[12:52:57] 2 tRNA-Gln [10450,10521] 33 (ttg)
[12:52:57] 1 tRNA-Val [59,131] 34 (tac)
[12:52:57] 2 tRNA-Asp [134,206] 34 (gtc)
[12:52:57] 3 tRNA-Lys [231,303] 34 (ttt)
[12:52:57] 4 tRNA-Leu [308,391] 36 (tag)
[12:52:57] 5 tRNA-Thr [409,481] 34 (tgt)
[12:52:57] 6 tRNA-Gly [504,575] 33 (gcc)
[12:52:57] 7 tRNA-Leu [583,668] 35 (taa)
[12:52:57] 8 tRNA-Arg [678,751] 35 (acg)
[12:52:57] 9 tRNA-Pro [766,841] 36 (tgg)
[12:52:57] 1 tRNA-Ala c[3219,3293] 35 (tgc)
[12:52:57] 1 tRNA-Trp [67,139] 34 (cca)
[12:52:57] 2 tRNA-His [152,226] 35 (gtg)
[12:52:57] 1 tRNA-Met [55,130] 36 (cat)
[12:52:57] 2 tRNA-Met [143,216] 35 (cat)
[12:52:57] 1 tRNA-Ser [3,92] 37 (tga)
[12:52:57] 2 tRNA-Met [106,179] 35 (cat)
[12:52:57] 3 tRNA-Phe [183,255] 34 (gaa)
[12:52:57] 1 tRNA-Gly [72,142] 33 (tcc)
[12:52:57] 2 tRNA-Ile [177,252] 36 (gat)
[12:52:57] Found 35 tRNAs
[12:52:57] Predicting Ribosomal RNAs
[12:52:57] Running Barrnap with 8 threads
[12:52:58] 1 contig00058 6 5S ribosomal RNA
[12:52:58] 2 contig00058 197 23S ribosomal RNA
[12:52:58] 3 contig00058 3345 16S ribosomal RNA
[12:52:58] Found 3 rRNAs
[12:52:58] Skipping ncRNA search, enable with --rfam if desired.
[12:52:58] Total of 37 tRNA + rRNA features
[12:52:58] Searching for CRISPR repeats
[12:52:58] Found 0 CRISPRs
[12:52:58] Predicting coding sequences
[12:52:58] Contigs total 2124464 bp, so using single mode
[12:52:58] Running: prodigal -i \.\/SHdataset\/ERR044905\/PROKKA_06122025\.fna -c -m -g 11 -p single -f sco -q
[12:53:00] Excluding CDS which overlaps existing RNA (tRNA) at contig00032:13854..15395 on - strand
[12:53:00] Found 2068 CDS
[12:53:00] Connecting features back to sequences
[12:53:00] Not using genus-specific database. Try --usegenus to enable it.
[12:53:00] Annotating CDS, please be patient.
[12:53:00] Will use 8 CPUs for similarity searching.
[12:53:01] There are still 2068 unannotated CDS left (started with 2068)
[12:53:01] Will use blast to search against /hps/software/users/jlees/vrbouza/miniforge3/envs/prokka/db/kingdom/Bacteria/IS with 8 CPUs
[12:53:01] Running: cat \.\/SHdataset\/ERR044905\/PROKKA_06122025\.IS\.tmp\.2334021\.faa | parallel --gnu --plain -j 8 --block 37687 --recstart '>' --pipe blastp -query - -db /hps/software/users/jlees/vrbouza/miniforge3/envs/prokka/db/kingdom/Bacteria/IS -evalue 1e-30 -qcov_hsp_perc 90 -num_threads 1 -num_descriptions 1 -num_alignments 1 -seg no > \.\/SHdataset\/ERR044905\/PROKKA_06122025\.IS\.tmp\.2334021\.blast 2> /dev/null
[12:53:06] Deleting unwanted file: ./SHdataset/ERR044905/PROKKA_06122025.IS.tmp.2334021.faa
[12:53:06] Deleting unwanted file: ./SHdataset/ERR044905/PROKKA_06122025.IS.tmp.2334021.blast
[12:53:07] There are still 2042 unannotated CDS left (started with 2068)
[12:53:07] Will use blast to search against /hps/software/users/jlees/vrbouza/miniforge3/envs/prokka/db/kingdom/Bacteria/AMR with 8 CPUs
[12:53:07] Running: cat \.\/SHdataset\/ERR044905\/PROKKA_06122025\.AMR\.tmp\.2334021\.faa | parallel --gnu --plain -j 8 --block 37408 --recstart '>' --pipe blastp -query - -db /hps/software/users/jlees/vrbouza/miniforge3/envs/prokka/db/kingdom/Bacteria/AMR -evalue 1e-300 -qcov_hsp_perc 90 -num_threads 1 -num_descriptions 1 -num_alignments 1 -seg no > \.\/SHdataset\/ERR044905\/PROKKA_06122025\.AMR\.tmp\.2334021\.blast 2> /dev/null
[12:53:11] Deleting unwanted file: ./SHdataset/ERR044905/PROKKA_06122025.AMR.tmp.2334021.faa
[12:53:11] Deleting unwanted file: ./SHdataset/ERR044905/PROKKA_06122025.AMR.tmp.2334021.blast
[12:53:12] There are still 2042 unannotated CDS left (started with 2068)
[12:53:12] Will use blast to search against /hps/software/users/jlees/vrbouza/miniforge3/envs/prokka/db/kingdom/Bacteria/sprot with 8 CPUs
[12:53:12] Running: cat \.\/SHdataset\/ERR044905\/PROKKA_06122025\.sprot\.tmp\.2334021\.faa | parallel --gnu --plain -j 8 --block 37408 --recstart '>' --pipe blastp -query - -db /hps/software/users/jlees/vrbouza/miniforge3/envs/prokka/db/kingdom/Bacteria/sprot -evalue 1e-09 -qcov_hsp_perc 80 -num_threads 1 -num_descriptions 1 -num_alignments 1 -seg no > \.\/SHdataset\/ERR044905\/PROKKA_06122025\.sprot\.tmp\.2334021\.blast 2> /dev/null
[12:53:32] Modify product: Uncharacterized MscS family protein YkuT => putative MscS family protein YkuT
[12:53:32] Modify product: Uncharacterized AAA domain-containing protein Rv2559c => putative AAA domain-containing protein
[12:53:32] Modify product: Uncharacterized multiple-sugar transport system permease YteP => putative multiple-sugar transport system permease YteP
[12:53:32] Modify product: Putative trans-acting regulator SP_1800 => Putative trans-acting regulator
[12:53:32] Modify product: Uncharacterized protein SA1069 => putative protein
[12:53:32] Modify product: Uncharacterized protein Spy1614 => putative protein
[12:53:32] Modify product: Uncharacterized protein Spy1535 => putative protein
[12:53:32] Modify product: UPF0398 protein SP_0371 => hypothetical protein
[12:53:32] Modify product: UPF0356 protein SP_0122 => hypothetical protein
[12:53:32] Modify product: Uncharacterized HTH-type transcriptional regulator SACOL2360 => putative HTH-type transcriptional regulator
[12:53:32] Modify product: Probable murein peptide carboxypeptidase => putative murein peptide carboxypeptidase
[12:53:32] Modify product: UPF0297 protein SP_0192 => hypothetical protein
[12:53:32] Modify product: UPF0473 protein SP_0194 => hypothetical protein
[12:53:32] Modify product: UPF0237 protein SP_0238 => hypothetical protein
[12:53:32] Modify product: UPF0210 protein SP_0239 => hypothetical protein
[12:53:32] Modify product: Uncharacterized protein HI_0131 => putative protein
[12:53:32] Modify product: Uncharacterized HTH-type transcriptional regulator YdjF => putative HTH-type transcriptional regulator YdjF
[12:53:32] Modify product: Putative zinc metalloprotease SA1105 => Putative zinc metalloprotease
[12:53:32] Modify product: Uncharacterized ABC transporter ATP-binding protein YbiT => putative ABC transporter ATP-binding protein YbiT
[12:53:32] Modify product: Uncharacterized ABC transporter ATP-binding protein Rv0986 => putative ABC transporter ATP-binding protein
[12:53:32] Modify product: Probable glutamine ABC transporter permease protein GlnP => putative glutamine ABC transporter permease protein GlnP
[12:53:32] Modify product: Probable glutamine ABC transporter permease protein GlnM => putative glutamine ABC transporter permease protein GlnM
[12:53:32] Modify product: Putative NAD(P)H nitroreductase Spy0809 => Putative NAD(P)H nitroreductase
[12:53:32] Modify product: Putative universal stress protein SA1532 => Putative universal stress protein
[12:53:32] Modify product: Uncharacterized metal-dependent hydrolase YcfH => putative metal-dependent hydrolase YcfH
[12:53:32] Modify product: Uncharacterized ABC transporter ATP-binding protein YknY => putative ABC transporter ATP-binding protein YknY
[12:53:32] Modify product: Probable multidrug resistance ABC transporter ATP-binding/permease protein YheI => putative multidrug resistance ABC transporter ATP-binding/permease protein YheI
[12:53:32] Modify product: Probable multidrug resistance ABC transporter ATP-binding/permease protein YheH => putative multidrug resistance ABC transporter ATP-binding/permease protein YheH
[12:53:32] Modify product: Probable transcription repressor NiaR => putative transcription repressor NiaR
[12:53:32] Modify product: Uncharacterized ABC transporter ATP-binding protein YheS => putative ABC transporter ATP-binding protein YheS
[12:53:32] Modify product: Protease HtpX homolog => Protease HtpX 
[12:53:32] Modify product: UPF0122 protein SP_1288 => hypothetical protein
[12:53:32] Modify product: Putative phosphatase M6_Spy0533 => Putative phosphatase
[12:53:32] Modify product: Probable bifunctional oligoribonuclease and PAP phosphatase NrnA => putative bifunctional oligoribonuclease and PAP phosphatase NrnA
[12:53:32] Modify product: Uncharacterized protein YqeH => putative protein YqeH
[12:53:32] Modify product: Probable copper-transporting ATPase PacS => putative copper-transporting ATPase PacS
[12:53:32] Modify product: Probable glutamine ABC transporter permease protein GlnM => putative glutamine ABC transporter permease protein GlnM
[12:53:32] Modify product: Uncharacterized oxidoreductase YjhC => putative oxidoreductase YjhC
[12:53:32] Modify product: Uncharacterized HTH-type transcriptional regulator YbbH => putative HTH-type transcriptional regulator YbbH
[12:53:32] Modify product: Uncharacterized ABC transporter ATP-binding protein Rv0986 => putative ABC transporter ATP-binding protein
[12:53:32] Modify product: Probable metallo-hydrolase M6_Spy0554 => putative metallo-hydrolase
[12:53:32] Modify product: GTP cyclohydrolase 1 type 2 homolog => GTP cyclohydrolase 1 type 2 
[12:53:32] Modify product: Uncharacterized protein YpuA => putative protein YpuA
[12:53:32] Modify product: Uncharacterized RNA methyltransferase SP_1029 => putative RNA methyltransferase
[12:53:32] Modify product: Probable siderophore transport system permease protein YfhA => putative siderophore transport system permease protein YfhA
[12:53:32] Modify product: Putative lipid kinase SP_1045 => Putative lipid kinase
[12:53:32] Modify product: Probable peptidoglycan glycosyltransferase FtsW => putative peptidoglycan glycosyltransferase FtsW
[12:53:32] Modify product: Uncharacterized ABC transporter permease YknZ => putative ABC transporter permease YknZ
[12:53:32] Modify product: Uncharacterized ABC transporter ATP-binding protein YknY => putative ABC transporter ATP-binding protein YknY
[12:53:32] Modify product: Uncharacterized ABC transporter ATP-binding protein YbiT => putative ABC transporter ATP-binding protein YbiT
[12:53:32] Modify product: Probable dual-specificity RNA methyltransferase RlmN => putative dual-specificity RNA methyltransferase RlmN
[12:53:32] Modify product: Uncharacterized protein YqeN => putative protein YqeN
[12:53:32] Modify product: Probable dihydroorotate dehydrogenase A (fumarate) => putative dihydroorotate dehydrogenase A (fumarate)
[12:53:32] Modify product: DegV domain-containing protein spr0652 => DegV domain-containing protein
[12:53:32] Modify product: Uncharacterized protein HI_0933 => putative protein
[12:53:32] Modify product: Probable glycerol uptake facilitator protein => putative glycerol uptake facilitator protein
[12:53:32] Modify product: Putative dipeptidase SA1572 => Putative dipeptidase
[12:53:32] Modify product: Tyrosine recombinase XerD-like => Tyrosine recombinase XerD-like protein
[12:53:32] Modify product: Uncharacterized ABC transporter ATP-binding protein Rv1273c => putative ABC transporter ATP-binding protein
[12:53:32] Modify product: UPF0342 protein SP_1372 => hypothetical protein
[12:53:32] Modify product: Phosphate-specific transport system accessory protein PhoU homolog => Phosphate-specific transport system accessory protein PhoU 
[12:53:32] Modify product: UPF0223 protein BH2638 => hypothetical protein
[12:53:32] Modify product: Uncharacterized inner membrane transporter YicL => putative inner membrane transporter YicL
[12:53:32] Modify product: Probable amino-acid permease protein YxeN => putative amino-acid permease protein YxeN
[12:53:32] Modify product: UPF0073 inner membrane protein YqfA => hypothetical protein
[12:53:32] Modify product: Probable NADH oxidase => putative NADH oxidase
[12:53:32] Modify product: UPF0291 protein SP_1473 => hypothetical protein
[12:53:32] Modify product: Probable ATP-dependent RNA helicase YfmL => putative ATP-dependent RNA helicase YfmL
[12:53:32] Modify product: Putative transport protein Rv0205 => Putative transport protein
[12:53:32] Modify product: DegV domain-containing protein spr1415 => DegV domain-containing protein
[12:53:32] Modify product: Probable ABC transporter ATP-binding protein M6_Spy0273 => putative ABC transporter ATP-binding protein
[12:53:32] Modify product: UPF0051 protein SA0778 => hypothetical protein
[12:53:32] Modify product: UPF0051 protein SA0778 => hypothetical protein
[12:53:32] Modify product: Probable tRNA sulfurtransferase => putative tRNA sulfurtransferase
[12:53:32] Modify product: Uncharacterized transporter YycB => putative transporter YycB
[12:53:32] Modify product: UPF0176 protein SP_0095 => hypothetical protein
[12:53:32] Modify product: Uncharacterized multiple-sugar transport system permease YteP => putative multiple-sugar transport system permease YteP
[12:53:32] Modify product: Uncharacterized oxidoreductase SA2266 => putative oxidoreductase
[12:53:32] Modify product: UPF0340 protein YwlG => hypothetical protein
[12:53:32] Modify product: Uncharacterized response regulatory protein SACOL0201 => putative response regulatory protein
[12:53:32] Modify product: Uncharacterized protein YlbL => putative protein YlbL
[12:53:32] Modify product: UPF0053 protein HI_0107 => hypothetical protein
[12:53:32] Modify product: Uncharacterized ABC transporter ATP-binding protein YknY => putative ABC transporter ATP-binding protein YknY
[12:53:32] Modify product: Probable ribosomal protein YlxQ => putative ribosomal protein YlxQ
[12:53:32] Modify product: Probable type I restriction enzyme BthVORF4518P M protein => putative type I restriction enzymeP M protein
[12:53:32] Modify product: Probable manganese-dependent inorganic pyrophosphatase => putative manganese-dependent inorganic pyrophosphatase
[12:53:32] Modify product: UPF0213 protein SP_1535 => hypothetical protein
[12:53:32] Modify product: Probable pyridine nucleotide-disulfide oxidoreductase RclA => putative pyridine nucleotide-disulfide oxidoreductase RclA
[12:53:32] Modify product: Uncharacterized MFS-type transporter YhjX => putative MFS-type transporter YhjX
[12:53:32] Modify product: Probable GTP-binding protein EngB => putative GTP-binding protein EngB
[12:53:32] Modify product: Probable cell division protein WhiA => putative cell division protein WhiA
[12:53:32] Modify product: Probable ABC transporter ATP-binding/permease protein HI_0664 => putative ABC transporter ATP-binding/permease protein
[12:53:32] Modify product: Rqc2 homolog RqcH => Rqc2 RqcH
[12:53:32] Modify product: Probable protein-export membrane protein SecG => putative protein-export membrane protein SecG
[12:53:32] Modify product: Probable S-adenosyl-L-methionine-dependent methyltransferase TehB => putative S-adenosyl-L-methionine-dependent methyltransferase TehB
[12:53:32] Modify product: Uncharacterized protein Spy1595 => putative protein
[12:53:32] Modify product: Probable DNA-directed RNA polymerase subunit delta => putative DNA-directed RNA polymerase subunit delta
[12:53:32] Modify product: UPF0397 protein SP_0482 => hypothetical protein
[12:53:32] Modify product: Probable FMN/FAD exporter YeeO => putative FMN/FAD exporter YeeO
[12:53:32] Modify product: Multidrug efflux system ATP-binding protein Rv1218c => Multidrug efflux system ATP-binding protein
[12:53:32] Modify product: Uncharacterized protein YhaP => putative protein YhaP
[12:53:32] Modify product: Probable capsular polysaccharide biosynthesis protein YwqC => putative capsular polysaccharide biosynthesis protein YwqC
[12:53:32] Modify product: Probable transcriptional regulatory protein YeeN => putative transcriptional regulatory protein YeeN
[12:53:32] Modify product: Uncharacterized ABC transporter ATP-binding protein Rv1273c => putative ABC transporter ATP-binding protein
[12:53:32] Modify product: Uncharacterized ABC transporter ATP-binding protein TM_0288 => putative ABC transporter ATP-binding protein
[12:53:32] Modify product: Probable SapB synthase => putative SapB synthase
[12:53:32] Modify product: Bifunctional protein FolD => Bifunctional protein FolD protein
[12:53:32] Modify product: Probable riboflavin import permease protein RfuC => putative riboflavin import permease protein RfuC
[12:53:32] Modify product: Uncharacterized oxidoreductase YjhC => putative oxidoreductase YjhC
[12:53:33] Modify product: Glutathione peroxidase homolog BsaA => Glutathione peroxidase BsaA
[12:53:33] Modify product: Probable ATP-dependent Clp protease ATP-binding subunit => putative ATP-dependent Clp protease ATP-binding subunit
[12:53:33] Modify product: UPF0371 protein DIP2346 => hypothetical protein
[12:53:33] Modify product: Probable licABCH operon regulator => putative licABCH operon regulator
[12:53:33] Modify product: Probable L-ascorbate-6-phosphate lactonase UlaG => putative L-ascorbate-6-phosphate lactonase UlaG
[12:53:33] Modify product: Probable nicotinate-nucleotide pyrophosphorylase [carboxylating] => putative nicotinate-nucleotide pyrophosphorylase [carboxylating]
[12:53:33] Modify product: Uncharacterized ABC transporter ATP-binding protein Rv1273c => putative ABC transporter ATP-binding protein
[12:53:33] Modify product: Phosphate-specific transport system accessory protein PhoU homolog => Phosphate-specific transport system accessory protein PhoU 
[12:53:33] Modify product: Uncharacterized protein YqgN => putative protein YqgN
[12:53:33] Modify product: Uncharacterized inner membrane transporter YicL => putative inner membrane transporter YicL
[12:53:33] Modify product: DegV domain-containing protein SP_1112 => DegV domain-containing protein
[12:53:33] Modify product: Uncharacterized ABC transporter ATP-binding protein YheS => putative ABC transporter ATP-binding protein YheS
[12:53:33] Modify product: UPF0374 protein SP_1903 => hypothetical protein
[12:53:33] Modify product: UPF0758 protein SP_1088 => hypothetical protein
[12:53:33] Modify product: Putative glutamine amidotransferase Rv2859c => Putative glutamine amidotransferase
[12:53:33] Modify product: UPF0346 protein SP_0947 => hypothetical protein
[12:53:33] Modify product: Sulfurtransferase Alvin_2599 => Sulfurtransferase
[12:53:33] Modify product: Putative glutamine amidotransferase Rv2859c => Putative glutamine amidotransferase
[12:53:33] Modify product: Uncharacterized ABC transporter ATP-binding protein TM_0288 => putative ABC transporter ATP-binding protein
[12:53:33] Modify product: Uncharacterized amino acid permease YhdG => putative amino acid permease YhdG
[12:53:33] Modify product: Uncharacterized protein YccU => putative protein YccU
[12:53:33] Modify product: UPF0324 inner membrane protein YeiH => hypothetical protein
[12:53:33] Modify product: Probable N-acetyl-LL-diaminopimelate aminotransferase => putative N-acetyl-LL-diaminopimelate aminotransferase
[12:53:33] Modify product: Nucleoid-associated protein SP_1102 => Nucleoid-associated protein
[12:53:33] Cleaned 133 /product names
[12:53:33] Deleting unwanted file: ./SHdataset/ERR044905/PROKKA_06122025.sprot.tmp.2334021.faa
[12:53:33] Deleting unwanted file: ./SHdataset/ERR044905/PROKKA_06122025.sprot.tmp.2334021.blast
[12:53:33] There are still 900 unannotated CDS left (started with 2068)
[12:53:33] Will use hmmer3 to search against /hps/software/users/jlees/vrbouza/miniforge3/envs/prokka/db/hmm/HAMAP.hmm with 8 CPUs
[12:53:33] Running: cat \.\/SHdataset\/ERR044905\/PROKKA_06122025\.HAMAP\.hmm\.tmp\.2334021\.faa | parallel --gnu --plain -j 8 --block 13080 --recstart '>' --pipe hmmscan --noali --notextw --acc -E 1e-09 --cpu 1 /hps/software/users/jlees/vrbouza/miniforge3/envs/prokka/db/hmm/HAMAP.hmm /dev/stdin > \.\/SHdataset\/ERR044905\/PROKKA_06122025\.HAMAP\.hmm\.tmp\.2334021\.hmmer3 2> /dev/null
[12:53:39] Modify product: Protein SprT-like => Protein SprT-like protein
[12:53:39] Cleaned 1 /product names
[12:53:39] Deleting unwanted file: ./SHdataset/ERR044905/PROKKA_06122025.HAMAP.hmm.tmp.2334021.faa
[12:53:39] Deleting unwanted file: ./SHdataset/ERR044905/PROKKA_06122025.HAMAP.hmm.tmp.2334021.hmmer3
[12:53:39] Labelling remaining 818 proteins as 'hypothetical protein'
[12:53:39] Possible /pseudo 'Phosphate import ATP-binding protein PstB 3' at contig00001 position 43186
[12:53:39] Possible /pseudo 'IS630 family transposase ISSpn2' at contig00004 position 46066
[12:53:39] Possible /pseudo 'Coenzyme A biosynthesis bifunctional protein CoaBC' at contig00008 position 7221
[12:53:39] Possible /pseudo 'Putative fluoride ion transporter CrcB' at contig00008 position 70018
[12:53:39] Possible /pseudo 'Serine/threonine transporter SstT' at contig00009 position 23291
[12:53:39] Possible /pseudo 'putative protein' at contig00010 position 12994
[12:53:39] Possible /pseudo 'IS5 family transposase ISSpn7' at contig00014 position 23511
[12:53:39] Possible /pseudo 'Pyrrolidone-carboxylate peptidase' at contig00024 position 8001
[12:53:39] Possible /pseudo 'Hyaluronate lyase' at contig00026 position 3206
[12:53:39] Possible /pseudo 'putative ABC transporter ATP-binding protein' at contig00040 position 6239
[12:53:39] Found 1005 unique /gene codes.
[12:53:39] Fixed 2 duplicate /gene - ptsG_1 ptsG_2
[12:53:39] Fixed 2 duplicate /gene - mshD_1 mshD_2
[12:53:39] Fixed 2 duplicate /gene - pepA_1 pepA_2
[12:53:39] Fixed 2 duplicate /gene - ybiT_1 ybiT_2
[12:53:39] Fixed 2 duplicate /gene - sorC_1 sorC_2
[12:53:39] Fixed 2 duplicate /gene - clpC_1 clpC_2
[12:53:39] Fixed 2 duplicate /gene - nanE_1 nanE_2
[12:53:39] Fixed 2 duplicate /gene - yjhC_1 yjhC_2
[12:53:39] Fixed 2 duplicate /gene - tenA_1 tenA_2
[12:53:39] Fixed 2 duplicate /gene - spxA_1 spxA_2
[12:53:39] Fixed 3 duplicate /gene - pcp_1 pcp_2 pcp_3
[12:53:39] Fixed 2 duplicate /gene - crcB_1 crcB_2
[12:53:39] Fixed 2 duplicate /gene - bcrA_1 bcrA_2
[12:53:39] Fixed 3 duplicate /gene - gph_1 gph_2 gph_3
[12:53:39] Fixed 2 duplicate /gene - lacC_1 lacC_2
[12:53:39] Fixed 3 duplicate /gene - ssb_1 ssb_2 ssb_3
[12:53:39] Fixed 2 duplicate /gene - artM_1 artM_2
[12:53:39] Fixed 2 duplicate /gene - yteP_1 yteP_2
[12:53:39] Fixed 2 duplicate /gene - atpE_1 atpE_2
[12:53:39] Fixed 2 duplicate /gene - glgX_1 glgX_2
[12:53:39] Fixed 2 duplicate /gene - ugd_1 ugd_2
[12:53:39] Fixed 2 duplicate /gene - artP_1 artP_2
[12:53:39] Fixed 7 duplicate /gene - btuD_1 btuD_2 btuD_3 btuD_4 btuD_5 btuD_6 btuD_7
[12:53:39] Fixed 2 duplicate /gene - tadA_1 tadA_2
[12:53:39] Fixed 2 duplicate /gene - iscS_1 iscS_2
[12:53:39] Fixed 2 duplicate /gene - glnM_1 glnM_2
[12:53:39] Fixed 5 duplicate /gene - glnQ_1 glnQ_2 glnQ_3 glnQ_4 glnQ_5
[12:53:39] Fixed 2 duplicate /gene - deoD_1 deoD_2
[12:53:39] Fixed 2 duplicate /gene - lcnD_1 lcnD_2
[12:53:39] Fixed 3 duplicate /gene - sarA_1 sarA_2 sarA_3
[12:53:39] Fixed 2 duplicate /gene - levE_1 levE_2
[12:53:39] Fixed 3 duplicate /gene - lytA_1 lytA_2 lytA_3
[12:53:39] Fixed 2 duplicate /gene - ulaA_1 ulaA_2
[12:53:39] Fixed 4 duplicate /gene - xerC_1 xerC_2 xerC_3 xerC_4
[12:53:39] Fixed 2 duplicate /gene - murA1_1 murA1_2
[12:53:39] Fixed 2 duplicate /gene - gmuD_1 gmuD_2
[12:53:39] Fixed 3 duplicate /gene - sasA_1 sasA_2 sasA_3
[12:53:39] Fixed 3 duplicate /gene - nanA_1 nanA_2 nanA_3
[12:53:39] Fixed 2 duplicate /gene - yicL_1 yicL_2
[12:53:39] Fixed 2 duplicate /gene - recF_1 recF_2
[12:53:39] Fixed 2 duplicate /gene - coaBC_1 coaBC_2
[12:53:39] Fixed 2 duplicate /gene - fpgS_1 fpgS_2
[12:53:39] Fixed 2 duplicate /gene - yheS_1 yheS_2
[12:53:39] Fixed 2 duplicate /gene - yxdL_1 yxdL_2
[12:53:39] Fixed 2 duplicate /gene - araQ_1 araQ_2
[12:53:39] Fixed 2 duplicate /gene - yidA_1 yidA_2
[12:53:39] Fixed 2 duplicate /gene - nagC_1 nagC_2
[12:53:39] Fixed 2 duplicate /gene - glnH_1 glnH_2
[12:53:39] Fixed 2 duplicate /gene - IMPDH_1 IMPDH_2
[12:53:39] Fixed 2 duplicate /gene - rsuA_1 rsuA_2
[12:53:39] Fixed 2 duplicate /gene - pepF1_1 pepF1_2
[12:53:39] Fixed 2 duplicate /gene - thiE_1 thiE_2
[12:53:39] Fixed 3 duplicate /gene - yknY_1 yknY_2 yknY_3
[12:53:39] Fixed 2 duplicate /gene - ald_1 ald_2
[12:53:39] Fixed 3 duplicate /gene - lacF_1 lacF_2 lacF_3
[12:53:39] Fixed 3 duplicate /gene - argR_1 argR_2 argR_3
[12:53:39] Fixed 3 duplicate /gene - pstB3_1 pstB3_2 pstB3_3
[12:53:39] Fixed 2 duplicate /gene - COQ5_1 COQ5_2
[12:53:39] Fixed 3 duplicate /gene - lagD_1 lagD_2 lagD_3
[12:53:39] Fixed 2 duplicate /gene - dsbD_1 dsbD_2
[12:53:39] Fixed 2 duplicate /gene - thiM_1 thiM_2
[12:53:39] Fixed 2 duplicate /gene - nanB_1 nanB_2
[12:53:39] Fixed 2 duplicate /gene - dinG_1 dinG_2
[12:53:39] Fixed 4 duplicate /gene - manZ_1 manZ_2 manZ_3 manZ_4
[12:53:39] Fixed 2 duplicate /gene - def_1 def_2
[12:53:39] Fixed 2 duplicate /gene - rluD_1 rluD_2
[12:53:39] Fixed 2 duplicate /gene - galK_1 galK_2
[12:53:39] Fixed 3 duplicate /gene - manX_1 manX_2 manX_3
[12:53:39] Fixed 2 duplicate /gene - cutC_1 cutC_2
[12:53:39] Fixed 2 duplicate /gene - resA_1 resA_2
[12:53:39] Fixed 4 duplicate /gene - licC_1 licC_2 licC_3 licC_4
[12:53:39] Fixed 2 duplicate /gene - gpmA_1 gpmA_2
[12:53:39] Fixed 2 duplicate /gene - lacG_1 lacG_2
[12:53:39] Fixed 2 duplicate /gene - agrA_1 agrA_2
[12:53:39] Fixed 2 duplicate /gene - ccpA_1 ccpA_2
[12:53:39] Fixed 2 duplicate /gene - ruvB_1 ruvB_2
[12:53:39] Fixed 2 duplicate /gene - udk_1 udk_2
[12:53:39] Fixed 2 duplicate /gene - acpP_1 acpP_2
[12:53:39] Fixed 2 duplicate /gene - msmX_1 msmX_2
[12:53:39] Fixed 3 duplicate /gene - ykoD_1 ykoD_2 ykoD_3
[12:53:39] Fixed 2 duplicate /gene - ecsA_1 ecsA_2
[12:53:39] Fixed 2 duplicate /gene - tagU_1 tagU_2
[12:53:39] Fixed 2 duplicate /gene - metG_1 metG_2
[12:53:39] Fixed 2 duplicate /gene - lacR_1 lacR_2
[12:53:39] Fixed 2 duplicate /gene - sstT_1 sstT_2
[12:53:39] Fixed 3 duplicate /gene - ecfT_1 ecfT_2 ecfT_3
[12:53:39] Fixed 2 duplicate /gene - phoU_1 phoU_2
[12:53:39] Fixed 2 duplicate /gene - adh_1 adh_2
[12:53:39] Fixed 2 duplicate /gene - lacE_1 lacE_2
[12:53:39] Fixed 3 duplicate /gene - bglK_1 bglK_2 bglK_3
[12:53:39] Fixed 2 duplicate /gene - agaA_1 agaA_2
[12:53:39] Fixed 2 duplicate /gene - licT_1 licT_2
[12:53:39] Fixed 2 duplicate /gene - gatC_1 gatC_2
[12:53:39] Fixed 2 duplicate /gene - arlR_1 arlR_2
[12:53:39] Fixed 94 colliding /gene names.
[12:53:39] Adding /locus_tag identifiers
[12:53:39] Assigned 2106 locus_tags to CDS and RNA features.
[12:53:39] Writing outputs to ./SHdataset/ERR044905/
[12:53:40] Generating annotation statistics file
[12:53:40] Generating Genbank and Sequin files
[12:53:40] Running: tbl2asn -V b -a r10k -l paired-ends -M n -N 1 -y 'Annotated using prokka 1.14.6 from https://github.com/tseemann/prokka' -Z \.\/SHdataset\/ERR044905\/PROKKA_06122025\.err -i \.\/SHdataset\/ERR044905\/PROKKA_06122025\.fsa 2> /dev/null
[12:53:46] Deleting unwanted file: ./SHdataset/ERR044905/errorsummary.val
[12:53:46] Deleting unwanted file: ./SHdataset/ERR044905/PROKKA_06122025.dr
[12:53:46] Deleting unwanted file: ./SHdataset/ERR044905/PROKKA_06122025.fixedproducts
[12:53:46] Deleting unwanted file: ./SHdataset/ERR044905/PROKKA_06122025.ecn
[12:53:46] Deleting unwanted file: ./SHdataset/ERR044905/PROKKA_06122025.val
[12:53:46] Repairing broken .GBK output that tbl2asn produces...
[12:53:46] Running: sed 's/COORDINATES: profile/COORDINATES:profile/' < \.\/SHdataset\/ERR044905\/PROKKA_06122025\.gbf > \.\/SHdataset\/ERR044905\/PROKKA_06122025\.gbk
[12:53:46] Deleting unwanted file: ./SHdataset/ERR044905/PROKKA_06122025.gbf
[12:53:46] Output files:
[12:53:46] ./SHdataset/ERR044905/PROKKA_06122025.faa
[12:53:46] ./SHdataset/ERR044905/PROKKA_06122025.tsv
[12:53:46] ./SHdataset/ERR044905/PROKKA_06122025.gff
[12:53:46] ./SHdataset/ERR044905/PROKKA_06122025.fna
[12:53:46] ./SHdataset/ERR044905/PROKKA_06122025.gbk
[12:53:46] ./SHdataset/ERR044905/PROKKA_06122025.fsa
[12:53:46] ./SHdataset/ERR044905/PROKKA_06122025.txt
[12:53:46] ./SHdataset/ERR044905/PROKKA_06122025.tbl
[12:53:46] ./SHdataset/ERR044905/PROKKA_06122025.sqn
[12:53:46] ./SHdataset/ERR044905/PROKKA_06122025.err
[12:53:46] ./SHdataset/ERR044905/PROKKA_06122025.log
[12:53:46] ./SHdataset/ERR044905/PROKKA_06122025.ffn
[12:53:46] Annotation finished successfully.
[12:53:46] Walltime used: 0.85 minutes
[12:53:46] If you use this result please cite the Prokka paper:
[12:53:46] Seemann T (2014) Prokka: rapid prokaryotic genome annotation. Bioinformatics. 30(14):2068-9.
[12:53:46] Type 'prokka --citation' for more details.
[12:53:46] Share and enjoy!
