[13:07:24] This is prokka 1.14.6
[13:07:24] Written by Torsten Seemann <torsten.seemann@gmail.com>
[13:07:24] Homepage is https://github.com/tseemann/prokka
[13:07:24] Local time is Thu Jun 12 13:07:24 2025
[13:07:24] You are vrbouza
[13:07:24] Operating system is linux
[13:07:24] You have BioPerl 1.7.8
[13:07:24] System has 48 cores.
[13:07:24] Will use maximum of 8 cores.
[13:07:24] Annotating as >>> Bacteria <<<
[13:07:24] Generating locus_tag from '/nfs/research/jlees/vrbouza/data/clustering_benchmarking/2025_05_14_initialLeoniedata/SHdataset/ERR045435.fa' contents.
[13:07:24] Setting --locustag GPPBCAIM from MD5 099bca26996e13ad183b3089cdb6594b
[13:07:24] Creating new output folder: ./SHdataset/ERR045435
[13:07:24] Running: mkdir -p \.\/SHdataset\/ERR045435
[13:07:24] Using filename prefix: PROKKA_06122025.XXX
[13:07:24] Setting HMMER_NCPU=1
[13:07:24] Writing log to: ./SHdataset/ERR045435/PROKKA_06122025.log
[13:07:24] Command: /hps/software/users/jlees/vrbouza/miniforge3/envs/prokka/bin/prokka --outdir ./SHdataset/ERR045435 /nfs/research/jlees/vrbouza/data/clustering_benchmarking/2025_05_14_initialLeoniedata/SHdataset/ERR045435.fa
[13:07:24] Appending to PATH: /hps/software/users/jlees/vrbouza/miniforge3/envs/prokka/bin
[13:07:24] Looking for 'aragorn' - found /hps/software/users/jlees/vrbouza/miniforge3/envs/prokka/bin/aragorn
[13:07:24] Determined aragorn version is 001002 from 'ARAGORN v1.2.41 Dean Laslett'
[13:07:24] Looking for 'barrnap' - found /hps/software/users/jlees/vrbouza/miniforge3/envs/prokka/bin/barrnap
[13:07:24] Determined barrnap version is 000009 from 'barrnap 0.9'
[13:07:24] Looking for 'blastp' - found /hps/software/users/jlees/vrbouza/miniforge3/envs/prokka/bin/blastp
[13:07:25] Determined blastp version is 002016 from 'blastp: 2.16.0+'
[13:07:25] Looking for 'cmpress' - found /hps/software/users/jlees/vrbouza/miniforge3/envs/prokka/bin/cmpress
[13:07:25] Determined cmpress version is 001001 from '# INFERNAL 1.1.5 (Sep 2023)'
[13:07:25] Looking for 'cmscan' - found /hps/software/users/jlees/vrbouza/miniforge3/envs/prokka/bin/cmscan
[13:07:25] Determined cmscan version is 001001 from '# INFERNAL 1.1.5 (Sep 2023)'
[13:07:25] Looking for 'egrep' - found /usr/bin/egrep
[13:07:25] Looking for 'find' - found /usr/bin/find
[13:07:25] Looking for 'grep' - found /usr/bin/grep
[13:07:25] Looking for 'hmmpress' - found /hps/software/users/jlees/vrbouza/miniforge3/envs/prokka/bin/hmmpress
[13:07:25] Determined hmmpress version is 003004 from '# HMMER 3.4 (Aug 2023); http://hmmer.org/'
[13:07:25] Looking for 'hmmscan' - found /hps/software/users/jlees/vrbouza/miniforge3/envs/prokka/bin/hmmscan
[13:07:25] Determined hmmscan version is 003004 from '# HMMER 3.4 (Aug 2023); http://hmmer.org/'
[13:07:25] Looking for 'java' - found /hps/software/users/jlees/vrbouza/miniforge3/envs/prokka/bin/java
[13:07:25] Looking for 'makeblastdb' - found /hps/software/users/jlees/vrbouza/miniforge3/envs/prokka/bin/makeblastdb
[13:07:25] Determined makeblastdb version is 002016 from 'makeblastdb: 2.16.0+'
[13:07:25] Looking for 'minced' - found /hps/software/users/jlees/vrbouza/miniforge3/envs/prokka/bin/minced
[13:07:25] Determined minced version is 004002 from 'minced 0.4.2'
[13:07:25] Looking for 'parallel' - found /hps/software/users/jlees/vrbouza/miniforge3/envs/prokka/bin/parallel
[13:07:25] Determined parallel version is 20250422 from 'GNU parallel 20250422'
[13:07:25] Looking for 'prodigal' - found /hps/software/users/jlees/vrbouza/miniforge3/envs/prokka/bin/prodigal
[13:07:25] Determined prodigal version is 002006 from 'Prodigal V2.6.3: February, 2016'
[13:07:25] Looking for 'prokka-genbank_to_fasta_db' - found /hps/software/users/jlees/vrbouza/miniforge3/envs/prokka/bin/prokka-genbank_to_fasta_db
[13:07:25] Looking for 'sed' - found /usr/bin/sed
[13:07:25] Looking for 'tbl2asn' - found /hps/software/users/jlees/vrbouza/miniforge3/envs/prokka/bin/tbl2asn
[13:07:25] Determined tbl2asn version is 025007 from 'tbl2asn 25.7   arguments:'
[13:07:25] Using genetic code table 11.
[13:07:25] Loading and checking input file: /nfs/research/jlees/vrbouza/data/clustering_benchmarking/2025_05_14_initialLeoniedata/SHdataset/ERR045435.fa
[13:07:25] Wrote 686 contigs totalling 2232611 bp.
[13:07:25] Predicting tRNAs and tmRNAs
[13:07:25] Running: aragorn -l -gc11  -w \.\/SHdataset\/ERR045435\/PROKKA_06122025\.fna
[13:07:26] 1 tRNA-Arg c[70765,70838] 35 (ccg)
[13:07:26] 1 tRNA-Thr [17917,17989] 34 (ggt)
[13:07:26] 1 tRNA-Ser [10091,10180] 36 (gga)
[13:07:26] 2 tmRNA c[10354,10698] 83,118 AKNNTSYALAA*
[13:07:26] 3 tRNA-Gln c[23309,23380] 33 (ttg)
[13:07:26] 4 tRNA-Tyr c[23390,23470] 35 (gta)
[13:07:26] 1 tRNA-Asn c[33447,33520] 35 (gtt)
[13:07:26] 2 tRNA-Glu c[33526,33597] 34 (ttc)
[13:07:26] 3 tRNA-Arg c[36034,36107] 35 (tct)
[13:07:26] 1 tRNA-Lys [31082,31156] 35 (ctt)
[13:07:26] 1 tRNA-Trp [28291,28361] 33 (cca)
[13:07:26] 1 tRNA-Arg [35891,35962] 34 (cct)
[13:07:26] 1 tRNA-Leu [25101,25186] 35 (aag)
[13:07:26] 1 tRNA-Pro c[12383,12458] 36 (tgg)
[13:07:26] 2 tRNA-Arg c[12473,12546] 35 (acg)
[13:07:26] 3 tRNA-Leu c[12558,12643] 35 (taa)
[13:07:26] 4 tRNA-Gly c[12651,12722] 33 (gcc)
[13:07:26] 5 tRNA-Thr c[12745,12817] 34 (tgt)
[13:07:26] 6 tRNA-Leu c[12835,12918] 36 (tag)
[13:07:26] 7 tRNA-Lys c[12923,12995] 34 (ttt)
[13:07:26] 8 tRNA-Asp c[13020,13092] 34 (gtc)
[13:07:26] 9 tRNA-Val c[13095,13167] 34 (tac)
[13:07:26] 1 tRNA-Cys [9285,9358] 34 (gca)
[13:07:26] 1 tRNA-Gly [59,131] 34 (tcc)
[13:07:26] 2 tRNA-Ile [163,238] 36 (gat)
[13:07:26] 3 tRNA-Ser [320,409] 37 (tga)
[13:07:26] 4 tRNA-Met [420,493] 35 (cat)
[13:07:26] 5 tRNA-Phe [497,569] 34 (gaa)
[13:07:26] 6 tRNA-Tyr [581,663] 36 (gta)
[13:07:26] 7 tRNA-Trp [666,738] 34 (cca)
[13:07:26] 8 tRNA-His [751,825] 35 (gtg)
[13:07:26] 9 tRNA-Gln [837,910] 34 (ttg)
[13:07:26] 10 tRNA-Leu [918,1003] 36 (caa)
[13:07:26] 1 tRNA-Ala [1665,1739] 35 (tgc)
[13:07:26] 1 tRNA-Ser c[1863,1952] 36 (gct)
[13:07:26] 2 tRNA-Ile c[1957,2032] 36 (gat)
[13:07:26] 3 tRNA-Gly c[2067,2137] 33 (tcc)
[13:07:26] 1 tRNA-Met [59,134] 36 (cat)
[13:07:26] 2 tRNA-Met [147,220] 35 (cat)
[13:07:26] Found 39 tRNAs
[13:07:26] Predicting Ribosomal RNAs
[13:07:26] Running Barrnap with 8 threads
[13:07:26] 1 contig00070 71 16S ribosomal RNA
[13:07:26] 2 contig00070 1865 23S ribosomal RNA
[13:07:26] 3 contig00070 4844 5S ribosomal RNA
[13:07:26] Found 3 rRNAs
[13:07:26] Skipping ncRNA search, enable with --rfam if desired.
[13:07:26] Total of 41 tRNA + rRNA features
[13:07:26] Searching for CRISPR repeats
[13:07:27] Found 0 CRISPRs
[13:07:27] Predicting coding sequences
[13:07:27] Contigs total 2232611 bp, so using single mode
[13:07:27] Running: prodigal -i \.\/SHdataset\/ERR045435\/PROKKA_06122025\.fna -c -m -g 11 -p single -f sco -q
[13:07:29] Found 2134 CDS
[13:07:29] Connecting features back to sequences
[13:07:29] Not using genus-specific database. Try --usegenus to enable it.
[13:07:29] Annotating CDS, please be patient.
[13:07:29] Will use 8 CPUs for similarity searching.
[13:07:29] There are still 2134 unannotated CDS left (started with 2134)
[13:07:29] Will use blast to search against /hps/software/users/jlees/vrbouza/miniforge3/envs/prokka/db/kingdom/Bacteria/IS with 8 CPUs
[13:07:29] Running: cat \.\/SHdataset\/ERR045435\/PROKKA_06122025\.IS\.tmp\.2689104\.faa | parallel --gnu --plain -j 8 --block 38992 --recstart '>' --pipe blastp -query - -db /hps/software/users/jlees/vrbouza/miniforge3/envs/prokka/db/kingdom/Bacteria/IS -evalue 1e-30 -qcov_hsp_perc 90 -num_threads 1 -num_descriptions 1 -num_alignments 1 -seg no > \.\/SHdataset\/ERR045435\/PROKKA_06122025\.IS\.tmp\.2689104\.blast 2> /dev/null
[13:07:35] Deleting unwanted file: ./SHdataset/ERR045435/PROKKA_06122025.IS.tmp.2689104.faa
[13:07:35] Deleting unwanted file: ./SHdataset/ERR045435/PROKKA_06122025.IS.tmp.2689104.blast
[13:07:35] There are still 2110 unannotated CDS left (started with 2134)
[13:07:35] Will use blast to search against /hps/software/users/jlees/vrbouza/miniforge3/envs/prokka/db/kingdom/Bacteria/AMR with 8 CPUs
[13:07:35] Running: cat \.\/SHdataset\/ERR045435\/PROKKA_06122025\.AMR\.tmp\.2689104\.faa | parallel --gnu --plain -j 8 --block 38700 --recstart '>' --pipe blastp -query - -db /hps/software/users/jlees/vrbouza/miniforge3/envs/prokka/db/kingdom/Bacteria/AMR -evalue 1e-300 -qcov_hsp_perc 90 -num_threads 1 -num_descriptions 1 -num_alignments 1 -seg no > \.\/SHdataset\/ERR045435\/PROKKA_06122025\.AMR\.tmp\.2689104\.blast 2> /dev/null
[13:07:39] Deleting unwanted file: ./SHdataset/ERR045435/PROKKA_06122025.AMR.tmp.2689104.faa
[13:07:39] Deleting unwanted file: ./SHdataset/ERR045435/PROKKA_06122025.AMR.tmp.2689104.blast
[13:07:40] There are still 2108 unannotated CDS left (started with 2134)
[13:07:40] Will use blast to search against /hps/software/users/jlees/vrbouza/miniforge3/envs/prokka/db/kingdom/Bacteria/sprot with 8 CPUs
[13:07:40] Running: cat \.\/SHdataset\/ERR045435\/PROKKA_06122025\.sprot\.tmp\.2689104\.faa | parallel --gnu --plain -j 8 --block 38628 --recstart '>' --pipe blastp -query - -db /hps/software/users/jlees/vrbouza/miniforge3/envs/prokka/db/kingdom/Bacteria/sprot -evalue 1e-09 -qcov_hsp_perc 80 -num_threads 1 -num_descriptions 1 -num_alignments 1 -seg no > \.\/SHdataset\/ERR045435\/PROKKA_06122025\.sprot\.tmp\.2689104\.blast 2> /dev/null
[13:07:59] Modify product: Uncharacterized ABC transporter ATP-binding protein TM_0288 => putative ABC transporter ATP-binding protein
[13:07:59] Modify product: Putative glutamine amidotransferase Rv2859c => Putative glutamine amidotransferase
[13:07:59] Modify product: Probable murein peptide carboxypeptidase => putative murein peptide carboxypeptidase
[13:07:59] Modify product: Uncharacterized HTH-type transcriptional regulator SACOL2360 => putative HTH-type transcriptional regulator
[13:07:59] Modify product: UPF0356 protein SP_0122 => hypothetical protein
[13:07:59] Modify product: Uncharacterized amino acid permease YhdG => putative amino acid permease YhdG
[13:07:59] Modify product: Uncharacterized protein YpuA => putative protein YpuA
[13:07:59] Modify product: Uncharacterized RNA methyltransferase SP_1029 => putative RNA methyltransferase
[13:07:59] Modify product: Uncharacterized HTH-type transcriptional regulator YbbH => putative HTH-type transcriptional regulator YbbH
[13:07:59] Modify product: Uncharacterized HTH-type transcriptional regulator YbbH => putative HTH-type transcriptional regulator YbbH
[13:07:59] Modify product: Probable peptidoglycan glycosyltransferase FtsW => putative peptidoglycan glycosyltransferase FtsW
[13:07:59] Modify product: Probable DNA-directed RNA polymerase subunit delta => putative DNA-directed RNA polymerase subunit delta
[13:07:59] Modify product: Probable type I restriction enzyme BthVORF4518P M protein => putative type I restriction enzymeP M protein
[13:07:59] Modify product: Probable ribosomal protein YlxQ => putative ribosomal protein YlxQ
[13:07:59] Modify product: Probable multidrug resistance ABC transporter ATP-binding/permease protein YheI => putative multidrug resistance ABC transporter ATP-binding/permease protein YheI
[13:07:59] Modify product: Probable multidrug resistance ABC transporter ATP-binding/permease protein YheH => putative multidrug resistance ABC transporter ATP-binding/permease protein YheH
[13:07:59] Modify product: Phosphate-specific transport system accessory protein PhoU homolog => Phosphate-specific transport system accessory protein PhoU 
[13:07:59] Modify product: UPF0297 protein SP_0192 => hypothetical protein
[13:07:59] Modify product: UPF0473 protein SP_0194 => hypothetical protein
[13:07:59] Modify product: Uncharacterized protein NMB0459 => putative protein
[13:07:59] Modify product: Fluoroquinolones export ATP-binding protein Rv2688c => Fluoroquinolones export ATP-binding protein
[13:07:59] Modify product: Uncharacterized inner membrane transporter YicL => putative inner membrane transporter YicL
[13:07:59] Modify product: Uncharacterized protein YqgN => putative protein YqgN
[13:07:59] Modify product: Phosphate-specific transport system accessory protein PhoU homolog => Phosphate-specific transport system accessory protein PhoU 
[13:07:59] Modify product: Uncharacterized ABC transporter ATP-binding protein Rv1273c => putative ABC transporter ATP-binding protein
[13:07:59] Modify product: UPF0051 protein SA0778 => hypothetical protein
[13:07:59] Modify product: UPF0051 protein SA0778 => hypothetical protein
[13:07:59] Modify product: Probable ABC transporter ATP-binding protein M6_Spy0273 => putative ABC transporter ATP-binding protein
[13:07:59] Modify product: Probable riboflavin import permease protein RfuC => putative riboflavin import permease protein RfuC
[13:07:59] Modify product: Bifunctional protein FolD => Bifunctional protein FolD protein
[13:07:59] Modify product: Uncharacterized inner membrane transporter YicL => putative inner membrane transporter YicL
[13:07:59] Modify product: UPF0237 protein SP_0238 => hypothetical protein
[13:07:59] Modify product: UPF0210 protein SP_0239 => hypothetical protein
[13:07:59] Modify product: Uncharacterized protein HI_0131 => putative protein
[13:07:59] Modify product: Uncharacterized response regulatory protein SA0215 => putative response regulatory protein
[13:07:59] Modify product: Putative zinc metalloprotease SA1105 => Putative zinc metalloprotease
[13:08:00] Modify product: Probable transcription repressor NiaR => putative transcription repressor NiaR
[13:08:00] Modify product: UPF0342 protein SP_1372 => hypothetical protein
[13:08:00] Modify product: Uncharacterized ABC transporter ATP-binding protein Rv1273c => putative ABC transporter ATP-binding protein
[13:08:00] Modify product: UPF0346 protein SP_0947 => hypothetical protein
[13:08:00] Modify product: Probable ABC transporter ATP-binding/permease protein HI_0664 => putative ABC transporter ATP-binding/permease protein
[13:08:00] Modify product: Uncharacterized zinc protease Rv2782c => putative zinc protease
[13:08:00] Modify product: Uncharacterized ABC transporter ATP-binding protein YbiT => putative ABC transporter ATP-binding protein YbiT
[13:08:00] Modify product: Uncharacterized protein Spy1535 => putative protein
[13:08:00] Modify product: Probable metallo-hydrolase M6_Spy0554 => putative metallo-hydrolase
[13:08:00] Modify product: Uncharacterized ABC transporter ATP-binding protein Rv0986 => putative ABC transporter ATP-binding protein
[13:08:00] Modify product: Uncharacterized HTH-type transcriptional regulator YbbH => putative HTH-type transcriptional regulator YbbH
[13:08:00] Modify product: Uncharacterized oxidoreductase YjhC => putative oxidoreductase YjhC
[13:08:00] Modify product: Uncharacterized AAA domain-containing protein Rv2559c => putative AAA domain-containing protein
[13:08:00] Modify product: Probable dihydroorotate dehydrogenase A (fumarate) => putative dihydroorotate dehydrogenase A (fumarate)
[13:08:00] Modify product: Uncharacterized protein YqeN => putative protein YqeN
[13:08:00] Modify product: Probable dual-specificity RNA methyltransferase RlmN => putative dual-specificity RNA methyltransferase RlmN
[13:08:00] Modify product: Probable dual-specificity RNA methyltransferase RlmN => putative dual-specificity RNA methyltransferase RlmN
[13:08:00] Modify product: Uncharacterized ABC transporter ATP-binding protein YbiT => putative ABC transporter ATP-binding protein YbiT
[13:08:00] Modify product: Uncharacterized ABC transporter ATP-binding protein YknY => putative ABC transporter ATP-binding protein YknY
[13:08:00] Modify product: Uncharacterized oxidoreductase SA2266 => putative oxidoreductase
[13:08:00] Modify product: UPF0340 protein YwlG => hypothetical protein
[13:08:00] Modify product: Uncharacterized response regulatory protein SACOL0201 => putative response regulatory protein
[13:08:00] Modify product: Probable GTP-binding protein EngB => putative GTP-binding protein EngB
[13:08:00] Modify product: Probable cell division protein WhiA => putative cell division protein WhiA
[13:08:00] Modify product: DegV domain-containing protein spr1415 => DegV domain-containing protein
[13:08:00] Modify product: UPF0213 protein SP_1535 => hypothetical protein
[13:08:00] Modify product: Probable manganese-dependent inorganic pyrophosphatase => putative manganese-dependent inorganic pyrophosphatase
[13:08:00] Modify product: Phosphate-specific transport system accessory protein PhoU homolog => Phosphate-specific transport system accessory protein PhoU 
[13:08:00] Modify product: UPF0223 protein BH2638 => hypothetical protein
[13:08:00] Modify product: UPF0758 protein SP_1088 => hypothetical protein
[13:08:00] Modify product: Putative glutamine amidotransferase Rv2859c => Putative glutamine amidotransferase
[13:08:00] Modify product: Probable protein-export membrane protein SecG => putative protein-export membrane protein SecG
[13:08:00] Modify product: Probable S-adenosyl-L-methionine-dependent methyltransferase TehB => putative S-adenosyl-L-methionine-dependent methyltransferase TehB
[13:08:00] Modify product: Uncharacterized protein Spy1595 => putative protein
[13:08:00] Modify product: Uncharacterized multiple-sugar transport system permease YteP => putative multiple-sugar transport system permease YteP
[13:08:00] Modify product: UPF0176 protein SP_0095 => hypothetical protein
[13:08:00] Modify product: Uncharacterized transporter YycB => putative transporter YycB
[13:08:00] Modify product: Uncharacterized protein Spy1614 => putative protein
[13:08:00] Modify product: Uncharacterized protein SA1069 => putative protein
[13:08:00] Modify product: Probable deferrochelatase/peroxidase EfeN => putative deferrochelatase/peroxidase EfeN
[13:08:00] Modify product: Probable bifunctional oligoribonuclease and PAP phosphatase NrnA => putative bifunctional oligoribonuclease and PAP phosphatase NrnA
[13:08:00] Modify product: Uncharacterized ABC transporter ATP-binding protein Rv0986 => putative ABC transporter ATP-binding protein
[13:08:00] Modify product: Probable glutamine ABC transporter permease protein GlnP => putative glutamine ABC transporter permease protein GlnP
[13:08:00] Modify product: Probable glutamine ABC transporter permease protein GlnM => putative glutamine ABC transporter permease protein GlnM
[13:08:00] Modify product: Putative NAD(P)H nitroreductase Spy0809 => Putative NAD(P)H nitroreductase
[13:08:00] Modify product: Nucleoid-associated protein SP_1102 => Nucleoid-associated protein
[13:08:00] Modify product: DegV domain-containing protein SP_1112 => DegV domain-containing protein
[13:08:00] Modify product: Multidrug efflux system ATP-binding protein Rv1218c => Multidrug efflux system ATP-binding protein
[13:08:00] Modify product: Uncharacterized protein YhaP => putative protein YhaP
[13:08:00] Modify product: UPF0299 membrane protein YohJ => hypothetical protein
[13:08:00] Modify product: Uncharacterized ABC transporter ATP-binding protein Rv0986 => putative ABC transporter ATP-binding protein
[13:08:00] Modify product: Fluoroquinolones export ATP-binding protein Rv2688c => Fluoroquinolones export ATP-binding protein
[13:08:00] Modify product: Probable glycerol uptake facilitator protein => putative glycerol uptake facilitator protein
[13:08:00] Modify product: Tyrosine recombinase XerD-like => Tyrosine recombinase XerD-like protein
[13:08:00] Modify product: Probable copper-transporting ATPase PacS => putative copper-transporting ATPase PacS
[13:08:00] Modify product: Probable N-acetyl-LL-diaminopimelate aminotransferase => putative N-acetyl-LL-diaminopimelate aminotransferase
[13:08:00] Modify product: UPF0324 inner membrane protein YeiH => hypothetical protein
[13:08:00] Modify product: Uncharacterized protein YccU => putative protein YccU
[13:08:00] Modify product: UPF0371 protein DIP2346 => hypothetical protein
[13:08:00] Modify product: Probable ATP-dependent Clp protease ATP-binding subunit => putative ATP-dependent Clp protease ATP-binding subunit
[13:08:00] Modify product: UPF0398 protein SP_0371 => hypothetical protein
[13:08:00] Modify product: Glutathione peroxidase homolog BsaA => Glutathione peroxidase BsaA
[13:08:00] Modify product: UPF0397 protein SP_0482 => hypothetical protein
[13:08:00] Modify product: Putative universal stress protein SA1532 => Putative universal stress protein
[13:08:00] Modify product: Rqc2 homolog RqcH => Rqc2 RqcH
[13:08:00] Modify product: Acetyltransferase Atu2258 => Acetyltransferase
[13:08:00] Modify product: GTP cyclohydrolase 1 type 2 homolog => GTP cyclohydrolase 1 type 2 
[13:08:00] Modify product: UPF0073 inner membrane protein YqfA => hypothetical protein
[13:08:00] Modify product: Uncharacterized MscS family protein YkuT => putative MscS family protein YkuT
[13:08:00] Modify product: Uncharacterized protein YqeH => putative protein YqeH
[13:08:00] Modify product: Uncharacterized ABC transporter ATP-binding protein YheS => putative ABC transporter ATP-binding protein YheS
[13:08:00] Modify product: Protease HtpX homolog => Protease HtpX 
[13:08:00] Modify product: Uncharacterized metal-dependent hydrolase YcfH => putative metal-dependent hydrolase YcfH
[13:08:00] Modify product: Uncharacterized ABC transporter ATP-binding protein YknY => putative ABC transporter ATP-binding protein YknY
[13:08:00] Modify product: Uncharacterized protein YlbL => putative protein YlbL
[13:08:00] Modify product: UPF0053 protein HI_0107 => hypothetical protein
[13:08:00] Modify product: Probable pyridine nucleotide-disulfide oxidoreductase RclA => putative pyridine nucleotide-disulfide oxidoreductase RclA
[13:08:00] Modify product: Probable transcriptional regulatory protein YeeN => putative transcriptional regulatory protein YeeN
[13:08:00] Modify product: Uncharacterized ABC transporter ATP-binding protein Rv1273c => putative ABC transporter ATP-binding protein
[13:08:00] Modify product: Uncharacterized ABC transporter ATP-binding protein TM_0288 => putative ABC transporter ATP-binding protein
[13:08:00] Modify product: Uncharacterized HTH-type transcriptional regulator SACOL2360 => putative HTH-type transcriptional regulator
[13:08:00] Modify product: UPF0374 protein SP_1903 => hypothetical protein
[13:08:00] Modify product: UPF0291 protein SP_1473 => hypothetical protein
[13:08:00] Modify product: Probable mannose-6-phosphate isomerase GmuF => putative mannose-6-phosphate isomerase GmuF
[13:08:00] Modify product: Uncharacterized protein HI_0933 => putative protein
[13:08:00] Modify product: DegV domain-containing protein spr0652 => DegV domain-containing protein
[13:08:00] Modify product: Probable FMN/FAD exporter YeeO => putative FMN/FAD exporter YeeO
[13:08:00] Modify product: UPF0122 protein SP_1288 => hypothetical protein
[13:08:00] Modify product: Putative phosphatase M6_Spy0533 => Putative phosphatase
[13:08:00] Modify product: Uncharacterized ABC transporter ATP-binding protein YknY => putative ABC transporter ATP-binding protein YknY
[13:08:00] Modify product: Probable NADH oxidase => putative NADH oxidase
[13:08:00] Modify product: Probable cysteine desulfurase => putative cysteine desulfurase
[13:08:00] Modify product: Uncharacterized protein YbbA => putative protein YbbA
[13:08:00] Cleaned 129 /product names
[13:08:00] Deleting unwanted file: ./SHdataset/ERR045435/PROKKA_06122025.sprot.tmp.2689104.faa
[13:08:00] Deleting unwanted file: ./SHdataset/ERR045435/PROKKA_06122025.sprot.tmp.2689104.blast
[13:08:00] There are still 1020 unannotated CDS left (started with 2134)
[13:08:00] Will use hmmer3 to search against /hps/software/users/jlees/vrbouza/miniforge3/envs/prokka/db/hmm/HAMAP.hmm with 8 CPUs
[13:08:00] Running: cat \.\/SHdataset\/ERR045435\/PROKKA_06122025\.HAMAP\.hmm\.tmp\.2689104\.faa | parallel --gnu --plain -j 8 --block 15802 --recstart '>' --pipe hmmscan --noali --notextw --acc -E 1e-09 --cpu 1 /hps/software/users/jlees/vrbouza/miniforge3/envs/prokka/db/hmm/HAMAP.hmm /dev/stdin > \.\/SHdataset\/ERR045435\/PROKKA_06122025\.HAMAP\.hmm\.tmp\.2689104\.hmmer3 2> /dev/null
[13:08:07] Modify product: Protein SprT-like => Protein SprT-like protein
[13:08:08] Cleaned 1 /product names
[13:08:08] Deleting unwanted file: ./SHdataset/ERR045435/PROKKA_06122025.HAMAP.hmm.tmp.2689104.faa
[13:08:08] Deleting unwanted file: ./SHdataset/ERR045435/PROKKA_06122025.HAMAP.hmm.tmp.2689104.hmmer3
[13:08:08] Labelling remaining 944 proteins as 'hypothetical protein'
[13:08:08] Possible /pseudo 'Type-2 restriction enzyme DpnI' at contig00001 position 96192
[13:08:08] Possible /pseudo 'L-cystine transport system permease protein TcyL' at contig00002 position 74676
[13:08:08] Possible /pseudo 'Coenzyme A biosynthesis bifunctional protein CoaBC' at contig00003 position 35029
[13:08:08] Possible /pseudo 'Ribose import permease protein RbsC' at contig00003 position 39146
[13:08:08] Possible /pseudo 'UDP-glucose 6-dehydrogenase' at contig00003 position 57149
[13:08:08] Possible /pseudo 'putative ABC transporter ATP-binding protein' at contig00004 position 75969
[13:08:08] Possible /pseudo 'putative HTH-type transcriptional regulator YbbH' at contig00006 position 32435
[13:08:08] Possible /pseudo 'Sucrose phosphorylase' at contig00006 position 37619
[13:08:08] Possible /pseudo 'Trehalose-6-phosphate hydrolase' at contig00012 position 12326
[13:08:08] Possible /pseudo 'putative dual-specificity RNA methyltransferase RlmN' at contig00015 position 19572
[13:08:08] Possible /pseudo 'Phosphate import ATP-binding protein PstB 3' at contig00019 position 21010
[13:08:08] Possible /pseudo 'Putative fluoride ion transporter CrcB' at contig00020 position 35055
[13:08:08] Possible /pseudo 'IS630 family transposase IS630-Spn1' at contig00024 position 20670
[13:08:08] Possible /pseudo 'putative ABC transporter ATP-binding protein' at contig00027 position 11392
[13:08:08] Possible /pseudo 'IS1380 family transposase ISSpn5' at contig00041 position 11294
[13:08:08] Possible /pseudo 'putative protein' at contig00045 position 899
[13:08:08] Possible /pseudo 'Oligopeptide-binding protein SarA' at contig00049 position 2189
[13:08:08] Possible /pseudo 'IS3 family transposase ISSpn11' at contig00050 position 10472
[13:08:08] Possible /pseudo 'FAD:protein FMN transferase' at contig00076 position 285
[13:08:08] Found 952 unique /gene codes.
[13:08:08] Fixed 2 duplicate /gene - clpC_1 clpC_2
[13:08:08] Fixed 3 duplicate /gene - phoU_1 phoU_2 phoU_3
[13:08:08] Fixed 2 duplicate /gene - tadA_1 tadA_2
[13:08:08] Fixed 2 duplicate /gene - fpgS_1 fpgS_2
[13:08:08] Fixed 2 duplicate /gene - IMPDH_1 IMPDH_2
[13:08:08] Fixed 6 duplicate /gene - xerC_1 xerC_2 xerC_3 xerC_4 xerC_5 xerC_6
[13:08:08] Fixed 3 duplicate /gene - agrA_1 agrA_2 agrA_3
[13:08:08] Fixed 2 duplicate /gene - ecsA_1 ecsA_2
[13:08:08] Fixed 2 duplicate /gene - ruvB_1 ruvB_2
[13:08:08] Fixed 2 duplicate /gene - gtfA_1 gtfA_2
[13:08:08] Fixed 2 duplicate /gene - manX_1 manX_2
[13:08:08] Fixed 2 duplicate /gene - lacZ_1 lacZ_2
[13:08:08] Fixed 2 duplicate /gene - crcB_1 crcB_2
[13:08:08] Fixed 2 duplicate /gene - licT_1 licT_2
[13:08:08] Fixed 2 duplicate /gene - rluD_1 rluD_2
[13:08:08] Fixed 2 duplicate /gene - pepA_1 pepA_2
[13:08:08] Fixed 2 duplicate /gene - ecfT_1 ecfT_2
[13:08:08] Fixed 2 duplicate /gene - manZ_1 manZ_2
[13:08:08] Fixed 2 duplicate /gene - bceA_1 bceA_2
[13:08:08] Fixed 2 duplicate /gene - spxA_1 spxA_2
[13:08:08] Fixed 2 duplicate /gene - sasA_1 sasA_2
[13:08:08] Fixed 2 duplicate /gene - resA_1 resA_2
[13:08:08] Fixed 3 duplicate /gene - gph_1 gph_2 gph_3
[13:08:08] Fixed 2 duplicate /gene - gatC_1 gatC_2
[13:08:08] Fixed 2 duplicate /gene - tcyN_1 tcyN_2
[13:08:08] Fixed 2 duplicate /gene - arlR_1 arlR_2
[13:08:08] Fixed 2 duplicate /gene - natA_1 natA_2
[13:08:08] Fixed 2 duplicate /gene - yicL_1 yicL_2
[13:08:08] Fixed 2 duplicate /gene - bglK_1 bglK_2
[13:08:08] Fixed 2 duplicate /gene - thiE_1 thiE_2
[13:08:08] Fixed 2 duplicate /gene - lagD_1 lagD_2
[13:08:08] Fixed 2 duplicate /gene - galT_1 galT_2
[13:08:08] Fixed 2 duplicate /gene - lacC_1 lacC_2
[13:08:08] Fixed 2 duplicate /gene - iscS_1 iscS_2
[13:08:08] Fixed 2 duplicate /gene - coaBC_1 coaBC_2
[13:08:08] Fixed 2 duplicate /gene - tcyL_1 tcyL_2
[13:08:08] Fixed 4 duplicate /gene - glnQ_1 glnQ_2 glnQ_3 glnQ_4
[13:08:08] Fixed 2 duplicate /gene - deoD_1 deoD_2
[13:08:08] Fixed 2 duplicate /gene - araQ_1 araQ_2
[13:08:08] Fixed 2 duplicate /gene - dsbD_1 dsbD_2
[13:08:08] Fixed 2 duplicate /gene - thiM_1 thiM_2
[13:08:08] Fixed 2 duplicate /gene - tcyJ_1 tcyJ_2
[13:08:08] Fixed 3 duplicate /gene - yknY_1 yknY_2 yknY_3
[13:08:08] Fixed 3 duplicate /gene - gpmA_1 gpmA_2 gpmA_3
[13:08:08] Fixed 2 duplicate /gene - mshD_1 mshD_2
[13:08:08] Fixed 2 duplicate /gene - smc_1 smc_2
[13:08:08] Fixed 2 duplicate /gene - pcp_1 pcp_2
[13:08:08] Fixed 5 duplicate /gene - sarA_1 sarA_2 sarA_3 sarA_4 sarA_5
[13:08:08] Fixed 2 duplicate /gene - lnpD_1 lnpD_2
[13:08:08] Fixed 2 duplicate /gene - bglH_1 bglH_2
[13:08:08] Fixed 2 duplicate /gene - pepF1_1 pepF1_2
[13:08:08] Fixed 2 duplicate /gene - def_1 def_2
[13:08:08] Fixed 2 duplicate /gene - dinG_1 dinG_2
[13:08:08] Fixed 2 duplicate /gene - entS_1 entS_2
[13:08:08] Fixed 2 duplicate /gene - lytB_1 lytB_2
[13:08:08] Fixed 2 duplicate /gene - glgX_1 glgX_2
[13:08:08] Fixed 2 duplicate /gene - ugd_1 ugd_2
[13:08:08] Fixed 2 duplicate /gene - rlmN_1 rlmN_2
[13:08:08] Fixed 2 duplicate /gene - udk_1 udk_2
[13:08:08] Fixed 2 duplicate /gene - yidA_1 yidA_2
[13:08:08] Fixed 2 duplicate /gene - lacR_1 lacR_2
[13:08:08] Fixed 2 duplicate /gene - murA1_1 murA1_2
[13:08:08] Fixed 2 duplicate /gene - dpnC_1 dpnC_2
[13:08:08] Fixed 2 duplicate /gene - ccpA_1 ccpA_2
[13:08:08] Fixed 2 duplicate /gene - cysA_1 cysA_2
[13:08:08] Fixed 2 duplicate /gene - apbE_1 apbE_2
[13:08:08] Fixed 2 duplicate /gene - rbsC_1 rbsC_2
[13:08:08] Fixed 2 duplicate /gene - treA_1 treA_2
[13:08:08] Fixed 2 duplicate /gene - ywnA_1 ywnA_2
[13:08:08] Fixed 5 duplicate /gene - btuD_1 btuD_2 btuD_3 btuD_4 btuD_5
[13:08:08] Fixed 3 duplicate /gene - argR_1 argR_2 argR_3
[13:08:08] Fixed 2 duplicate /gene - galK_1 galK_2
[13:08:08] Fixed 2 duplicate /gene - lcnD_1 lcnD_2
[13:08:08] Fixed 2 duplicate /gene - metP_1 metP_2
[13:08:08] Fixed 2 duplicate /gene - adh_1 adh_2
[13:08:08] Fixed 3 duplicate /gene - ybbH_1 ybbH_2 ybbH_3
[13:08:08] Fixed 2 duplicate /gene - yxdL_1 yxdL_2
[13:08:08] Fixed 2 duplicate /gene - ykoD_1 ykoD_2
[13:08:08] Fixed 2 duplicate /gene - bcrA_1 bcrA_2
[13:08:08] Fixed 2 duplicate /gene - COQ5_1 COQ5_2
[13:08:08] Fixed 2 duplicate /gene - tag_1 tag_2
[13:08:08] Fixed 2 duplicate /gene - macB_1 macB_2
[13:08:08] Fixed 2 duplicate /gene - ybiT_1 ybiT_2
[13:08:08] Fixed 2 duplicate /gene - yecS_1 yecS_2
[13:08:08] Fixed 3 duplicate /gene - lytA_1 lytA_2 lytA_3
[13:08:08] Fixed 2 duplicate /gene - nanA_1 nanA_2
[13:08:08] Fixed 2 duplicate /gene - ettA_1 ettA_2
[13:08:08] Fixed 2 duplicate /gene - rsuA_1 rsuA_2
[13:08:08] Fixed 2 duplicate /gene - tenA_1 tenA_2
[13:08:08] Fixed 4 duplicate /gene - ssb_1 ssb_2 ssb_3 ssb_4
[13:08:08] Fixed 2 duplicate /gene - ptsG_1 ptsG_2
[13:08:08] Fixed 2 duplicate /gene - lacF_1 lacF_2
[13:08:08] Fixed 3 duplicate /gene - pstB3_1 pstB3_2 pstB3_3
[13:08:08] Fixed 2 duplicate /gene - glpE_1 glpE_2
[13:08:08] Fixed 94 colliding /gene names.
[13:08:08] Adding /locus_tag identifiers
[13:08:08] Assigned 2176 locus_tags to CDS and RNA features.
[13:08:08] Writing outputs to ./SHdataset/ERR045435/
[13:08:08] Generating annotation statistics file
[13:08:08] Generating Genbank and Sequin files
[13:08:08] Running: tbl2asn -V b -a r10k -l paired-ends -M n -N 1 -y 'Annotated using prokka 1.14.6 from https://github.com/tseemann/prokka' -Z \.\/SHdataset\/ERR045435\/PROKKA_06122025\.err -i \.\/SHdataset\/ERR045435\/PROKKA_06122025\.fsa 2> /dev/null
[13:08:16] Deleting unwanted file: ./SHdataset/ERR045435/errorsummary.val
[13:08:16] Deleting unwanted file: ./SHdataset/ERR045435/PROKKA_06122025.dr
[13:08:16] Deleting unwanted file: ./SHdataset/ERR045435/PROKKA_06122025.fixedproducts
[13:08:16] Deleting unwanted file: ./SHdataset/ERR045435/PROKKA_06122025.ecn
[13:08:16] Deleting unwanted file: ./SHdataset/ERR045435/PROKKA_06122025.val
[13:08:16] Repairing broken .GBK output that tbl2asn produces...
[13:08:16] Running: sed 's/COORDINATES: profile/COORDINATES:profile/' < \.\/SHdataset\/ERR045435\/PROKKA_06122025\.gbf > \.\/SHdataset\/ERR045435\/PROKKA_06122025\.gbk
[13:08:16] Deleting unwanted file: ./SHdataset/ERR045435/PROKKA_06122025.gbf
[13:08:16] Output files:
[13:08:16] ./SHdataset/ERR045435/PROKKA_06122025.faa
[13:08:16] ./SHdataset/ERR045435/PROKKA_06122025.tsv
[13:08:16] ./SHdataset/ERR045435/PROKKA_06122025.gff
[13:08:16] ./SHdataset/ERR045435/PROKKA_06122025.fna
[13:08:16] ./SHdataset/ERR045435/PROKKA_06122025.gbk
[13:08:16] ./SHdataset/ERR045435/PROKKA_06122025.fsa
[13:08:16] ./SHdataset/ERR045435/PROKKA_06122025.txt
[13:08:16] ./SHdataset/ERR045435/PROKKA_06122025.tbl
[13:08:16] ./SHdataset/ERR045435/PROKKA_06122025.sqn
[13:08:16] ./SHdataset/ERR045435/PROKKA_06122025.err
[13:08:16] ./SHdataset/ERR045435/PROKKA_06122025.log
[13:08:16] ./SHdataset/ERR045435/PROKKA_06122025.ffn
[13:08:16] Annotation finished successfully.
[13:08:16] Walltime used: 0.87 minutes
[13:08:16] If you use this result please cite the Prokka paper:
[13:08:16] Seemann T (2014) Prokka: rapid prokaryotic genome annotation. Bioinformatics. 30(14):2068-9.
[13:08:16] Type 'prokka --citation' for more details.
[13:08:16] Thank you, come again.
