[12:59:32] This is prokka 1.14.6
[12:59:32] Written by Torsten Seemann <torsten.seemann@gmail.com>
[12:59:32] Homepage is https://github.com/tseemann/prokka
[12:59:32] Local time is Thu Jun 12 12:59:32 2025
[12:59:32] You are vrbouza
[12:59:32] Operating system is linux
[12:59:32] You have BioPerl 1.7.8
[12:59:32] System has 48 cores.
[12:59:32] Will use maximum of 8 cores.
[12:59:32] Annotating as >>> Bacteria <<<
[12:59:32] Generating locus_tag from '/nfs/research/jlees/vrbouza/data/clustering_benchmarking/2025_05_14_initialLeoniedata/SHdataset/ERR044980.fa' contents.
[12:59:32] Setting --locustag PGFEIICD from MD5 90fe22cdc53534c22f4a1cd47fcc462d
[12:59:32] Creating new output folder: ./SHdataset/ERR044980
[12:59:32] Running: mkdir -p \.\/SHdataset\/ERR044980
[12:59:32] Using filename prefix: PROKKA_06122025.XXX
[12:59:32] Setting HMMER_NCPU=1
[12:59:32] Writing log to: ./SHdataset/ERR044980/PROKKA_06122025.log
[12:59:32] Command: /hps/software/users/jlees/vrbouza/miniforge3/envs/prokka/bin/prokka --outdir ./SHdataset/ERR044980 /nfs/research/jlees/vrbouza/data/clustering_benchmarking/2025_05_14_initialLeoniedata/SHdataset/ERR044980.fa
[12:59:32] Appending to PATH: /hps/software/users/jlees/vrbouza/miniforge3/envs/prokka/bin
[12:59:32] Looking for 'aragorn' - found /hps/software/users/jlees/vrbouza/miniforge3/envs/prokka/bin/aragorn
[12:59:32] Determined aragorn version is 001002 from 'ARAGORN v1.2.41 Dean Laslett'
[12:59:32] Looking for 'barrnap' - found /hps/software/users/jlees/vrbouza/miniforge3/envs/prokka/bin/barrnap
[12:59:32] Determined barrnap version is 000009 from 'barrnap 0.9'
[12:59:32] Looking for 'blastp' - found /hps/software/users/jlees/vrbouza/miniforge3/envs/prokka/bin/blastp
[12:59:33] Determined blastp version is 002016 from 'blastp: 2.16.0+'
[12:59:33] Looking for 'cmpress' - found /hps/software/users/jlees/vrbouza/miniforge3/envs/prokka/bin/cmpress
[12:59:33] Determined cmpress version is 001001 from '# INFERNAL 1.1.5 (Sep 2023)'
[12:59:33] Looking for 'cmscan' - found /hps/software/users/jlees/vrbouza/miniforge3/envs/prokka/bin/cmscan
[12:59:33] Determined cmscan version is 001001 from '# INFERNAL 1.1.5 (Sep 2023)'
[12:59:33] Looking for 'egrep' - found /usr/bin/egrep
[12:59:33] Looking for 'find' - found /usr/bin/find
[12:59:33] Looking for 'grep' - found /usr/bin/grep
[12:59:33] Looking for 'hmmpress' - found /hps/software/users/jlees/vrbouza/miniforge3/envs/prokka/bin/hmmpress
[12:59:33] Determined hmmpress version is 003004 from '# HMMER 3.4 (Aug 2023); http://hmmer.org/'
[12:59:33] Looking for 'hmmscan' - found /hps/software/users/jlees/vrbouza/miniforge3/envs/prokka/bin/hmmscan
[12:59:33] Determined hmmscan version is 003004 from '# HMMER 3.4 (Aug 2023); http://hmmer.org/'
[12:59:33] Looking for 'java' - found /hps/software/users/jlees/vrbouza/miniforge3/envs/prokka/bin/java
[12:59:33] Looking for 'makeblastdb' - found /hps/software/users/jlees/vrbouza/miniforge3/envs/prokka/bin/makeblastdb
[12:59:33] Determined makeblastdb version is 002016 from 'makeblastdb: 2.16.0+'
[12:59:33] Looking for 'minced' - found /hps/software/users/jlees/vrbouza/miniforge3/envs/prokka/bin/minced
[12:59:33] Determined minced version is 004002 from 'minced 0.4.2'
[12:59:33] Looking for 'parallel' - found /hps/software/users/jlees/vrbouza/miniforge3/envs/prokka/bin/parallel
[12:59:33] Determined parallel version is 20250422 from 'GNU parallel 20250422'
[12:59:33] Looking for 'prodigal' - found /hps/software/users/jlees/vrbouza/miniforge3/envs/prokka/bin/prodigal
[12:59:33] Determined prodigal version is 002006 from 'Prodigal V2.6.3: February, 2016'
[12:59:33] Looking for 'prokka-genbank_to_fasta_db' - found /hps/software/users/jlees/vrbouza/miniforge3/envs/prokka/bin/prokka-genbank_to_fasta_db
[12:59:33] Looking for 'sed' - found /usr/bin/sed
[12:59:33] Looking for 'tbl2asn' - found /hps/software/users/jlees/vrbouza/miniforge3/envs/prokka/bin/tbl2asn
[12:59:33] Determined tbl2asn version is 025007 from 'tbl2asn 25.7   arguments:'
[12:59:33] Using genetic code table 11.
[12:59:33] Loading and checking input file: /nfs/research/jlees/vrbouza/data/clustering_benchmarking/2025_05_14_initialLeoniedata/SHdataset/ERR044980.fa
[12:59:33] Wrote 260 contigs totalling 2076888 bp.
[12:59:33] Predicting tRNAs and tmRNAs
[12:59:33] Running: aragorn -l -gc11  -w \.\/SHdataset\/ERR044980\/PROKKA_06122025\.fna
[12:59:34] 1 tRNA-Lys c[98499,98574] 35 (ctt)
[12:59:34] 1 tRNA-Leu [10007,10094] 36 (aag)
[12:59:34] 1 tRNA-Cys [41918,41991] 34 (gca)
[12:59:34] 2 tRNA-Pro c[79143,79218] 36 (tgg)
[12:59:34] 3 tRNA-Arg c[79233,79306] 35 (acg)
[12:59:34] 4 tRNA-Leu c[79316,79401] 35 (taa)
[12:59:34] 5 tRNA-Gly c[79409,79480] 33 (gcc)
[12:59:34] 6 tRNA-Thr c[79503,79575] 34 (tgt)
[12:59:34] 7 tRNA-Leu c[79593,79676] 36 (tag)
[12:59:34] 8 tRNA-Lys c[79681,79753] 34 (ttt)
[12:59:34] 9 tRNA-Asp c[79778,79850] 34 (gtc)
[12:59:34] 10 tRNA-Val c[79853,79925] 34 (tac)
[12:59:34] 1 tRNA-Arg c[61195,61268] 35 (ccg)
[12:59:34] 1 tRNA-Leu c[47754,47839] 36 (caa)
[12:59:34] 2 tRNA-Gln c[47847,47920] 34 (ttg)
[12:59:34] 3 tRNA-His c[47929,48003] 35 (gtg)
[12:59:34] 4 tRNA-Trp c[48016,48088] 34 (cca)
[12:59:34] 5 tRNA-Tyr c[48091,48173] 36 (gta)
[12:59:34] 6 tRNA-Phe c[48185,48257] 34 (gaa)
[12:59:34] 7 tRNA-Met c[48261,48334] 35 (cat)
[12:59:34] 8 tRNA-Ser c[48345,48434] 37 (tga)
[12:59:34] 1 tRNA-Ser [36834,36924] 36 (gga)
[12:59:34] 2 tmRNA c[37098,37442] 83,118 AKNNTSYALAA*
[12:59:34] 1 tRNA-Thr c[35050,35122] 34 (ggt)
[12:59:34] 1 tRNA-Arg [3834,3905] 34 (cct)
[12:59:34] 1 tRNA-Asn [60,133] 35 (gtt)
[12:59:34] 1 tRNA-Arg c[2448,2521] 35 (tct)
[12:59:34] 1 tRNA-Gln c[1471,1542] 33 (ttg)
[12:59:34] 2 tRNA-Tyr c[1552,1632] 35 (gta)
[12:59:34] 1 tRNA-Ala c[3219,3293] 35 (tgc)
[12:59:34] 1 tRNA-Ser c[105,194] 36 (gct)
[12:59:34] 2 tRNA-Ile c[199,274] 36 (gat)
[12:59:34] 3 tRNA-Gly c[309,379] 33 (tcc)
[12:59:34] 1 tRNA-Met c[64,137] 35 (cat)
[12:59:34] 2 tRNA-Met c[150,225] 36 (cat)
[12:59:34] 1 tRNA-Glu c[190,261] 34 (ttc)
[12:59:34] 1 tRNA-Ile c[-3,71] 35 (gat)
[12:59:34] Found 37 tRNAs
[12:59:34] Predicting Ribosomal RNAs
[12:59:34] Running Barrnap with 8 threads
[12:59:34] 1 contig00047 6 5S ribosomal RNA
[12:59:34] 2 contig00047 197 23S ribosomal RNA
[12:59:34] 3 contig00047 3345 16S ribosomal RNA
[12:59:34] Found 3 rRNAs
[12:59:34] Skipping ncRNA search, enable with --rfam if desired.
[12:59:34] Total of 39 tRNA + rRNA features
[12:59:34] Searching for CRISPR repeats
[12:59:35] Found 0 CRISPRs
[12:59:35] Predicting coding sequences
[12:59:35] Contigs total 2076888 bp, so using single mode
[12:59:35] Running: prodigal -i \.\/SHdataset\/ERR044980\/PROKKA_06122025\.fna -c -m -g 11 -p single -f sco -q
[12:59:37] Found 2008 CDS
[12:59:37] Connecting features back to sequences
[12:59:37] Not using genus-specific database. Try --usegenus to enable it.
[12:59:37] Annotating CDS, please be patient.
[12:59:37] Will use 8 CPUs for similarity searching.
[12:59:37] There are still 2008 unannotated CDS left (started with 2008)
[12:59:37] Will use blast to search against /hps/software/users/jlees/vrbouza/miniforge3/envs/prokka/db/kingdom/Bacteria/IS with 8 CPUs
[12:59:37] Running: cat \.\/SHdataset\/ERR044980\/PROKKA_06122025\.IS\.tmp\.2522975\.faa | parallel --gnu --plain -j 8 --block 37533 --recstart '>' --pipe blastp -query - -db /hps/software/users/jlees/vrbouza/miniforge3/envs/prokka/db/kingdom/Bacteria/IS -evalue 1e-30 -qcov_hsp_perc 90 -num_threads 1 -num_descriptions 1 -num_alignments 1 -seg no > \.\/SHdataset\/ERR044980\/PROKKA_06122025\.IS\.tmp\.2522975\.blast 2> /dev/null
[12:59:42] Modify product: ISL3 family transposase IS1167A => ISL3 family transposaseA
[12:59:42] Cleaned 1 /product names
[12:59:42] Deleting unwanted file: ./SHdataset/ERR044980/PROKKA_06122025.IS.tmp.2522975.faa
[12:59:42] Deleting unwanted file: ./SHdataset/ERR044980/PROKKA_06122025.IS.tmp.2522975.blast
[12:59:43] There are still 1969 unannotated CDS left (started with 2008)
[12:59:43] Will use blast to search against /hps/software/users/jlees/vrbouza/miniforge3/envs/prokka/db/kingdom/Bacteria/AMR with 8 CPUs
[12:59:43] Running: cat \.\/SHdataset\/ERR044980\/PROKKA_06122025\.AMR\.tmp\.2522975\.faa | parallel --gnu --plain -j 8 --block 37108 --recstart '>' --pipe blastp -query - -db /hps/software/users/jlees/vrbouza/miniforge3/envs/prokka/db/kingdom/Bacteria/AMR -evalue 1e-300 -qcov_hsp_perc 90 -num_threads 1 -num_descriptions 1 -num_alignments 1 -seg no > \.\/SHdataset\/ERR044980\/PROKKA_06122025\.AMR\.tmp\.2522975\.blast 2> /dev/null
[12:59:47] Deleting unwanted file: ./SHdataset/ERR044980/PROKKA_06122025.AMR.tmp.2522975.faa
[12:59:47] Deleting unwanted file: ./SHdataset/ERR044980/PROKKA_06122025.AMR.tmp.2522975.blast
[12:59:47] There are still 1969 unannotated CDS left (started with 2008)
[12:59:47] Will use blast to search against /hps/software/users/jlees/vrbouza/miniforge3/envs/prokka/db/kingdom/Bacteria/sprot with 8 CPUs
[12:59:47] Running: cat \.\/SHdataset\/ERR044980\/PROKKA_06122025\.sprot\.tmp\.2522975\.faa | parallel --gnu --plain -j 8 --block 37108 --recstart '>' --pipe blastp -query - -db /hps/software/users/jlees/vrbouza/miniforge3/envs/prokka/db/kingdom/Bacteria/sprot -evalue 1e-09 -qcov_hsp_perc 80 -num_threads 1 -num_descriptions 1 -num_alignments 1 -seg no > \.\/SHdataset\/ERR044980\/PROKKA_06122025\.sprot\.tmp\.2522975\.blast 2> /dev/null
[13:00:06] Modify product: Probable GTP-binding protein EngB => putative GTP-binding protein EngB
[13:00:06] Modify product: Probable cell division protein WhiA => putative cell division protein WhiA
[13:00:06] Modify product: DegV domain-containing protein spr1415 => DegV domain-containing protein
[13:00:06] Modify product: UPF0213 protein SP_1535 => hypothetical protein
[13:00:06] Modify product: Probable manganese-dependent inorganic pyrophosphatase => putative manganese-dependent inorganic pyrophosphatase
[13:00:06] Modify product: Uncharacterized ABC transporter ATP-binding protein TM_0288 => putative ABC transporter ATP-binding protein
[13:00:06] Modify product: Uncharacterized ABC transporter ATP-binding protein Rv1273c => putative ABC transporter ATP-binding protein
[13:00:06] Modify product: Probable transcriptional regulatory protein YeeN => putative transcriptional regulatory protein YeeN
[13:00:06] Modify product: Uncharacterized protein Spy1535 => putative protein
[13:00:06] Modify product: UPF0398 protein SP_0371 => hypothetical protein
[13:00:06] Modify product: Protein RmlC homolog => Protein RmlC 
[13:00:06] Modify product: Probable capsular polysaccharide biosynthesis protein YwqC => putative capsular polysaccharide biosynthesis protein YwqC
[13:00:06] Modify product: UPF0371 protein DIP2346 => hypothetical protein
[13:00:06] Modify product: Probable ATP-dependent Clp protease ATP-binding subunit => putative ATP-dependent Clp protease ATP-binding subunit
[13:00:06] Modify product: Glutathione peroxidase homolog BsaA => Glutathione peroxidase BsaA
[13:00:06] Modify product: Putative zinc metalloprotease SA1105 => Putative zinc metalloprotease
[13:00:06] Modify product: Uncharacterized HTH-type transcriptional regulator YdjF => putative HTH-type transcriptional regulator YdjF
[13:00:06] Modify product: UPF0210 protein SP_0239 => hypothetical protein
[13:00:06] Modify product: UPF0237 protein SP_0238 => hypothetical protein
[13:00:06] Modify product: UPF0473 protein SP_0194 => hypothetical protein
[13:00:06] Modify product: UPF0297 protein SP_0192 => hypothetical protein
[13:00:06] Modify product: Probable murein peptide carboxypeptidase => putative murein peptide carboxypeptidase
[13:00:06] Modify product: Uncharacterized HTH-type transcriptional regulator SACOL2360 => putative HTH-type transcriptional regulator
[13:00:06] Modify product: Uncharacterized ABC transporter ATP-binding protein YknY => putative ABC transporter ATP-binding protein YknY
[13:00:06] Modify product: UPF0053 protein HI_0107 => hypothetical protein
[13:00:06] Modify product: Uncharacterized protein YlbL => putative protein YlbL
[13:00:06] Modify product: Uncharacterized ABC transporter ATP-binding protein YknY => putative ABC transporter ATP-binding protein YknY
[13:00:06] Modify product: Uncharacterized metal-dependent hydrolase YcfH => putative metal-dependent hydrolase YcfH
[13:00:06] Modify product: Putative universal stress protein SA1532 => Putative universal stress protein
[13:00:06] Modify product: Uncharacterized protein YhaP => putative protein YhaP
[13:00:06] Modify product: Multidrug efflux system ATP-binding protein Rv1218c => Multidrug efflux system ATP-binding protein
[13:00:06] Modify product: Uncharacterized protein YqeH => putative protein YqeH
[13:00:06] Modify product: Uncharacterized MscS family protein YkuT => putative MscS family protein YkuT
[13:00:06] Modify product: DegV domain-containing protein spr0652 => DegV domain-containing protein
[13:00:06] Modify product: Uncharacterized protein HI_0933 => putative protein
[13:00:06] Modify product: Probable copper-transporting ATPase PacS => putative copper-transporting ATPase PacS
[13:00:06] Modify product: Fluoroquinolones export ATP-binding protein Rv2688c => Fluoroquinolones export ATP-binding protein
[13:00:06] Modify product: Uncharacterized oxidoreductase SA2266 => putative oxidoreductase
[13:00:06] Modify product: UPF0340 protein YwlG => hypothetical protein
[13:00:06] Modify product: Uncharacterized response regulatory protein SACOL0201 => putative response regulatory protein
[13:00:06] Modify product: UPF0356 protein SP_0122 => hypothetical protein
[13:00:06] Modify product: Uncharacterized transporter YycB => putative transporter YycB
[13:00:06] Modify product: UPF0176 protein SP_0095 => hypothetical protein
[13:00:06] Modify product: Uncharacterized multiple-sugar transport system permease YteP => putative multiple-sugar transport system permease YteP
[13:00:06] Modify product: UPF0223 protein BH2638 => hypothetical protein
[13:00:06] Modify product: Phosphate-specific transport system accessory protein PhoU homolog => Phosphate-specific transport system accessory protein PhoU 
[13:00:06] Modify product: UPF0342 protein SP_1372 => hypothetical protein
[13:00:06] Modify product: Uncharacterized oxidoreductase YjhC => putative oxidoreductase YjhC
[13:00:06] Modify product: Tyrosine recombinase XerD-like => Tyrosine recombinase XerD-like protein
[13:00:06] Modify product: Probable multidrug resistance ABC transporter ATP-binding/permease protein YheI => putative multidrug resistance ABC transporter ATP-binding/permease protein YheI
[13:00:06] Modify product: Probable multidrug resistance ABC transporter ATP-binding/permease protein YheH => putative multidrug resistance ABC transporter ATP-binding/permease protein YheH
[13:00:06] Modify product: Phosphate-specific transport system accessory protein PhoU homolog => Phosphate-specific transport system accessory protein PhoU 
[13:00:06] Modify product: Putative trans-acting regulator SP_1800 => Putative trans-acting regulator
[13:00:06] Modify product: Uncharacterized multiple-sugar transport system permease YteP => putative multiple-sugar transport system permease YteP
[13:00:06] Modify product: Uncharacterized AAA domain-containing protein Rv2559c => putative AAA domain-containing protein
[13:00:06] Modify product: Probable pyridine nucleotide-disulfide oxidoreductase RclA => putative pyridine nucleotide-disulfide oxidoreductase RclA
[13:00:06] Modify product: Uncharacterized glycosyltransferase EpsJ => putative glycosyltransferase EpsJ
[13:00:06] Modify product: Probable transcription repressor NiaR => putative transcription repressor NiaR
[13:00:06] Modify product: Uncharacterized ABC transporter permease YknZ => putative ABC transporter permease YknZ
[13:00:06] Modify product: Uncharacterized ABC transporter ATP-binding protein YknY => putative ABC transporter ATP-binding protein YknY
[13:00:06] Modify product: Uncharacterized ABC transporter ATP-binding protein YbiT => putative ABC transporter ATP-binding protein YbiT
[13:00:06] Modify product: Probable dual-specificity RNA methyltransferase RlmN => putative dual-specificity RNA methyltransferase RlmN
[13:00:06] Modify product: Uncharacterized protein YqeN => putative protein YqeN
[13:00:06] Modify product: Probable dihydroorotate dehydrogenase A (fumarate) => putative dihydroorotate dehydrogenase A (fumarate)
[13:00:06] Modify product: Probable FMN/FAD exporter YeeO => putative FMN/FAD exporter YeeO
[13:00:06] Modify product: Uncharacterized protein YbbA => putative protein YbbA
[13:00:06] Modify product: Probable tRNA sulfurtransferase => putative tRNA sulfurtransferase
[13:00:06] Modify product: UPF0051 protein SA0778 => hypothetical protein
[13:00:06] Modify product: UPF0051 protein SA0778 => hypothetical protein
[13:00:06] Modify product: Probable ABC transporter ATP-binding protein M6_Spy0273 => putative ABC transporter ATP-binding protein
[13:00:06] Modify product: Putative lipid kinase SP_1045 => Putative lipid kinase
[13:00:06] Modify product: Probable siderophore transport system permease protein YfhA => putative siderophore transport system permease protein YfhA
[13:00:06] Modify product: Uncharacterized RNA methyltransferase SP_1029 => putative RNA methyltransferase
[13:00:06] Modify product: Uncharacterized protein YpuA => putative protein YpuA
[13:00:06] Modify product: Putative dipeptidase SA1572 => Putative dipeptidase
[13:00:06] Modify product: UPF0758 protein SP_1088 => hypothetical protein
[13:00:06] Modify product: Putative glutamine amidotransferase Rv2859c => Putative glutamine amidotransferase
[13:00:06] Modify product: Nucleoid-associated protein SP_1102 => Nucleoid-associated protein
[13:00:06] Modify product: DegV domain-containing protein SP_1112 => DegV domain-containing protein
[13:00:06] Modify product: Probable bifunctional oligoribonuclease and PAP phosphatase NrnA => putative bifunctional oligoribonuclease and PAP phosphatase NrnA
[13:00:06] Modify product: Putative phosphatase M6_Spy0533 => Putative phosphatase
[13:00:06] Modify product: UPF0122 protein SP_1288 => hypothetical protein
[13:00:06] Modify product: Protease HtpX homolog => Protease HtpX 
[13:00:06] Modify product: Uncharacterized ABC transporter ATP-binding protein YheS => putative ABC transporter ATP-binding protein YheS
[13:00:06] Modify product: Probable glutamine ABC transporter permease protein GlnP => putative glutamine ABC transporter permease protein GlnP
[13:00:06] Modify product: Probable glutamine ABC transporter permease protein GlnM => putative glutamine ABC transporter permease protein GlnM
[13:00:06] Modify product: Putative NAD(P)H nitroreductase Spy0809 => Putative NAD(P)H nitroreductase
[13:00:06] Modify product: Putative glutamine amidotransferase Rv2859c => Putative glutamine amidotransferase
[13:00:06] Modify product: Uncharacterized ABC transporter ATP-binding protein TM_0288 => putative ABC transporter ATP-binding protein
[13:00:06] Modify product: Uncharacterized ABC transporter ATP-binding protein Rv1273c => putative ABC transporter ATP-binding protein
[13:00:06] Modify product: Phosphate-specific transport system accessory protein PhoU homolog => Phosphate-specific transport system accessory protein PhoU 
[13:00:06] Modify product: Uncharacterized protein YqgN => putative protein YqgN
[13:00:06] Modify product: Uncharacterized inner membrane transporter YicL => putative inner membrane transporter YicL
[13:00:06] Modify product: Probable nicotinate-nucleotide pyrophosphorylase [carboxylating] => putative nicotinate-nucleotide pyrophosphorylase [carboxylating]
[13:00:06] Modify product: Probable L-ascorbate-6-phosphate lactonase UlaG => putative L-ascorbate-6-phosphate lactonase UlaG
[13:00:06] Modify product: Probable licABCH operon regulator => putative licABCH operon regulator
[13:00:06] Modify product: GTP cyclohydrolase 1 type 2 homolog => GTP cyclohydrolase 1 type 2 
[13:00:06] Modify product: Probable SapB synthase => putative SapB synthase
[13:00:06] Modify product: Probable glycerol uptake facilitator protein => putative glycerol uptake facilitator protein
[13:00:06] Modify product: Rqc2 homolog RqcH => Rqc2 RqcH
[13:00:06] Modify product: Probable protein-export membrane protein SecG => putative protein-export membrane protein SecG
[13:00:06] Modify product: Probable S-adenosyl-L-methionine-dependent methyltransferase TehB => putative S-adenosyl-L-methionine-dependent methyltransferase TehB
[13:00:06] Modify product: Uncharacterized protein Spy1595 => putative protein
[13:00:06] Modify product: Uncharacterized amino acid permease YhdG => putative amino acid permease YhdG
[13:00:06] Modify product: UPF0397 protein SP_0482 => hypothetical protein
[13:00:06] Modify product: Uncharacterized HTH-type transcriptional regulator YbbH => putative HTH-type transcriptional regulator YbbH
[13:00:06] Modify product: Uncharacterized ABC transporter ATP-binding protein Rv0986 => putative ABC transporter ATP-binding protein
[13:00:06] Modify product: Probable metallo-hydrolase M6_Spy0554 => putative metallo-hydrolase
[13:00:06] Modify product: Probable ATP-dependent RNA helicase YfmL => putative ATP-dependent RNA helicase YfmL
[13:00:06] Modify product: UPF0291 protein SP_1473 => hypothetical protein
[13:00:06] Modify product: Probable NADH oxidase => putative NADH oxidase
[13:00:07] Modify product: UPF0073 inner membrane protein YqfA => hypothetical protein
[13:00:07] Modify product: Probable amino-acid permease protein YxeN => putative amino-acid permease protein YxeN
[13:00:07] Modify product: Uncharacterized inner membrane transporter YicL => putative inner membrane transporter YicL
[13:00:07] Modify product: Uncharacterized ABC transporter ATP-binding protein TM_0288 => putative ABC transporter ATP-binding protein
[13:00:07] Modify product: Uncharacterized ABC transporter ATP-binding protein Rv0986 => putative ABC transporter ATP-binding protein
[13:00:07] Modify product: Probable ribosomal protein YlxQ => putative ribosomal protein YlxQ
[13:00:07] Modify product: UPF0346 protein SP_0947 => hypothetical protein
[13:00:07] Modify product: Acetyltransferase PA3944 => Acetyltransferase
[13:00:07] Modify product: Bifunctional protein FolD => Bifunctional protein FolD protein
[13:00:07] Modify product: Uncharacterized protein SA1069 => putative protein
[13:00:07] Modify product: Uncharacterized protein Spy1614 => putative protein
[13:00:07] Modify product: Sulfurtransferase Alvin_2599 => Sulfurtransferase
[13:00:07] Modify product: Uncharacterized protein YccU => putative protein YccU
[13:00:07] Modify product: Uncharacterized ABC transporter ATP-binding protein Rv1273c => putative ABC transporter ATP-binding protein
[13:00:07] Modify product: Probable riboflavin import permease protein RfuC => putative riboflavin import permease protein RfuC
[13:00:07] Modify product: UPF0374 protein SP_1903 => hypothetical protein
[13:00:07] Modify product: Probable DNA-directed RNA polymerase subunit delta => putative DNA-directed RNA polymerase subunit delta
[13:00:07] Modify product: Probable N-acetyl-LL-diaminopimelate aminotransferase => putative N-acetyl-LL-diaminopimelate aminotransferase
[13:00:07] Modify product: UPF0324 inner membrane protein YeiH => hypothetical protein
[13:00:07] Modify product: Probable peptidoglycan glycosyltransferase FtsW => putative peptidoglycan glycosyltransferase FtsW
[13:00:07] Modify product: Uncharacterized ABC transporter ATP-binding protein YbiT => putative ABC transporter ATP-binding protein YbiT
[13:00:07] Modify product: Probable type I restriction enzyme BthVORF4518P M protein => putative type I restriction enzymeP M protein
[13:00:07] Cleaned 133 /product names
[13:00:07] Deleting unwanted file: ./SHdataset/ERR044980/PROKKA_06122025.sprot.tmp.2522975.faa
[13:00:07] Deleting unwanted file: ./SHdataset/ERR044980/PROKKA_06122025.sprot.tmp.2522975.blast
[13:00:07] There are still 834 unannotated CDS left (started with 2008)
[13:00:07] Will use hmmer3 to search against /hps/software/users/jlees/vrbouza/miniforge3/envs/prokka/db/hmm/HAMAP.hmm with 8 CPUs
[13:00:07] Running: cat \.\/SHdataset\/ERR044980\/PROKKA_06122025\.HAMAP\.hmm\.tmp\.2522975\.faa | parallel --gnu --plain -j 8 --block 12801 --recstart '>' --pipe hmmscan --noali --notextw --acc -E 1e-09 --cpu 1 /hps/software/users/jlees/vrbouza/miniforge3/envs/prokka/db/hmm/HAMAP.hmm /dev/stdin > \.\/SHdataset\/ERR044980\/PROKKA_06122025\.HAMAP\.hmm\.tmp\.2522975\.hmmer3 2> /dev/null
[13:00:13] Modify product: Protein SprT-like => Protein SprT-like protein
[13:00:13] Cleaned 1 /product names
[13:00:13] Deleting unwanted file: ./SHdataset/ERR044980/PROKKA_06122025.HAMAP.hmm.tmp.2522975.faa
[13:00:13] Deleting unwanted file: ./SHdataset/ERR044980/PROKKA_06122025.HAMAP.hmm.tmp.2522975.hmmer3
[13:00:13] Labelling remaining 757 proteins as 'hypothetical protein'
[13:00:13] Possible /pseudo 'UDP-galactopyranose mutase' at contig00001 position 74741
[13:00:13] Possible /pseudo 'L-cystine-binding protein TcyA' at contig00001 position 248374
[13:00:13] Possible /pseudo 'Multidrug resistance ABC transporter ATP-binding and permease protein' at contig00003 position 101875
[13:00:13] Possible /pseudo 'putative ABC transporter ATP-binding protein' at contig00004 position 8818
[13:00:13] Possible /pseudo 'Glycosyltransferase GlyE' at contig00005 position 67401
[13:00:13] Possible /pseudo 'UDP-N-acetylglucosamine--peptide N-acetylglucosaminyltransferase stabilizing protein GtfB' at contig00005 position 74824
[13:00:13] Possible /pseudo 'O-acetyl-L-homoserine sulfhydrylase' at contig00006 position 27839
[13:00:13] Possible /pseudo 'Coenzyme A biosynthesis bifunctional protein CoaBC' at contig00006 position 42109
[13:00:13] Possible /pseudo '2-isopropylmalate synthase' at contig00006 position 68905
[13:00:13] Possible /pseudo 'IS630 family transposase ISSpn2' at contig00007 position 46253
[13:00:13] Possible /pseudo 'Phosphate import ATP-binding protein PstB 3' at contig00010 position 23955
[13:00:13] Possible /pseudo 'IS630 family transposase ISSpn2' at contig00012 position 9383
[13:00:13] Possible /pseudo 'IS4 family transposase ISSsu2' at contig00017 position 37398
[13:00:13] Possible /pseudo 'Glycerate kinase' at contig00019 position 37065
[13:00:13] Possible /pseudo 'Putative fluoride ion transporter CrcB' at contig00021 position 2996
[13:00:13] Possible /pseudo 'IS5 family transposase IS1515' at contig00034 position 5882
[13:00:13] Possible /pseudo 'IS630 family transposase IS630-Spn1' at contig00035 position 15866
[13:00:13] Possible /pseudo 'putative protein' at contig00036 position 15381
[13:00:13] Found 996 unique /gene codes.
[13:00:13] Fixed 2 duplicate /gene - glxK_1 glxK_2
[13:00:13] Fixed 4 duplicate /gene - manZ_1 manZ_2 manZ_3 manZ_4
[13:00:13] Fixed 2 duplicate /gene - lmrA_1 lmrA_2
[13:00:13] Fixed 3 duplicate /gene - yknY_1 yknY_2 yknY_3
[13:00:13] Fixed 2 duplicate /gene - deoD_1 deoD_2
[13:00:13] Fixed 2 duplicate /gene - gtfA_1 gtfA_2
[13:00:13] Fixed 2 duplicate /gene - galT_1 galT_2
[13:00:13] Fixed 2 duplicate /gene - ecsA_1 ecsA_2
[13:00:13] Fixed 2 duplicate /gene - gmuD_1 gmuD_2
[13:00:13] Fixed 2 duplicate /gene - lcnD_1 lcnD_2
[13:00:13] Fixed 2 duplicate /gene - galK_1 galK_2
[13:00:13] Fixed 2 duplicate /gene - cutC_1 cutC_2
[13:00:13] Fixed 2 duplicate /gene - gph_1 gph_2
[13:00:13] Fixed 2 duplicate /gene - lacR_1 lacR_2
[13:00:13] Fixed 3 duplicate /gene - sarA_1 sarA_2 sarA_3
[13:00:13] Fixed 2 duplicate /gene - nanA_1 nanA_2
[13:00:13] Fixed 2 duplicate /gene - fpgS_1 fpgS_2
[13:00:13] Fixed 2 duplicate /gene - gatC_1 gatC_2
[13:00:13] Fixed 2 duplicate /gene - ssb_1 ssb_2
[13:00:13] Fixed 3 duplicate /gene - argR_1 argR_2 argR_3
[13:00:13] Fixed 2 duplicate /gene - lacC_1 lacC_2
[13:00:13] Fixed 2 duplicate /gene - bglH_1 bglH_2
[13:00:13] Fixed 2 duplicate /gene - ettA_1 ettA_2
[13:00:13] Fixed 2 duplicate /gene - secA_1 secA_2
[13:00:13] Fixed 2 duplicate /gene - artM_1 artM_2
[13:00:13] Fixed 3 duplicate /gene - ykoD_1 ykoD_2 ykoD_3
[13:00:13] Fixed 3 duplicate /gene - glyE_1 glyE_2 glyE_3
[13:00:13] Fixed 2 duplicate /gene - thiM_1 thiM_2
[13:00:13] Fixed 3 duplicate /gene - lagD_1 lagD_2 lagD_3
[13:00:13] Fixed 4 duplicate /gene - glyG_1 glyG_2 glyG_3 glyG_4
[13:00:13] Fixed 2 duplicate /gene - iscS_1 iscS_2
[13:00:13] Fixed 2 duplicate /gene - pepA_1 pepA_2
[13:00:13] Fixed 2 duplicate /gene - ruvB_1 ruvB_2
[13:00:13] Fixed 2 duplicate /gene - yteP_1 yteP_2
[13:00:13] Fixed 2 duplicate /gene - msmX_1 msmX_2
[13:00:13] Fixed 2 duplicate /gene - lnpD_1 lnpD_2
[13:00:13] Fixed 2 duplicate /gene - licT_1 licT_2
[13:00:13] Fixed 2 duplicate /gene - rluD_1 rluD_2
[13:00:13] Fixed 2 duplicate /gene - coaBC_1 coaBC_2
[13:00:13] Fixed 2 duplicate /gene - arlR_1 arlR_2
[13:00:13] Fixed 4 duplicate /gene - xerC_1 xerC_2 xerC_3 xerC_4
[13:00:13] Fixed 2 duplicate /gene - def_1 def_2
[13:00:13] Fixed 2 duplicate /gene - ybiT_1 ybiT_2
[13:00:13] Fixed 2 duplicate /gene - levE_1 levE_2
[13:00:13] Fixed 3 duplicate /gene - bcrA_1 bcrA_2 bcrA_3
[13:00:13] Fixed 2 duplicate /gene - yxdL_1 yxdL_2
[13:00:13] Fixed 2 duplicate /gene - COQ5_1 COQ5_2
[13:00:13] Fixed 2 duplicate /gene - rsuA_1 rsuA_2
[13:00:13] Fixed 2 duplicate /gene - mshD_1 mshD_2
[13:00:13] Fixed 2 duplicate /gene - secY_1 secY_2
[13:00:13] Fixed 3 duplicate /gene - gtfB_1 gtfB_2 gtfB_3
[13:00:13] Fixed 2 duplicate /gene - udk_1 udk_2
[13:00:13] Fixed 2 duplicate /gene - pepF1_1 pepF1_2
[13:00:13] Fixed 3 duplicate /gene - pstB3_1 pstB3_2 pstB3_3
[13:00:13] Fixed 3 duplicate /gene - phoU_1 phoU_2 phoU_3
[13:00:13] Fixed 2 duplicate /gene - clpC_1 clpC_2
[13:00:13] Fixed 2 duplicate /gene - IMPDH_1 IMPDH_2
[13:00:13] Fixed 2 duplicate /gene - tadA_1 tadA_2
[13:00:13] Fixed 2 duplicate /gene - ecfT_1 ecfT_2
[13:00:13] Fixed 2 duplicate /gene - yidA_1 yidA_2
[13:00:13] Fixed 2 duplicate /gene - sorC_1 sorC_2
[13:00:13] Fixed 2 duplicate /gene - pcp_1 pcp_2
[13:00:13] Fixed 5 duplicate /gene - btuD_1 btuD_2 btuD_3 btuD_4 btuD_5
[13:00:13] Fixed 2 duplicate /gene - ccpA_1 ccpA_2
[13:00:13] Fixed 2 duplicate /gene - lnrL_1 lnrL_2
[13:00:13] Fixed 2 duplicate /gene - resA_1 resA_2
[13:00:13] Fixed 2 duplicate /gene - licA_1 licA_2
[13:00:13] Fixed 2 duplicate /gene - glnH_1 glnH_2
[13:00:13] Fixed 2 duplicate /gene - ptsG_1 ptsG_2
[13:00:13] Fixed 2 duplicate /gene - dsbD_1 dsbD_2
[13:00:13] Fixed 2 duplicate /gene - thiE_1 thiE_2
[13:00:13] Fixed 2 duplicate /gene - metG_1 metG_2
[13:00:13] Fixed 2 duplicate /gene - lytA_1 lytA_2
[13:00:13] Fixed 2 duplicate /gene - murA1_1 murA1_2
[13:00:13] Fixed 2 duplicate /gene - crcB_1 crcB_2
[13:00:13] Fixed 3 duplicate /gene - sasA_1 sasA_2 sasA_3
[13:00:13] Fixed 2 duplicate /gene - adh_1 adh_2
[13:00:13] Fixed 2 duplicate /gene - rapA_1 rapA_2
[13:00:13] Fixed 2 duplicate /gene - glgX_1 glgX_2
[13:00:13] Fixed 2 duplicate /gene - glf_1 glf_2
[13:00:13] Fixed 2 duplicate /gene - leuA_1 leuA_2
[13:00:13] Fixed 2 duplicate /gene - spxA_1 spxA_2
[13:00:13] Fixed 5 duplicate /gene - glnQ_1 glnQ_2 glnQ_3 glnQ_4 glnQ_5
[13:00:13] Fixed 2 duplicate /gene - lacF_1 lacF_2
[13:00:13] Fixed 2 duplicate /gene - tenA_1 tenA_2
[13:00:13] Fixed 2 duplicate /gene - agaA_1 agaA_2
[13:00:13] Fixed 2 duplicate /gene - tagU_1 tagU_2
[13:00:13] Fixed 2 duplicate /gene - araQ_1 araQ_2
[13:00:13] Fixed 2 duplicate /gene - gpmA_1 gpmA_2
[13:00:13] Fixed 2 duplicate /gene - yicL_1 yicL_2
[13:00:13] Fixed 2 duplicate /gene - ulaA_1 ulaA_2
[13:00:13] Fixed 2 duplicate /gene - artP_1 artP_2
[13:00:13] Fixed 2 duplicate /gene - agrA_1 agrA_2
[13:00:13] Fixed 3 duplicate /gene - manX_1 manX_2 manX_3
[13:00:13] Fixed 2 duplicate /gene - licC_1 licC_2
[13:00:13] Fixed 2 duplicate /gene - dinG_1 dinG_2
[13:00:13] Fixed 2 duplicate /gene - tcyA_1 tcyA_2
[13:00:13] Fixed 2 duplicate /gene - bglK_1 bglK_2
[13:00:13] Fixed 98 colliding /gene names.
[13:00:13] Adding /locus_tag identifiers
[13:00:13] Assigned 2048 locus_tags to CDS and RNA features.
[13:00:13] Writing outputs to ./SHdataset/ERR044980/
[13:00:13] Generating annotation statistics file
[13:00:13] Generating Genbank and Sequin files
[13:00:13] Running: tbl2asn -V b -a r10k -l paired-ends -M n -N 1 -y 'Annotated using prokka 1.14.6 from https://github.com/tseemann/prokka' -Z \.\/SHdataset\/ERR044980\/PROKKA_06122025\.err -i \.\/SHdataset\/ERR044980\/PROKKA_06122025\.fsa 2> /dev/null
[13:00:18] Deleting unwanted file: ./SHdataset/ERR044980/errorsummary.val
[13:00:18] Deleting unwanted file: ./SHdataset/ERR044980/PROKKA_06122025.dr
[13:00:18] Deleting unwanted file: ./SHdataset/ERR044980/PROKKA_06122025.fixedproducts
[13:00:18] Deleting unwanted file: ./SHdataset/ERR044980/PROKKA_06122025.ecn
[13:00:18] Deleting unwanted file: ./SHdataset/ERR044980/PROKKA_06122025.val
[13:00:18] Repairing broken .GBK output that tbl2asn produces...
[13:00:18] Running: sed 's/COORDINATES: profile/COORDINATES:profile/' < \.\/SHdataset\/ERR044980\/PROKKA_06122025\.gbf > \.\/SHdataset\/ERR044980\/PROKKA_06122025\.gbk
[13:00:18] Deleting unwanted file: ./SHdataset/ERR044980/PROKKA_06122025.gbf
[13:00:18] Output files:
[13:00:18] ./SHdataset/ERR044980/PROKKA_06122025.faa
[13:00:18] ./SHdataset/ERR044980/PROKKA_06122025.tsv
[13:00:18] ./SHdataset/ERR044980/PROKKA_06122025.gff
[13:00:18] ./SHdataset/ERR044980/PROKKA_06122025.fna
[13:00:18] ./SHdataset/ERR044980/PROKKA_06122025.gbk
[13:00:18] ./SHdataset/ERR044980/PROKKA_06122025.fsa
[13:00:18] ./SHdataset/ERR044980/PROKKA_06122025.txt
[13:00:18] ./SHdataset/ERR044980/PROKKA_06122025.tbl
[13:00:18] ./SHdataset/ERR044980/PROKKA_06122025.sqn
[13:00:18] ./SHdataset/ERR044980/PROKKA_06122025.err
[13:00:18] ./SHdataset/ERR044980/PROKKA_06122025.log
[13:00:18] ./SHdataset/ERR044980/PROKKA_06122025.ffn
[13:00:18] Annotation finished successfully.
[13:00:18] Walltime used: 0.77 minutes
[13:00:18] If you use this result please cite the Prokka paper:
[13:00:18] Seemann T (2014) Prokka: rapid prokaryotic genome annotation. Bioinformatics. 30(14):2068-9.
[13:00:18] Type 'prokka --citation' for more details.
[13:00:18] Thank you, come again.
