[12:54:39] This is prokka 1.14.6
[12:54:39] Written by Torsten Seemann <torsten.seemann@gmail.com>
[12:54:39] Homepage is https://github.com/tseemann/prokka
[12:54:39] Local time is Thu Jun 12 12:54:39 2025
[12:54:39] You are vrbouza
[12:54:39] Operating system is linux
[12:54:39] You have BioPerl 1.7.8
[12:54:39] System has 48 cores.
[12:54:39] Will use maximum of 8 cores.
[12:54:39] Annotating as >>> Bacteria <<<
[12:54:39] Generating locus_tag from '/nfs/research/jlees/vrbouza/data/clustering_benchmarking/2025_05_14_initialLeoniedata/SHdataset/ERR044925.fa' contents.
[12:54:39] Setting --locustag GNCCGABL from MD5 07cc0ab5ef719a2b4bfaa4b6c38ae3e0
[12:54:39] Creating new output folder: ./SHdataset/ERR044925
[12:54:39] Running: mkdir -p \.\/SHdataset\/ERR044925
[12:54:39] Using filename prefix: PROKKA_06122025.XXX
[12:54:39] Setting HMMER_NCPU=1
[12:54:39] Writing log to: ./SHdataset/ERR044925/PROKKA_06122025.log
[12:54:39] Command: /hps/software/users/jlees/vrbouza/miniforge3/envs/prokka/bin/prokka --outdir ./SHdataset/ERR044925 /nfs/research/jlees/vrbouza/data/clustering_benchmarking/2025_05_14_initialLeoniedata/SHdataset/ERR044925.fa
[12:54:39] Appending to PATH: /hps/software/users/jlees/vrbouza/miniforge3/envs/prokka/bin
[12:54:39] Looking for 'aragorn' - found /hps/software/users/jlees/vrbouza/miniforge3/envs/prokka/bin/aragorn
[12:54:39] Determined aragorn version is 001002 from 'ARAGORN v1.2.41 Dean Laslett'
[12:54:39] Looking for 'barrnap' - found /hps/software/users/jlees/vrbouza/miniforge3/envs/prokka/bin/barrnap
[12:54:39] Determined barrnap version is 000009 from 'barrnap 0.9'
[12:54:39] Looking for 'blastp' - found /hps/software/users/jlees/vrbouza/miniforge3/envs/prokka/bin/blastp
[12:54:39] Determined blastp version is 002016 from 'blastp: 2.16.0+'
[12:54:39] Looking for 'cmpress' - found /hps/software/users/jlees/vrbouza/miniforge3/envs/prokka/bin/cmpress
[12:54:39] Determined cmpress version is 001001 from '# INFERNAL 1.1.5 (Sep 2023)'
[12:54:39] Looking for 'cmscan' - found /hps/software/users/jlees/vrbouza/miniforge3/envs/prokka/bin/cmscan
[12:54:39] Determined cmscan version is 001001 from '# INFERNAL 1.1.5 (Sep 2023)'
[12:54:39] Looking for 'egrep' - found /usr/bin/egrep
[12:54:39] Looking for 'find' - found /usr/bin/find
[12:54:39] Looking for 'grep' - found /usr/bin/grep
[12:54:39] Looking for 'hmmpress' - found /hps/software/users/jlees/vrbouza/miniforge3/envs/prokka/bin/hmmpress
[12:54:39] Determined hmmpress version is 003004 from '# HMMER 3.4 (Aug 2023); http://hmmer.org/'
[12:54:39] Looking for 'hmmscan' - found /hps/software/users/jlees/vrbouza/miniforge3/envs/prokka/bin/hmmscan
[12:54:39] Determined hmmscan version is 003004 from '# HMMER 3.4 (Aug 2023); http://hmmer.org/'
[12:54:39] Looking for 'java' - found /hps/software/users/jlees/vrbouza/miniforge3/envs/prokka/bin/java
[12:54:39] Looking for 'makeblastdb' - found /hps/software/users/jlees/vrbouza/miniforge3/envs/prokka/bin/makeblastdb
[12:54:39] Determined makeblastdb version is 002016 from 'makeblastdb: 2.16.0+'
[12:54:39] Looking for 'minced' - found /hps/software/users/jlees/vrbouza/miniforge3/envs/prokka/bin/minced
[12:54:39] Determined minced version is 004002 from 'minced 0.4.2'
[12:54:39] Looking for 'parallel' - found /hps/software/users/jlees/vrbouza/miniforge3/envs/prokka/bin/parallel
[12:54:40] Determined parallel version is 20250422 from 'GNU parallel 20250422'
[12:54:40] Looking for 'prodigal' - found /hps/software/users/jlees/vrbouza/miniforge3/envs/prokka/bin/prodigal
[12:54:40] Determined prodigal version is 002006 from 'Prodigal V2.6.3: February, 2016'
[12:54:40] Looking for 'prokka-genbank_to_fasta_db' - found /hps/software/users/jlees/vrbouza/miniforge3/envs/prokka/bin/prokka-genbank_to_fasta_db
[12:54:40] Looking for 'sed' - found /usr/bin/sed
[12:54:40] Looking for 'tbl2asn' - found /hps/software/users/jlees/vrbouza/miniforge3/envs/prokka/bin/tbl2asn
[12:54:40] Determined tbl2asn version is 025007 from 'tbl2asn 25.7   arguments:'
[12:54:40] Using genetic code table 11.
[12:54:40] Loading and checking input file: /nfs/research/jlees/vrbouza/data/clustering_benchmarking/2025_05_14_initialLeoniedata/SHdataset/ERR044925.fa
[12:54:40] Wrote 308 contigs totalling 2122110 bp.
[12:54:40] Predicting tRNAs and tmRNAs
[12:54:40] Running: aragorn -l -gc11  -w \.\/SHdataset\/ERR044925\/PROKKA_06122025\.fna
[12:54:40] 1 tRNA-Lys [14873,14948] 35 (ctt)
[12:54:40] 2 tRNA-Ser c[123309,123398] 36 (gct)
[12:54:40] 3 tRNA-Ile c[123403,123478] 36 (gat)
[12:54:40] 4 tRNA-Gly c[123513,123583] 33 (tcc)
[12:54:40] 5 tRNA-Phe c[123603,123675] 34 (gaa)
[12:54:40] 6 tRNA-Met c[123679,123752] 35 (cat)
[12:54:40] 7 tRNA-Ser c[123766,123855] 37 (tga)
[12:54:40] 8 tRNA-Met c[123866,123939] 35 (cat)
[12:54:40] 9 tRNA-Met c[123952,124027] 36 (cat)
[12:54:40] 10 tRNA-Pro c[124031,124106] 36 (tgg)
[12:54:40] 11 tRNA-Arg c[124121,124194] 35 (acg)
[12:54:40] 12 tRNA-Leu c[124204,124289] 35 (taa)
[12:54:40] 13 tRNA-Gly c[124297,124368] 33 (gcc)
[12:54:40] 14 tRNA-Thr c[124391,124463] 34 (tgt)
[12:54:40] 15 tRNA-Leu c[124481,124564] 36 (tag)
[12:54:40] 16 tRNA-Lys c[124569,124641] 34 (ttt)
[12:54:40] 17 tRNA-Asp c[124666,124738] 34 (gtc)
[12:54:40] 18 tRNA-Val c[124741,124813] 34 (tac)
[12:54:40] 1 tRNA-Arg [7916,7987] 34 (cct)
[12:54:40] 2 tRNA-Arg [56008,56081] 35 (ccg)
[12:54:40] 1 tmRNA [11227,11571] 83,118 AKNNTSYALAA*
[12:54:40] 2 tRNA-Ser c[11756,11845] 36 (gga)
[12:54:40] 1 tRNA-Arg [31242,31315] 35 (tct)
[12:54:40] 2 tRNA-Glu [33752,33823] 34 (ttc)
[12:54:40] 3 tRNA-Asn [33829,33902] 35 (gtt)
[12:54:40] 1 tRNA-Thr c[59814,59886] 34 (ggt)
[12:54:40] 1 tRNA-Leu [24531,24616] 35 (aag)
[12:54:40] 1 tRNA-Cys [21838,21911] 34 (gca)
[12:54:40] 1 tRNA-Leu c[47888,47973] 36 (caa)
[12:54:40] 2 tRNA-Gln c[47981,48054] 34 (ttg)
[12:54:40] 3 tRNA-His c[48063,48137] 35 (gtg)
[12:54:40] 4 tRNA-Trp c[48150,48222] 34 (cca)
[12:54:40] 5 tRNA-Tyr c[48225,48307] 36 (gta)
[12:54:40] 6 tRNA-Phe c[48319,48391] 34 (gaa)
[12:54:40] 7 tRNA-Met c[48395,48468] 35 (cat)
[12:54:40] 8 tRNA-Ser c[48482,48571] 37 (tga)
[12:54:40] 1 tRNA-Tyr [10386,10466] 35 (gta)
[12:54:40] 2 tRNA-Gln [10476,10547] 33 (ttg)
[12:54:40] 1 tRNA-Ala c[3219,3293] 35 (tgc)
[12:54:40] Found 39 tRNAs
[12:54:40] Predicting Ribosomal RNAs
[12:54:40] Running Barrnap with 8 threads
[12:54:41] 1 contig00051 6 5S ribosomal RNA
[12:54:41] 2 contig00051 197 23S ribosomal RNA
[12:54:41] 3 contig00051 3345 16S ribosomal RNA
[12:54:41] Found 3 rRNAs
[12:54:41] Skipping ncRNA search, enable with --rfam if desired.
[12:54:41] Total of 41 tRNA + rRNA features
[12:54:41] Searching for CRISPR repeats
[12:54:41] Found 0 CRISPRs
[12:54:41] Predicting coding sequences
[12:54:41] Contigs total 2122110 bp, so using single mode
[12:54:41] Running: prodigal -i \.\/SHdataset\/ERR044925\/PROKKA_06122025\.fna -c -m -g 11 -p single -f sco -q
[12:54:44] Found 2059 CDS
[12:54:44] Connecting features back to sequences
[12:54:44] Not using genus-specific database. Try --usegenus to enable it.
[12:54:44] Annotating CDS, please be patient.
[12:54:44] Will use 8 CPUs for similarity searching.
[12:54:44] There are still 2059 unannotated CDS left (started with 2059)
[12:54:44] Will use blast to search against /hps/software/users/jlees/vrbouza/miniforge3/envs/prokka/db/kingdom/Bacteria/IS with 8 CPUs
[12:54:44] Running: cat \.\/SHdataset\/ERR044925\/PROKKA_06122025\.IS\.tmp\.2393808\.faa | parallel --gnu --plain -j 8 --block 38021 --recstart '>' --pipe blastp -query - -db /hps/software/users/jlees/vrbouza/miniforge3/envs/prokka/db/kingdom/Bacteria/IS -evalue 1e-30 -qcov_hsp_perc 90 -num_threads 1 -num_descriptions 1 -num_alignments 1 -seg no > \.\/SHdataset\/ERR044925\/PROKKA_06122025\.IS\.tmp\.2393808\.blast 2> /dev/null
[12:54:49] Modify product: ISL3 family transposase IS1167A => ISL3 family transposaseA
[12:54:50] Cleaned 1 /product names
[12:54:50] Deleting unwanted file: ./SHdataset/ERR044925/PROKKA_06122025.IS.tmp.2393808.faa
[12:54:50] Deleting unwanted file: ./SHdataset/ERR044925/PROKKA_06122025.IS.tmp.2393808.blast
[12:54:50] There are still 2021 unannotated CDS left (started with 2059)
[12:54:50] Will use blast to search against /hps/software/users/jlees/vrbouza/miniforge3/envs/prokka/db/kingdom/Bacteria/AMR with 8 CPUs
[12:54:50] Running: cat \.\/SHdataset\/ERR044925\/PROKKA_06122025\.AMR\.tmp\.2393808\.faa | parallel --gnu --plain -j 8 --block 37610 --recstart '>' --pipe blastp -query - -db /hps/software/users/jlees/vrbouza/miniforge3/envs/prokka/db/kingdom/Bacteria/AMR -evalue 1e-300 -qcov_hsp_perc 90 -num_threads 1 -num_descriptions 1 -num_alignments 1 -seg no > \.\/SHdataset\/ERR044925\/PROKKA_06122025\.AMR\.tmp\.2393808\.blast 2> /dev/null
[12:54:54] Deleting unwanted file: ./SHdataset/ERR044925/PROKKA_06122025.AMR.tmp.2393808.faa
[12:54:54] Deleting unwanted file: ./SHdataset/ERR044925/PROKKA_06122025.AMR.tmp.2393808.blast
[12:54:55] There are still 2021 unannotated CDS left (started with 2059)
[12:54:55] Will use blast to search against /hps/software/users/jlees/vrbouza/miniforge3/envs/prokka/db/kingdom/Bacteria/sprot with 8 CPUs
[12:54:55] Running: cat \.\/SHdataset\/ERR044925\/PROKKA_06122025\.sprot\.tmp\.2393808\.faa | parallel --gnu --plain -j 8 --block 37610 --recstart '>' --pipe blastp -query - -db /hps/software/users/jlees/vrbouza/miniforge3/envs/prokka/db/kingdom/Bacteria/sprot -evalue 1e-09 -qcov_hsp_perc 80 -num_threads 1 -num_descriptions 1 -num_alignments 1 -seg no > \.\/SHdataset\/ERR044925\/PROKKA_06122025\.sprot\.tmp\.2393808\.blast 2> /dev/null
[12:55:15] Modify product: Putative zinc metalloprotease SA1105 => Putative zinc metalloprotease
[12:55:15] Modify product: Probable licABCH operon regulator => putative licABCH operon regulator
[12:55:15] Modify product: Glutathione peroxidase homolog BsaA => Glutathione peroxidase BsaA
[12:55:15] Modify product: Uncharacterized AAA domain-containing protein Rv2559c => putative AAA domain-containing protein
[12:55:15] Modify product: Uncharacterized multiple-sugar transport system permease YteP => putative multiple-sugar transport system permease YteP
[12:55:15] Modify product: Putative trans-acting regulator SP_1800 => Putative trans-acting regulator
[12:55:15] Modify product: Phosphate-specific transport system accessory protein PhoU homolog => Phosphate-specific transport system accessory protein PhoU 
[12:55:15] Modify product: Probable transcription repressor NiaR => putative transcription repressor NiaR
[12:55:15] Modify product: Probable ABC transporter ATP-binding protein M6_Spy0273 => putative ABC transporter ATP-binding protein
[12:55:15] Modify product: UPF0051 protein SA0778 => hypothetical protein
[12:55:15] Modify product: UPF0051 protein SA0778 => hypothetical protein
[12:55:15] Modify product: Probable tRNA sulfurtransferase => putative tRNA sulfurtransferase
[12:55:15] Modify product: Uncharacterized protein YbbA => putative protein YbbA
[12:55:15] Modify product: Uncharacterized ABC transporter ATP-binding protein Rv0986 => putative ABC transporter ATP-binding protein
[12:55:15] Modify product: Probable glutamine ABC transporter permease protein GlnP => putative glutamine ABC transporter permease protein GlnP
[12:55:15] Modify product: Probable glutamine ABC transporter permease protein GlnM => putative glutamine ABC transporter permease protein GlnM
[12:55:15] Modify product: Putative NAD(P)H nitroreductase Spy0809 => Putative NAD(P)H nitroreductase
[12:55:15] Modify product: Probable murein peptide carboxypeptidase => putative murein peptide carboxypeptidase
[12:55:15] Modify product: UPF0297 protein SP_0192 => hypothetical protein
[12:55:15] Modify product: UPF0473 protein SP_0194 => hypothetical protein
[12:55:15] Modify product: UPF0237 protein SP_0238 => hypothetical protein
[12:55:15] Modify product: UPF0210 protein SP_0239 => hypothetical protein
[12:55:15] Modify product: Uncharacterized inner membrane transporter YicL => putative inner membrane transporter YicL
[12:55:15] Modify product: Uncharacterized protein YqgN => putative protein YqgN
[12:55:15] Modify product: Phosphate-specific transport system accessory protein PhoU homolog => Phosphate-specific transport system accessory protein PhoU 
[12:55:15] Modify product: Uncharacterized ABC transporter ATP-binding protein Rv1273c => putative ABC transporter ATP-binding protein
[12:55:15] Modify product: Uncharacterized ABC transporter ATP-binding protein TM_0288 => putative ABC transporter ATP-binding protein
[12:55:15] Modify product: Putative glutamine amidotransferase Rv2859c => Putative glutamine amidotransferase
[12:55:15] Modify product: Probable peptidoglycan glycosyltransferase FtsW => putative peptidoglycan glycosyltransferase FtsW
[12:55:15] Modify product: Putative lipid kinase SP_1045 => Putative lipid kinase
[12:55:15] Modify product: Probable siderophore transport system permease protein YfhA => putative siderophore transport system permease protein YfhA
[12:55:15] Modify product: Uncharacterized RNA methyltransferase SP_1029 => putative RNA methyltransferase
[12:55:15] Modify product: Phosphate-specific transport system accessory protein PhoU homolog => Phosphate-specific transport system accessory protein PhoU 
[12:55:15] Modify product: UPF0342 protein SP_1372 => hypothetical protein
[12:55:15] Modify product: Uncharacterized ABC transporter ATP-binding protein Rv1273c => putative ABC transporter ATP-binding protein
[12:55:15] Modify product: Probable SapB synthase => putative SapB synthase
[12:55:15] Modify product: Uncharacterized HTH-type transcriptional regulator YbbH => putative HTH-type transcriptional regulator YbbH
[12:55:15] Modify product: Uncharacterized multiple-sugar transport system permease YteP => putative multiple-sugar transport system permease YteP
[12:55:15] Modify product: Probable ribosomal protein YlxQ => putative ribosomal protein YlxQ
[12:55:15] Modify product: Uncharacterized ABC transporter ATP-binding protein YbiT => putative ABC transporter ATP-binding protein YbiT
[12:55:15] Modify product: Putative dipeptidase SA1572 => Putative dipeptidase
[12:55:15] Modify product: Probable type I restriction enzyme BthVORF4518P M protein => putative type I restriction enzymeP M protein
[12:55:15] Modify product: Probable DNA-directed RNA polymerase subunit delta => putative DNA-directed RNA polymerase subunit delta
[12:55:15] Modify product: UPF0397 protein SP_0482 => hypothetical protein
[12:55:15] Modify product: Probable multidrug resistance ABC transporter ATP-binding/permease protein YheH => putative multidrug resistance ABC transporter ATP-binding/permease protein YheH
[12:55:15] Modify product: Probable multidrug resistance ABC transporter ATP-binding/permease protein YheI => putative multidrug resistance ABC transporter ATP-binding/permease protein YheI
[12:55:15] Modify product: UPF0702 transmembrane protein YetF => hypothetical protein
[12:55:15] Modify product: Tyrosine recombinase XerD-like => Tyrosine recombinase XerD-like protein
[12:55:15] Modify product: Probable bifunctional oligoribonuclease and PAP phosphatase NrnA => putative bifunctional oligoribonuclease and PAP phosphatase NrnA
[12:55:15] Modify product: Putative phosphatase M6_Spy0533 => Putative phosphatase
[12:55:15] Modify product: UPF0122 protein SP_1288 => hypothetical protein
[12:55:15] Modify product: Protease HtpX homolog => Protease HtpX 
[12:55:15] Modify product: Uncharacterized ABC transporter ATP-binding protein YheS => putative ABC transporter ATP-binding protein YheS
[12:55:15] Modify product: UPF0213 protein SP_1535 => hypothetical protein
[12:55:15] Modify product: Probable manganese-dependent inorganic pyrophosphatase => putative manganese-dependent inorganic pyrophosphatase
[12:55:15] Modify product: Putative transport protein Rv0205 => Putative transport protein
[12:55:15] Modify product: Probable ATP-dependent RNA helicase YfmL => putative ATP-dependent RNA helicase YfmL
[12:55:15] Modify product: UPF0291 protein SP_1473 => hypothetical protein
[12:55:15] Modify product: Probable NADH oxidase => putative NADH oxidase
[12:55:15] Modify product: UPF0073 inner membrane protein YqfA => hypothetical protein
[12:55:15] Modify product: Probable amino-acid permease protein YxeN => putative amino-acid permease protein YxeN
[12:55:15] Modify product: Uncharacterized inner membrane transporter YicL => putative inner membrane transporter YicL
[12:55:15] Modify product: UPF0223 protein BH2638 => hypothetical protein
[12:55:15] Modify product: Probable SapB synthase => putative SapB synthase
[12:55:15] Modify product: GTP cyclohydrolase 1 type 2 homolog => GTP cyclohydrolase 1 type 2 
[12:55:15] Modify product: Probable pyridine nucleotide-disulfide oxidoreductase RclA => putative pyridine nucleotide-disulfide oxidoreductase RclA
[12:55:15] Modify product: Uncharacterized MFS-type transporter YhjX => putative MFS-type transporter YhjX
[12:55:15] Modify product: Probable GTP-binding protein EngB => putative GTP-binding protein EngB
[12:55:15] Modify product: Probable cell division protein WhiA => putative cell division protein WhiA
[12:55:15] Modify product: DegV domain-containing protein spr1415 => DegV domain-containing protein
[12:55:15] Modify product: Putative trans-acting regulator SP_1800 => Putative trans-acting regulator
[12:55:15] Modify product: Uncharacterized protein YhaP => putative protein YhaP
[12:55:15] Modify product: Multidrug efflux system ATP-binding protein Rv1218c => Multidrug efflux system ATP-binding protein
[12:55:15] Modify product: Uncharacterized protein YqeH => putative protein YqeH
[12:55:15] Modify product: Uncharacterized MscS family protein YkuT => putative MscS family protein YkuT
[12:55:15] Modify product: Uncharacterized ABC transporter ATP-binding protein YknY => putative ABC transporter ATP-binding protein YknY
[12:55:15] Modify product: UPF0053 protein HI_0107 => hypothetical protein
[12:55:15] Modify product: Uncharacterized protein YlbL => putative protein YlbL
[12:55:15] Modify product: Uncharacterized ABC transporter ATP-binding protein YknY => putative ABC transporter ATP-binding protein YknY
[12:55:15] Modify product: Uncharacterized metal-dependent hydrolase YcfH => putative metal-dependent hydrolase YcfH
[12:55:15] Modify product: Putative universal stress protein SA1532 => Putative universal stress protein
[12:55:15] Modify product: Uncharacterized ABC transporter ATP-binding protein Rv0986 => putative ABC transporter ATP-binding protein
[12:55:15] Modify product: Uncharacterized HTH-type transcriptional regulator YbbH => putative HTH-type transcriptional regulator YbbH
[12:55:15] Modify product: Uncharacterized oxidoreductase YjhC => putative oxidoreductase YjhC
[12:55:16] Modify product: Probable nicotinate-nucleotide pyrophosphorylase [carboxylating] => putative nicotinate-nucleotide pyrophosphorylase [carboxylating]
[12:55:16] Modify product: Probable L-ascorbate-6-phosphate lactonase UlaG => putative L-ascorbate-6-phosphate lactonase UlaG
[12:55:16] Modify product: Probable licABCH operon regulator => putative licABCH operon regulator
[12:55:16] Modify product: UPF0398 protein SP_0371 => hypothetical protein
[12:55:16] Modify product: Protein RmlC homolog => Protein RmlC 
[12:55:16] Modify product: Probable capsular polysaccharide biosynthesis protein YwqC => putative capsular polysaccharide biosynthesis protein YwqC
[12:55:16] Modify product: Fluoroquinolones export ATP-binding protein Rv2688c => Fluoroquinolones export ATP-binding protein
[12:55:16] Modify product: Probable licABCH operon regulator => putative licABCH operon regulator
[12:55:16] Modify product: Probable FMN/FAD exporter YeeO => putative FMN/FAD exporter YeeO
[12:55:16] Modify product: UPF0356 protein SP_0122 => hypothetical protein
[12:55:16] Modify product: Probable ABC transporter ATP-binding/permease protein HI_0664 => putative ABC transporter ATP-binding/permease protein
[12:55:16] Modify product: Probable N-acetyl-LL-diaminopimelate aminotransferase => putative N-acetyl-LL-diaminopimelate aminotransferase
[12:55:16] Modify product: UPF0324 inner membrane protein YeiH => hypothetical protein
[12:55:16] Modify product: Uncharacterized protein HI_0933 => putative protein
[12:55:16] Modify product: DegV domain-containing protein spr0652 => DegV domain-containing protein
[12:55:16] Modify product: Probable dihydroorotate dehydrogenase A (fumarate) => putative dihydroorotate dehydrogenase A (fumarate)
[12:55:16] Modify product: Uncharacterized protein YqeN => putative protein YqeN
[12:55:16] Modify product: Probable dual-specificity RNA methyltransferase RlmN => putative dual-specificity RNA methyltransferase RlmN
[12:55:16] Modify product: Uncharacterized ABC transporter ATP-binding protein YbiT => putative ABC transporter ATP-binding protein YbiT
[12:55:16] Modify product: Uncharacterized ABC transporter ATP-binding protein YknY => putative ABC transporter ATP-binding protein YknY
[12:55:16] Modify product: Uncharacterized ABC transporter permease YknZ => putative ABC transporter permease YknZ
[12:55:16] Modify product: Probable glycerol uptake facilitator protein => putative glycerol uptake facilitator protein
[12:55:16] Modify product: Probable S-adenosyl-L-methionine-dependent methyltransferase TehB => putative S-adenosyl-L-methionine-dependent methyltransferase TehB
[12:55:16] Modify product: Putative glutamine amidotransferase Rv2859c => Putative glutamine amidotransferase
[12:55:16] Modify product: UPF0758 protein SP_1088 => hypothetical protein
[12:55:16] Modify product: Uncharacterized protein Spy1595 => putative protein
[12:55:16] Modify product: UPF0371 protein DIP2346 => hypothetical protein
[12:55:16] Modify product: Probable ATP-dependent Clp protease ATP-binding subunit => putative ATP-dependent Clp protease ATP-binding subunit
[12:55:16] Modify product: Sulfurtransferase Alvin_2599 => Sulfurtransferase
[12:55:16] Modify product: Uncharacterized protein YccU => putative protein YccU
[12:55:16] Modify product: Uncharacterized amino acid permease YhdG => putative amino acid permease YhdG
[12:55:16] Modify product: Uncharacterized protein Spy1614 => putative protein
[12:55:16] Modify product: Uncharacterized protein Spy1535 => putative protein
[12:55:16] Modify product: Probable transcriptional regulatory protein YeeN => putative transcriptional regulatory protein YeeN
[12:55:16] Modify product: Uncharacterized ABC transporter ATP-binding protein Rv1273c => putative ABC transporter ATP-binding protein
[12:55:16] Modify product: Uncharacterized ABC transporter ATP-binding protein TM_0288 => putative ABC transporter ATP-binding protein
[12:55:16] Modify product: UPF0346 protein SP_0947 => hypothetical protein
[12:55:16] Modify product: Acetyltransferase PA3944 => Acetyltransferase
[12:55:16] Modify product: Uncharacterized transporter YycB => putative transporter YycB
[12:55:16] Modify product: UPF0176 protein SP_0095 => hypothetical protein
[12:55:16] Modify product: Uncharacterized multiple-sugar transport system permease YteP => putative multiple-sugar transport system permease YteP
[12:55:16] Modify product: Probable copper-transporting ATPase PacS => putative copper-transporting ATPase PacS
[12:55:16] Modify product: Uncharacterized HTH-type transcriptional regulator SACOL2360 => putative HTH-type transcriptional regulator
[12:55:16] Modify product: Rqc2 homolog RqcH => Rqc2 RqcH
[12:55:16] Modify product: Probable protein-export membrane protein SecG => putative protein-export membrane protein SecG
[12:55:16] Modify product: Probable glutamine ABC transporter permease protein GlnM => putative glutamine ABC transporter permease protein GlnM
[12:55:16] Modify product: Nucleoid-associated protein SP_1102 => Nucleoid-associated protein
[12:55:16] Modify product: DegV domain-containing protein SP_1112 => DegV domain-containing protein
[12:55:16] Modify product: Uncharacterized ABC transporter ATP-binding protein YheS => putative ABC transporter ATP-binding protein YheS
[12:55:16] Modify product: Uncharacterized response regulatory protein SACOL0201 => putative response regulatory protein
[12:55:16] Modify product: UPF0340 protein YwlG => hypothetical protein
[12:55:16] Modify product: Uncharacterized oxidoreductase SA2266 => putative oxidoreductase
[12:55:16] Modify product: Probable metallo-hydrolase M6_Spy0554 => putative metallo-hydrolase
[12:55:16] Modify product: Probable riboflavin import permease protein RfuC => putative riboflavin import permease protein RfuC
[12:55:16] Modify product: Bifunctional protein FolD => Bifunctional protein FolD protein
[12:55:16] Modify product: Uncharacterized protein SA1069 => putative protein
[12:55:16] Modify product: UPF0374 protein SP_1903 => hypothetical protein
[12:55:16] Cleaned 141 /product names
[12:55:16] Deleting unwanted file: ./SHdataset/ERR044925/PROKKA_06122025.sprot.tmp.2393808.faa
[12:55:16] Deleting unwanted file: ./SHdataset/ERR044925/PROKKA_06122025.sprot.tmp.2393808.blast
[12:55:16] There are still 876 unannotated CDS left (started with 2059)
[12:55:16] Will use hmmer3 to search against /hps/software/users/jlees/vrbouza/miniforge3/envs/prokka/db/hmm/HAMAP.hmm with 8 CPUs
[12:55:16] Running: cat \.\/SHdataset\/ERR044925\/PROKKA_06122025\.HAMAP\.hmm\.tmp\.2393808\.faa | parallel --gnu --plain -j 8 --block 13120 --recstart '>' --pipe hmmscan --noali --notextw --acc -E 1e-09 --cpu 1 /hps/software/users/jlees/vrbouza/miniforge3/envs/prokka/db/hmm/HAMAP.hmm /dev/stdin > \.\/SHdataset\/ERR044925\/PROKKA_06122025\.HAMAP\.hmm\.tmp\.2393808\.hmmer3 2> /dev/null
[12:55:22] Modify product: Protein SprT-like => Protein SprT-like protein
[12:55:23] Cleaned 1 /product names
[12:55:23] Deleting unwanted file: ./SHdataset/ERR044925/PROKKA_06122025.HAMAP.hmm.tmp.2393808.faa
[12:55:23] Deleting unwanted file: ./SHdataset/ERR044925/PROKKA_06122025.HAMAP.hmm.tmp.2393808.hmmer3
[12:55:23] Labelling remaining 796 proteins as 'hypothetical protein'
[12:55:23] Possible /pseudo 'IS630 family transposase ISSpn2' at contig00001 position 58742
[12:55:23] Possible /pseudo 'Phosphate import ATP-binding protein PstB 3' at contig00001 position 137950
[12:55:23] Possible /pseudo 'Putative fluoride ion transporter CrcB' at contig00005 position 7078
[12:55:23] Possible /pseudo '3-isopropylmalate dehydrogenase' at contig00005 position 49203
[12:55:23] Possible /pseudo 'Coenzyme A biosynthesis bifunctional protein CoaBC' at contig00005 position 75152
[12:55:23] Possible /pseudo 'IS5 family transposase ISSpn7' at contig00008 position 20621
[12:55:23] Possible /pseudo 'Intracellular maltogenic amylase' at contig00010 position 32498
[12:55:23] Possible /pseudo 'Pyrrolidone-carboxylate peptidase' at contig00015 position 40232
[12:55:23] Possible /pseudo 'IS5 family transposase ISSpn7' at contig00020 position 17555
[12:55:23] Possible /pseudo 'O-acetyl-L-homoserine sulfhydrylase' at contig00020 position 31849
[12:55:23] Possible /pseudo 'putative protein' at contig00030 position 15112
[12:55:23] Possible /pseudo 'putative ABC transporter ATP-binding protein' at contig00032 position 11018
[12:55:23] Possible /pseudo 'Alanine dehydrogenase' at contig00033 position 7436
[12:55:23] Found 994 unique /gene codes.
[12:55:23] Fixed 2 duplicate /gene - deoD_1 deoD_2
[12:55:23] Fixed 2 duplicate /gene - tagU_1 tagU_2
[12:55:23] Fixed 2 duplicate /gene - adh_1 adh_2
[12:55:23] Fixed 2 duplicate /gene - galT_1 galT_2
[12:55:23] Fixed 3 duplicate /gene - sarA_1 sarA_2 sarA_3
[12:55:23] Fixed 2 duplicate /gene - fruA_1 fruA_2
[12:55:23] Fixed 2 duplicate /gene - lacC_1 lacC_2
[12:55:23] Fixed 3 duplicate /gene - manZ_1 manZ_2 manZ_3
[12:55:23] Fixed 2 duplicate /gene - glgX_1 glgX_2
[12:55:23] Fixed 2 duplicate /gene - ccpA_1 ccpA_2
[12:55:23] Fixed 2 duplicate /gene - thiE_1 thiE_2
[12:55:23] Fixed 5 duplicate /gene - btuD_1 btuD_2 btuD_3 btuD_4 btuD_5
[12:55:23] Fixed 2 duplicate /gene - licT_1 licT_2
[12:55:23] Fixed 2 duplicate /gene - yheS_1 yheS_2
[12:55:23] Fixed 2 duplicate /gene - ecfT_1 ecfT_2
[12:55:23] Fixed 3 duplicate /gene - yknY_1 yknY_2 yknY_3
[12:55:23] Fixed 2 duplicate /gene - nanA_1 nanA_2
[12:55:23] Fixed 3 duplicate /gene - lagD_1 lagD_2 lagD_3
[12:55:23] Fixed 3 duplicate /gene - bglH_1 bglH_2 bglH_3
[12:55:23] Fixed 2 duplicate /gene - ybbH_1 ybbH_2
[12:55:23] Fixed 2 duplicate /gene - ald_1 ald_2
[12:55:23] Fixed 3 duplicate /gene - gph_1 gph_2 gph_3
[12:55:23] Fixed 3 duplicate /gene - phoU_1 phoU_2 phoU_3
[12:55:23] Fixed 2 duplicate /gene - agrA_1 agrA_2
[12:55:23] Fixed 2 duplicate /gene - iscS_1 iscS_2
[12:55:23] Fixed 2 duplicate /gene - fpgS_1 fpgS_2
[12:55:23] Fixed 2 duplicate /gene - spxA_1 spxA_2
[12:55:23] Fixed 2 duplicate /gene - nagC_1 nagC_2
[12:55:23] Fixed 2 duplicate /gene - ssb_1 ssb_2
[12:55:23] Fixed 2 duplicate /gene - gpmA_1 gpmA_2
[12:55:23] Fixed 2 duplicate /gene - arlR_1 arlR_2
[12:55:23] Fixed 2 duplicate /gene - IMPDH_1 IMPDH_2
[12:55:23] Fixed 2 duplicate /gene - ptsG_1 ptsG_2
[12:55:23] Fixed 2 duplicate /gene - melD_1 melD_2
[12:55:23] Fixed 2 duplicate /gene - ybiT_1 ybiT_2
[12:55:23] Fixed 5 duplicate /gene - licC_1 licC_2 licC_3 licC_4 licC_5
[12:55:23] Fixed 2 duplicate /gene - sorB_1 sorB_2
[12:55:23] Fixed 3 duplicate /gene - yteP_1 yteP_2 yteP_3
[12:55:23] Fixed 2 duplicate /gene - manX_1 manX_2
[12:55:23] Fixed 3 duplicate /gene - gatC_1 gatC_2 gatC_3
[12:55:23] Fixed 2 duplicate /gene - bglK_1 bglK_2
[12:55:23] Fixed 2 duplicate /gene - rsuA_1 rsuA_2
[12:55:23] Fixed 2 duplicate /gene - pepF1_1 pepF1_2
[12:55:23] Fixed 2 duplicate /gene - ruvB_1 ruvB_2
[12:55:23] Fixed 2 duplicate /gene - tenA_1 tenA_2
[12:55:23] Fixed 4 duplicate /gene - lacF_1 lacF_2 lacF_3 lacF_4
[12:55:23] Fixed 2 duplicate /gene - ulaA_1 ulaA_2
[12:55:23] Fixed 2 duplicate /gene - lcnD_1 lcnD_2
[12:55:23] Fixed 2 duplicate /gene - resA_1 resA_2
[12:55:23] Fixed 3 duplicate /gene - ykoD_1 ykoD_2 ykoD_3
[12:55:23] Fixed 3 duplicate /gene - pstB3_1 pstB3_2 pstB3_3
[12:55:23] Fixed 2 duplicate /gene - glnH_1 glnH_2
[12:55:23] Fixed 2 duplicate /gene - ecsA_1 ecsA_2
[12:55:23] Fixed 2 duplicate /gene - yecS_1 yecS_2
[12:55:23] Fixed 2 duplicate /gene - glnM_1 glnM_2
[12:55:23] Fixed 2 duplicate /gene - msbA_1 msbA_2
[12:55:23] Fixed 2 duplicate /gene - udk_1 udk_2
[12:55:23] Fixed 2 duplicate /gene - galE_1 galE_2
[12:55:23] Fixed 2 duplicate /gene - lacG_1 lacG_2
[12:55:23] Fixed 2 duplicate /gene - lacR_1 lacR_2
[12:55:23] Fixed 2 duplicate /gene - dsbD_1 dsbD_2
[12:55:23] Fixed 2 duplicate /gene - ramC_1 ramC_2
[12:55:23] Fixed 5 duplicate /gene - xerC_1 xerC_2 xerC_3 xerC_4 xerC_5
[12:55:23] Fixed 3 duplicate /gene - coaBC_1 coaBC_2 coaBC_3
[12:55:23] Fixed 3 duplicate /gene - licR_1 licR_2 licR_3
[12:55:23] Fixed 2 duplicate /gene - dinG_1 dinG_2
[12:55:23] Fixed 2 duplicate /gene - murA1_1 murA1_2
[12:55:23] Fixed 2 duplicate /gene - galK_1 galK_2
[12:55:23] Fixed 2 duplicate /gene - tkt_1 tkt_2
[12:55:23] Fixed 3 duplicate /gene - pcp_1 pcp_2 pcp_3
[12:55:23] Fixed 2 duplicate /gene - yidA_1 yidA_2
[12:55:23] Fixed 3 duplicate /gene - araQ_1 araQ_2 araQ_3
[12:55:23] Fixed 3 duplicate /gene - yxdL_1 yxdL_2 yxdL_3
[12:55:23] Fixed 2 duplicate /gene - cutC_1 cutC_2
[12:55:23] Fixed 2 duplicate /gene - bbmA_1 bbmA_2
[12:55:23] Fixed 2 duplicate /gene - bcrA_1 bcrA_2
[12:55:23] Fixed 3 duplicate /gene - sasA_1 sasA_2 sasA_3
[12:55:23] Fixed 2 duplicate /gene - rluD_1 rluD_2
[12:55:23] Fixed 3 duplicate /gene - argR_1 argR_2 argR_3
[12:55:23] Fixed 2 duplicate /gene - rpe_1 rpe_2
[12:55:23] Fixed 2 duplicate /gene - prmC_1 prmC_2
[12:55:23] Fixed 2 duplicate /gene - gmuD_1 gmuD_2
[12:55:23] Fixed 2 duplicate /gene - thiM_1 thiM_2
[12:55:23] Fixed 2 duplicate /gene - def_1 def_2
[12:55:23] Fixed 2 duplicate /gene - pepA_1 pepA_2
[12:55:23] Fixed 2 duplicate /gene - mutL_1 mutL_2
[12:55:23] Fixed 2 duplicate /gene - celA_1 celA_2
[12:55:23] Fixed 2 duplicate /gene - srlR_1 srlR_2
[12:55:23] Fixed 2 duplicate /gene - leuB_1 leuB_2
[12:55:23] Fixed 2 duplicate /gene - clpC_1 clpC_2
[12:55:23] Fixed 4 duplicate /gene - glnQ_1 glnQ_2 glnQ_3 glnQ_4
[12:55:23] Fixed 3 duplicate /gene - agaA_1 agaA_2 agaA_3
[12:55:23] Fixed 2 duplicate /gene - crcB_1 crcB_2
[12:55:23] Fixed 2 duplicate /gene - artM_1 artM_2
[12:55:23] Fixed 2 duplicate /gene - mshD_1 mshD_2
[12:55:23] Fixed 2 duplicate /gene - lacE_1 lacE_2
[12:55:23] Fixed 2 duplicate /gene - tadA_1 tadA_2
[12:55:23] Fixed 3 duplicate /gene - COQ5_1 COQ5_2 COQ5_3
[12:55:23] Fixed 2 duplicate /gene - yicL_1 yicL_2
[12:55:23] Fixed 2 duplicate /gene - nanE_1 nanE_2
[12:55:23] Fixed 100 colliding /gene names.
[12:55:23] Adding /locus_tag identifiers
[12:55:23] Assigned 2101 locus_tags to CDS and RNA features.
[12:55:23] Writing outputs to ./SHdataset/ERR044925/
[12:55:23] Generating annotation statistics file
[12:55:23] Generating Genbank and Sequin files
[12:55:23] Running: tbl2asn -V b -a r10k -l paired-ends -M n -N 1 -y 'Annotated using prokka 1.14.6 from https://github.com/tseemann/prokka' -Z \.\/SHdataset\/ERR044925\/PROKKA_06122025\.err -i \.\/SHdataset\/ERR044925\/PROKKA_06122025\.fsa 2> /dev/null
[12:55:29] Deleting unwanted file: ./SHdataset/ERR044925/errorsummary.val
[12:55:29] Deleting unwanted file: ./SHdataset/ERR044925/PROKKA_06122025.dr
[12:55:29] Deleting unwanted file: ./SHdataset/ERR044925/PROKKA_06122025.fixedproducts
[12:55:29] Deleting unwanted file: ./SHdataset/ERR044925/PROKKA_06122025.ecn
[12:55:29] Deleting unwanted file: ./SHdataset/ERR044925/PROKKA_06122025.val
[12:55:29] Repairing broken .GBK output that tbl2asn produces...
[12:55:29] Running: sed 's/COORDINATES: profile/COORDINATES:profile/' < \.\/SHdataset\/ERR044925\/PROKKA_06122025\.gbf > \.\/SHdataset\/ERR044925\/PROKKA_06122025\.gbk
[12:55:30] Deleting unwanted file: ./SHdataset/ERR044925/PROKKA_06122025.gbf
[12:55:30] Output files:
[12:55:30] ./SHdataset/ERR044925/PROKKA_06122025.faa
[12:55:30] ./SHdataset/ERR044925/PROKKA_06122025.tsv
[12:55:30] ./SHdataset/ERR044925/PROKKA_06122025.gff
[12:55:30] ./SHdataset/ERR044925/PROKKA_06122025.fna
[12:55:30] ./SHdataset/ERR044925/PROKKA_06122025.gbk
[12:55:30] ./SHdataset/ERR044925/PROKKA_06122025.fsa
[12:55:30] ./SHdataset/ERR044925/PROKKA_06122025.txt
[12:55:30] ./SHdataset/ERR044925/PROKKA_06122025.tbl
[12:55:30] ./SHdataset/ERR044925/PROKKA_06122025.sqn
[12:55:30] ./SHdataset/ERR044925/PROKKA_06122025.err
[12:55:30] ./SHdataset/ERR044925/PROKKA_06122025.log
[12:55:30] ./SHdataset/ERR044925/PROKKA_06122025.ffn
[12:55:30] Annotation finished successfully.
[12:55:30] Walltime used: 0.85 minutes
[12:55:30] If you use this result please cite the Prokka paper:
[12:55:30] Seemann T (2014) Prokka: rapid prokaryotic genome annotation. Bioinformatics. 30(14):2068-9.
[12:55:30] Type 'prokka --citation' for more details.
[12:55:30] Share and enjoy!
