[12:58:46] This is prokka 1.14.6
[12:58:46] Written by Torsten Seemann <torsten.seemann@gmail.com>
[12:58:46] Homepage is https://github.com/tseemann/prokka
[12:58:46] Local time is Thu Jun 12 12:58:46 2025
[12:58:46] You are vrbouza
[12:58:46] Operating system is linux
[12:58:46] You have BioPerl 1.7.8
[12:58:46] System has 48 cores.
[12:58:46] Will use maximum of 8 cores.
[12:58:46] Annotating as >>> Bacteria <<<
[12:58:46] Generating locus_tag from '/nfs/research/jlees/vrbouza/data/clustering_benchmarking/2025_05_14_initialLeoniedata/SHdataset/ERR044978.fa' contents.
[12:58:46] Setting --locustag IJKKEMIJ from MD5 2344e623f6ab8c0e46dfa184e19ce02e
[12:58:46] Creating new output folder: ./SHdataset/ERR044978
[12:58:46] Running: mkdir -p \.\/SHdataset\/ERR044978
[12:58:46] Using filename prefix: PROKKA_06122025.XXX
[12:58:46] Setting HMMER_NCPU=1
[12:58:46] Writing log to: ./SHdataset/ERR044978/PROKKA_06122025.log
[12:58:46] Command: /hps/software/users/jlees/vrbouza/miniforge3/envs/prokka/bin/prokka --outdir ./SHdataset/ERR044978 /nfs/research/jlees/vrbouza/data/clustering_benchmarking/2025_05_14_initialLeoniedata/SHdataset/ERR044978.fa
[12:58:46] Appending to PATH: /hps/software/users/jlees/vrbouza/miniforge3/envs/prokka/bin
[12:58:46] Looking for 'aragorn' - found /hps/software/users/jlees/vrbouza/miniforge3/envs/prokka/bin/aragorn
[12:58:46] Determined aragorn version is 001002 from 'ARAGORN v1.2.41 Dean Laslett'
[12:58:46] Looking for 'barrnap' - found /hps/software/users/jlees/vrbouza/miniforge3/envs/prokka/bin/barrnap
[12:58:46] Determined barrnap version is 000009 from 'barrnap 0.9'
[12:58:46] Looking for 'blastp' - found /hps/software/users/jlees/vrbouza/miniforge3/envs/prokka/bin/blastp
[12:58:46] Determined blastp version is 002016 from 'blastp: 2.16.0+'
[12:58:46] Looking for 'cmpress' - found /hps/software/users/jlees/vrbouza/miniforge3/envs/prokka/bin/cmpress
[12:58:46] Determined cmpress version is 001001 from '# INFERNAL 1.1.5 (Sep 2023)'
[12:58:46] Looking for 'cmscan' - found /hps/software/users/jlees/vrbouza/miniforge3/envs/prokka/bin/cmscan
[12:58:46] Determined cmscan version is 001001 from '# INFERNAL 1.1.5 (Sep 2023)'
[12:58:46] Looking for 'egrep' - found /usr/bin/egrep
[12:58:46] Looking for 'find' - found /usr/bin/find
[12:58:46] Looking for 'grep' - found /usr/bin/grep
[12:58:46] Looking for 'hmmpress' - found /hps/software/users/jlees/vrbouza/miniforge3/envs/prokka/bin/hmmpress
[12:58:46] Determined hmmpress version is 003004 from '# HMMER 3.4 (Aug 2023); http://hmmer.org/'
[12:58:46] Looking for 'hmmscan' - found /hps/software/users/jlees/vrbouza/miniforge3/envs/prokka/bin/hmmscan
[12:58:46] Determined hmmscan version is 003004 from '# HMMER 3.4 (Aug 2023); http://hmmer.org/'
[12:58:46] Looking for 'java' - found /hps/software/users/jlees/vrbouza/miniforge3/envs/prokka/bin/java
[12:58:46] Looking for 'makeblastdb' - found /hps/software/users/jlees/vrbouza/miniforge3/envs/prokka/bin/makeblastdb
[12:58:46] Determined makeblastdb version is 002016 from 'makeblastdb: 2.16.0+'
[12:58:46] Looking for 'minced' - found /hps/software/users/jlees/vrbouza/miniforge3/envs/prokka/bin/minced
[12:58:46] Determined minced version is 004002 from 'minced 0.4.2'
[12:58:46] Looking for 'parallel' - found /hps/software/users/jlees/vrbouza/miniforge3/envs/prokka/bin/parallel
[12:58:46] Determined parallel version is 20250422 from 'GNU parallel 20250422'
[12:58:46] Looking for 'prodigal' - found /hps/software/users/jlees/vrbouza/miniforge3/envs/prokka/bin/prodigal
[12:58:46] Determined prodigal version is 002006 from 'Prodigal V2.6.3: February, 2016'
[12:58:46] Looking for 'prokka-genbank_to_fasta_db' - found /hps/software/users/jlees/vrbouza/miniforge3/envs/prokka/bin/prokka-genbank_to_fasta_db
[12:58:46] Looking for 'sed' - found /usr/bin/sed
[12:58:46] Looking for 'tbl2asn' - found /hps/software/users/jlees/vrbouza/miniforge3/envs/prokka/bin/tbl2asn
[12:58:46] Determined tbl2asn version is 025007 from 'tbl2asn 25.7   arguments:'
[12:58:46] Using genetic code table 11.
[12:58:46] Loading and checking input file: /nfs/research/jlees/vrbouza/data/clustering_benchmarking/2025_05_14_initialLeoniedata/SHdataset/ERR044978.fa
[12:58:46] Wrote 288 contigs totalling 2074076 bp.
[12:58:46] Predicting tRNAs and tmRNAs
[12:58:46] Running: aragorn -l -gc11  -w \.\/SHdataset\/ERR044978\/PROKKA_06122025\.fna
[12:58:47] 1 tRNA-Ser [60,149] 36 (gct)
[12:58:47] 1 tRNA-Tyr [11253,11333] 35 (gta)
[12:58:47] 2 tRNA-Gln [11343,11414] 33 (ttg)
[12:58:47] 3 tmRNA [23764,24108] 83,118 AKNNTSYALAA*
[12:58:47] 4 tRNA-Ser c[24292,24382] 36 (gga)
[12:58:47] 1 tRNA-Arg [8853,8924] 34 (cct)
[12:58:47] 2 tRNA-Arg [50716,50789] 35 (ccg)
[12:58:47] 1 tRNA-Cys [55647,55720] 34 (gca)
[12:58:47] 2 tRNA-Pro c[93122,93197] 36 (tgg)
[12:58:47] 3 tRNA-Arg c[93212,93285] 35 (acg)
[12:58:47] 4 tRNA-Leu c[93295,93380] 35 (taa)
[12:58:47] 5 tRNA-Gly c[93388,93459] 33 (gcc)
[12:58:47] 6 tRNA-Thr c[93482,93554] 34 (tgt)
[12:58:47] 7 tRNA-Leu c[93572,93655] 36 (tag)
[12:58:47] 8 tRNA-Lys c[93660,93732] 34 (ttt)
[12:58:47] 9 tRNA-Asp c[93757,93829] 34 (gtc)
[12:58:47] 10 tRNA-Val c[93832,93904] 34 (tac)
[12:58:47] 1 tRNA-Asn c[45014,45087] 35 (gtt)
[12:58:47] 2 tRNA-Glu c[45093,45164] 34 (ttc)
[12:58:47] 3 tRNA-Arg c[47601,47674] 35 (tct)
[12:58:47] 1 tRNA-Leu c[49512,49599] 36 (aag)
[12:58:47] 1 tRNA-Leu c[47872,47957] 36 (caa)
[12:58:47] 2 tRNA-Gln c[47965,48038] 34 (ttg)
[12:58:47] 3 tRNA-His c[48050,48124] 35 (gtg)
[12:58:47] 4 tRNA-Trp c[48137,48209] 34 (cca)
[12:58:47] 5 tRNA-Tyr c[48212,48294] 36 (gta)
[12:58:47] 6 tRNA-Phe c[48306,48378] 34 (gaa)
[12:58:47] 7 tRNA-Met c[48382,48455] 35 (cat)
[12:58:47] 8 tRNA-Ser c[48469,48558] 37 (tga)
[12:58:47] 9 tRNA-Ile c[48640,48715] 36 (gat)
[12:58:47] 10 tRNA-Gly c[48748,48820] 34 (tcc)
[12:58:47] 1 tRNA-Thr [10303,10375] 34 (ggt)
[12:58:47] 1 tRNA-Lys [14966,15041] 35 (ctt)
[12:58:47] 1 tRNA-Ala c[3219,3293] 35 (tgc)
[12:58:47] 1 tRNA-Met [55,130] 36 (cat)
[12:58:47] 2 tRNA-Met [143,216] 35 (cat)
[12:58:47] Found 36 tRNAs
[12:58:47] Predicting Ribosomal RNAs
[12:58:47] Running Barrnap with 8 threads
[12:58:48] 1 contig00045 6 5S ribosomal RNA
[12:58:48] 2 contig00045 197 23S ribosomal RNA
[12:58:48] 3 contig00045 3345 16S ribosomal RNA
[12:58:48] Found 3 rRNAs
[12:58:48] Skipping ncRNA search, enable with --rfam if desired.
[12:58:48] Total of 38 tRNA + rRNA features
[12:58:48] Searching for CRISPR repeats
[12:58:48] Found 0 CRISPRs
[12:58:48] Predicting coding sequences
[12:58:48] Contigs total 2074076 bp, so using single mode
[12:58:48] Running: prodigal -i \.\/SHdataset\/ERR044978\/PROKKA_06122025\.fna -c -m -g 11 -p single -f sco -q
[12:58:50] Found 1996 CDS
[12:58:50] Connecting features back to sequences
[12:58:50] Not using genus-specific database. Try --usegenus to enable it.
[12:58:50] Annotating CDS, please be patient.
[12:58:50] Will use 8 CPUs for similarity searching.
[12:58:50] There are still 1996 unannotated CDS left (started with 1996)
[12:58:50] Will use blast to search against /hps/software/users/jlees/vrbouza/miniforge3/envs/prokka/db/kingdom/Bacteria/IS with 8 CPUs
[12:58:50] Running: cat \.\/SHdataset\/ERR044978\/PROKKA_06122025\.IS\.tmp\.2509956\.faa | parallel --gnu --plain -j 8 --block 37277 --recstart '>' --pipe blastp -query - -db /hps/software/users/jlees/vrbouza/miniforge3/envs/prokka/db/kingdom/Bacteria/IS -evalue 1e-30 -qcov_hsp_perc 90 -num_threads 1 -num_descriptions 1 -num_alignments 1 -seg no > \.\/SHdataset\/ERR044978\/PROKKA_06122025\.IS\.tmp\.2509956\.blast 2> /dev/null
[12:58:56] Deleting unwanted file: ./SHdataset/ERR044978/PROKKA_06122025.IS.tmp.2509956.faa
[12:58:56] Deleting unwanted file: ./SHdataset/ERR044978/PROKKA_06122025.IS.tmp.2509956.blast
[12:58:56] There are still 1969 unannotated CDS left (started with 1996)
[12:58:56] Will use blast to search against /hps/software/users/jlees/vrbouza/miniforge3/envs/prokka/db/kingdom/Bacteria/AMR with 8 CPUs
[12:58:56] Running: cat \.\/SHdataset\/ERR044978\/PROKKA_06122025\.AMR\.tmp\.2509956\.faa | parallel --gnu --plain -j 8 --block 37004 --recstart '>' --pipe blastp -query - -db /hps/software/users/jlees/vrbouza/miniforge3/envs/prokka/db/kingdom/Bacteria/AMR -evalue 1e-300 -qcov_hsp_perc 90 -num_threads 1 -num_descriptions 1 -num_alignments 1 -seg no > \.\/SHdataset\/ERR044978\/PROKKA_06122025\.AMR\.tmp\.2509956\.blast 2> /dev/null
[12:59:00] Deleting unwanted file: ./SHdataset/ERR044978/PROKKA_06122025.AMR.tmp.2509956.faa
[12:59:00] Deleting unwanted file: ./SHdataset/ERR044978/PROKKA_06122025.AMR.tmp.2509956.blast
[12:59:00] There are still 1969 unannotated CDS left (started with 1996)
[12:59:00] Will use blast to search against /hps/software/users/jlees/vrbouza/miniforge3/envs/prokka/db/kingdom/Bacteria/sprot with 8 CPUs
[12:59:00] Running: cat \.\/SHdataset\/ERR044978\/PROKKA_06122025\.sprot\.tmp\.2509956\.faa | parallel --gnu --plain -j 8 --block 37004 --recstart '>' --pipe blastp -query - -db /hps/software/users/jlees/vrbouza/miniforge3/envs/prokka/db/kingdom/Bacteria/sprot -evalue 1e-09 -qcov_hsp_perc 80 -num_threads 1 -num_descriptions 1 -num_alignments 1 -seg no > \.\/SHdataset\/ERR044978\/PROKKA_06122025\.sprot\.tmp\.2509956\.blast 2> /dev/null
[12:59:19] Modify product: Probable tRNA sulfurtransferase => putative tRNA sulfurtransferase
[12:59:19] Modify product: Uncharacterized protein YbbA => putative protein YbbA
[12:59:19] Modify product: UPF0346 protein SP_0947 => hypothetical protein
[12:59:19] Modify product: Acetyltransferase PA3944 => Acetyltransferase
[12:59:19] Modify product: Probable deferrochelatase/peroxidase EfeN => putative deferrochelatase/peroxidase EfeN
[12:59:19] Modify product: Probable deferrochelatase/peroxidase EfeN => putative deferrochelatase/peroxidase EfeN
[12:59:19] Modify product: Probable bifunctional oligoribonuclease and PAP phosphatase NrnA => putative bifunctional oligoribonuclease and PAP phosphatase NrnA
[12:59:19] Modify product: Putative phosphatase M6_Spy0533 => Putative phosphatase
[12:59:19] Modify product: UPF0122 protein SP_1288 => hypothetical protein
[12:59:19] Modify product: Protease HtpX homolog => Protease HtpX 
[12:59:19] Modify product: Uncharacterized ABC transporter ATP-binding protein YheS => putative ABC transporter ATP-binding protein YheS
[12:59:19] Modify product: Uncharacterized protein YhaP => putative protein YhaP
[12:59:19] Modify product: Uncharacterized oxidoreductase YjhC => putative oxidoreductase YjhC
[12:59:19] Modify product: Uncharacterized HTH-type transcriptional regulator YbbH => putative HTH-type transcriptional regulator YbbH
[12:59:20] Modify product: Uncharacterized ABC transporter ATP-binding protein Rv0986 => putative ABC transporter ATP-binding protein
[12:59:20] Modify product: Probable metallo-hydrolase M6_Spy0554 => putative metallo-hydrolase
[12:59:20] Modify product: Probable ABC transporter ATP-binding protein M6_Spy0273 => putative ABC transporter ATP-binding protein
[12:59:20] Modify product: UPF0051 protein SA0778 => hypothetical protein
[12:59:20] Modify product: UPF0051 protein SA0778 => hypothetical protein
[12:59:20] Modify product: Probable transcription repressor NiaR => putative transcription repressor NiaR
[12:59:20] Modify product: Probable ribosomal protein YlxQ => putative ribosomal protein YlxQ
[12:59:20] Modify product: Uncharacterized response regulatory protein SACOL0201 => putative response regulatory protein
[12:59:20] Modify product: UPF0340 protein YwlG => hypothetical protein
[12:59:20] Modify product: Uncharacterized oxidoreductase SA2266 => putative oxidoreductase
[12:59:20] Modify product: Probable glutamine ABC transporter permease protein GlnM => putative glutamine ABC transporter permease protein GlnM
[12:59:20] Modify product: Uncharacterized ABC transporter ATP-binding protein Rv0986 => putative ABC transporter ATP-binding protein
[12:59:20] Modify product: Probable glutamine ABC transporter permease protein GlnP => putative glutamine ABC transporter permease protein GlnP
[12:59:20] Modify product: Probable glutamine ABC transporter permease protein GlnM => putative glutamine ABC transporter permease protein GlnM
[12:59:20] Modify product: Putative NAD(P)H nitroreductase Spy0809 => Putative NAD(P)H nitroreductase
[12:59:20] Modify product: UPF0374 protein SP_1903 => hypothetical protein
[12:59:20] Modify product: Uncharacterized ABC transporter ATP-binding protein TM_0288 => putative ABC transporter ATP-binding protein
[12:59:20] Modify product: Uncharacterized ABC transporter ATP-binding protein Rv1273c => putative ABC transporter ATP-binding protein
[12:59:20] Modify product: Probable transcriptional regulatory protein YeeN => putative transcriptional regulatory protein YeeN
[12:59:20] Modify product: Uncharacterized ABC transporter ATP-binding protein YknY => putative ABC transporter ATP-binding protein YknY
[12:59:20] Modify product: UPF0053 protein HI_0107 => hypothetical protein
[12:59:20] Modify product: Uncharacterized protein YlbL => putative protein YlbL
[12:59:20] Modify product: Uncharacterized ABC transporter ATP-binding protein YknY => putative ABC transporter ATP-binding protein YknY
[12:59:20] Modify product: Uncharacterized metal-dependent hydrolase YcfH => putative metal-dependent hydrolase YcfH
[12:59:20] Modify product: Putative universal stress protein SA1532 => Putative universal stress protein
[12:59:20] Modify product: UPF0223 protein BH2638 => hypothetical protein
[12:59:20] Modify product: Phosphate-specific transport system accessory protein PhoU homolog => Phosphate-specific transport system accessory protein PhoU 
[12:59:20] Modify product: UPF0342 protein SP_1372 => hypothetical protein
[12:59:20] Modify product: Uncharacterized ABC transporter ATP-binding protein Rv1273c => putative ABC transporter ATP-binding protein
[12:59:20] Modify product: Probable SapB synthase => putative SapB synthase
[12:59:20] Modify product: Uncharacterized HTH-type transcriptional regulator YbbH => putative HTH-type transcriptional regulator YbbH
[12:59:20] Modify product: Uncharacterized multiple-sugar transport system permease YteP => putative multiple-sugar transport system permease YteP
[12:59:20] Modify product: UPF0758 protein SP_1088 => hypothetical protein
[12:59:20] Modify product: Putative glutamine amidotransferase Rv2859c => Putative glutamine amidotransferase
[12:59:20] Modify product: Nucleoid-associated protein SP_1102 => Nucleoid-associated protein
[12:59:20] Modify product: DegV domain-containing protein SP_1112 => DegV domain-containing protein
[12:59:20] Modify product: Probable copper-transporting ATPase PacS => putative copper-transporting ATPase PacS
[12:59:20] Modify product: Uncharacterized protein HI_0933 => putative protein
[12:59:20] Modify product: DegV domain-containing protein spr0652 => DegV domain-containing protein
[12:59:20] Modify product: Probable dihydroorotate dehydrogenase A (fumarate) => putative dihydroorotate dehydrogenase A (fumarate)
[12:59:20] Modify product: Uncharacterized protein YqeN => putative protein YqeN
[12:59:20] Modify product: Probable dual-specificity RNA methyltransferase RlmN => putative dual-specificity RNA methyltransferase RlmN
[12:59:20] Modify product: Uncharacterized ABC transporter ATP-binding protein YbiT => putative ABC transporter ATP-binding protein YbiT
[12:59:20] Modify product: Uncharacterized ABC transporter ATP-binding protein YknY => putative ABC transporter ATP-binding protein YknY
[12:59:20] Modify product: Uncharacterized ABC transporter permease YknZ => putative ABC transporter permease YknZ
[12:59:20] Modify product: UPF0297 protein SP_0192 => hypothetical protein
[12:59:20] Modify product: UPF0473 protein SP_0194 => hypothetical protein
[12:59:20] Modify product: UPF0237 protein SP_0238 => hypothetical protein
[12:59:20] Modify product: UPF0210 protein SP_0239 => hypothetical protein
[12:59:20] Modify product: Uncharacterized HTH-type transcriptional regulator YdjF => putative HTH-type transcriptional regulator YdjF
[12:59:20] Modify product: Tyrosine recombinase XerD-like => Tyrosine recombinase XerD-like protein
[12:59:20] Modify product: Probable multidrug resistance ABC transporter ATP-binding/permease protein YheI => putative multidrug resistance ABC transporter ATP-binding/permease protein YheI
[12:59:20] Modify product: Probable multidrug resistance ABC transporter ATP-binding/permease protein YheH => putative multidrug resistance ABC transporter ATP-binding/permease protein YheH
[12:59:20] Modify product: Putative trans-acting regulator SP_1800 => Putative trans-acting regulator
[12:59:20] Modify product: Uncharacterized multiple-sugar transport system permease YteP => putative multiple-sugar transport system permease YteP
[12:59:20] Modify product: Multidrug efflux system ATP-binding protein Rv1218c => Multidrug efflux system ATP-binding protein
[12:59:20] Modify product: Uncharacterized ABC transporter ATP-binding protein YbiT => putative ABC transporter ATP-binding protein YbiT
[12:59:20] Modify product: Probable glycerol uptake facilitator protein => putative glycerol uptake facilitator protein
[12:59:20] Modify product: Putative dipeptidase SA1572 => Putative dipeptidase
[12:59:20] Modify product: UPF0398 protein SP_0371 => hypothetical protein
[12:59:20] Modify product: Protein RmlC homolog => Protein RmlC 
[12:59:20] Modify product: Putative zinc metalloprotease SA1105 => Putative zinc metalloprotease
[12:59:20] Modify product: UPF0371 protein DIP2346 => hypothetical protein
[12:59:20] Modify product: Probable ATP-dependent Clp protease ATP-binding subunit => putative ATP-dependent Clp protease ATP-binding subunit
[12:59:20] Modify product: Glutathione peroxidase homolog BsaA => Glutathione peroxidase BsaA
[12:59:20] Modify product: Probable licABCH operon regulator => putative licABCH operon regulator
[12:59:20] Modify product: Probable capsular polysaccharide biosynthesis protein YwqC => putative capsular polysaccharide biosynthesis protein YwqC
[12:59:20] Modify product: Probable manganese-dependent inorganic pyrophosphatase => putative manganese-dependent inorganic pyrophosphatase
[12:59:20] Modify product: UPF0213 protein SP_1535 => hypothetical protein
[12:59:20] Modify product: DegV domain-containing protein spr1415 => DegV domain-containing protein
[12:59:20] Modify product: Probable cell division protein WhiA => putative cell division protein WhiA
[12:59:20] Modify product: Probable GTP-binding protein EngB => putative GTP-binding protein EngB
[12:59:20] Modify product: UPF0324 inner membrane protein YeiH => hypothetical protein
[12:59:20] Modify product: Probable N-acetyl-LL-diaminopimelate aminotransferase => putative N-acetyl-LL-diaminopimelate aminotransferase
[12:59:20] Modify product: Sulfurtransferase Alvin_2599 => Sulfurtransferase
[12:59:20] Modify product: Probable nicotinate-nucleotide pyrophosphorylase [carboxylating] => putative nicotinate-nucleotide pyrophosphorylase [carboxylating]
[12:59:20] Modify product: Probable type I restriction enzyme BthVORF4518P M protein => putative type I restriction enzymeP M protein
[12:59:20] Modify product: Putative transport protein Rv0205 => Putative transport protein
[12:59:20] Modify product: Probable murein peptide carboxypeptidase => putative murein peptide carboxypeptidase
[12:59:20] Modify product: Uncharacterized HTH-type transcriptional regulator SACOL2360 => putative HTH-type transcriptional regulator
[12:59:20] Modify product: UPF0176 protein SP_0095 => hypothetical protein
[12:59:20] Modify product: Uncharacterized transporter YycB => putative transporter YycB
[12:59:20] Modify product: Uncharacterized AAA domain-containing protein Rv2559c => putative AAA domain-containing protein
[12:59:20] Modify product: Uncharacterized MFS-type transporter YhjX => putative MFS-type transporter YhjX
[12:59:20] Modify product: Probable pyridine nucleotide-disulfide oxidoreductase RclA => putative pyridine nucleotide-disulfide oxidoreductase RclA
[12:59:20] Modify product: Uncharacterized ABC transporter ATP-binding protein Rv1273c => putative ABC transporter ATP-binding protein
[12:59:20] Modify product: Putative glutamine amidotransferase Rv2859c => Putative glutamine amidotransferase
[12:59:20] Modify product: Uncharacterized ABC transporter ATP-binding protein TM_0288 => putative ABC transporter ATP-binding protein
[12:59:20] Modify product: Uncharacterized protein Spy1595 => putative protein
[12:59:20] Modify product: Uncharacterized amino acid permease YhdG => putative amino acid permease YhdG
[12:59:20] Modify product: Uncharacterized protein YccU => putative protein YccU
[12:59:20] Modify product: GTP cyclohydrolase 1 type 2 homolog => GTP cyclohydrolase 1 type 2 
[12:59:20] Modify product: Probable L-ascorbate-6-phosphate lactonase UlaG => putative L-ascorbate-6-phosphate lactonase UlaG
[12:59:20] Modify product: Probable licABCH operon regulator => putative licABCH operon regulator
[12:59:20] Modify product: Probable FMN/FAD exporter YeeO => putative FMN/FAD exporter YeeO
[12:59:20] Modify product: Uncharacterized inner membrane transporter YicL => putative inner membrane transporter YicL
[12:59:20] Modify product: Probable amino-acid permease protein YxeN => putative amino-acid permease protein YxeN
[12:59:20] Modify product: UPF0073 inner membrane protein YqfA => hypothetical protein
[12:59:20] Modify product: Probable NADH oxidase => putative NADH oxidase
[12:59:20] Modify product: UPF0291 protein SP_1473 => hypothetical protein
[12:59:20] Modify product: Probable ATP-dependent RNA helicase YfmL => putative ATP-dependent RNA helicase YfmL
[12:59:20] Modify product: UPF0397 protein SP_0482 => hypothetical protein
[12:59:20] Modify product: Uncharacterized protein SA1069 => putative protein
[12:59:20] Modify product: Uncharacterized protein Spy1614 => putative protein
[12:59:20] Modify product: Uncharacterized protein Spy1535 => putative protein
[12:59:20] Modify product: Uncharacterized inner membrane transporter YicL => putative inner membrane transporter YicL
[12:59:20] Modify product: Uncharacterized protein YqgN => putative protein YqgN
[12:59:20] Modify product: Phosphate-specific transport system accessory protein PhoU homolog => Phosphate-specific transport system accessory protein PhoU 
[12:59:20] Modify product: Probable peptidoglycan glycosyltransferase FtsW => putative peptidoglycan glycosyltransferase FtsW
[12:59:20] Modify product: Putative lipid kinase SP_1045 => Putative lipid kinase
[12:59:20] Modify product: Probable siderophore transport system permease protein YfhA => putative siderophore transport system permease protein YfhA
[12:59:20] Modify product: UPF0356 protein SP_0122 => hypothetical protein
[12:59:20] Modify product: Probable DNA-directed RNA polymerase subunit delta => putative DNA-directed RNA polymerase subunit delta
[12:59:20] Modify product: Uncharacterized RNA methyltransferase SP_1029 => putative RNA methyltransferase
[12:59:20] Modify product: Probable S-adenosyl-L-methionine-dependent methyltransferase TehB => putative S-adenosyl-L-methionine-dependent methyltransferase TehB
[12:59:20] Modify product: Probable protein-export membrane protein SecG => putative protein-export membrane protein SecG
[12:59:20] Modify product: Rqc2 homolog RqcH => Rqc2 RqcH
[12:59:20] Modify product: Uncharacterized glycosyltransferase EpsJ => putative glycosyltransferase EpsJ
[12:59:20] Modify product: Bifunctional protein FolD => Bifunctional protein FolD protein
[12:59:20] Modify product: Probable riboflavin import permease protein RfuC => putative riboflavin import permease protein RfuC
[12:59:20] Modify product: Uncharacterized protein YqeH => putative protein YqeH
[12:59:20] Modify product: Uncharacterized MscS family protein YkuT => putative MscS family protein YkuT
[12:59:20] Modify product: Uncharacterized multiple-sugar transport system permease YteP => putative multiple-sugar transport system permease YteP
[12:59:20] Cleaned 137 /product names
[12:59:20] Deleting unwanted file: ./SHdataset/ERR044978/PROKKA_06122025.sprot.tmp.2509956.faa
[12:59:20] Deleting unwanted file: ./SHdataset/ERR044978/PROKKA_06122025.sprot.tmp.2509956.blast
[12:59:21] There are still 801 unannotated CDS left (started with 1996)
[12:59:21] Will use hmmer3 to search against /hps/software/users/jlees/vrbouza/miniforge3/envs/prokka/db/hmm/HAMAP.hmm with 8 CPUs
[12:59:21] Running: cat \.\/SHdataset\/ERR044978\/PROKKA_06122025\.HAMAP\.hmm\.tmp\.2509956\.faa | parallel --gnu --plain -j 8 --block 12157 --recstart '>' --pipe hmmscan --noali --notextw --acc -E 1e-09 --cpu 1 /hps/software/users/jlees/vrbouza/miniforge3/envs/prokka/db/hmm/HAMAP.hmm /dev/stdin > \.\/SHdataset\/ERR044978\/PROKKA_06122025\.HAMAP\.hmm\.tmp\.2509956\.hmmer3 2> /dev/null
[12:59:26] Modify product: Protein SprT-like => Protein SprT-like protein
[12:59:26] Cleaned 1 /product names
[12:59:26] Deleting unwanted file: ./SHdataset/ERR044978/PROKKA_06122025.HAMAP.hmm.tmp.2509956.faa
[12:59:26] Deleting unwanted file: ./SHdataset/ERR044978/PROKKA_06122025.HAMAP.hmm.tmp.2509956.hmmer3
[12:59:26] Labelling remaining 727 proteins as 'hypothetical protein'
[12:59:26] Possible /pseudo 'IS5 family transposase ISSpn7' at contig00003 position 95805
[12:59:26] Possible /pseudo 'Alanine dehydrogenase' at contig00003 position 103180
[12:59:26] Possible /pseudo 'Alanine dehydrogenase' at contig00003 position 103594
[12:59:26] Possible /pseudo 'putative deferrochelatase/peroxidase EfeN' at contig00004 position 4603
[12:59:26] Possible /pseudo 'Putative fluoride ion transporter CrcB' at contig00004 position 8016
[12:59:26] Possible /pseudo '2-isopropylmalate synthase' at contig00004 position 43125
[12:59:26] Possible /pseudo 'Coenzyme A biosynthesis bifunctional protein CoaBC' at contig00004 position 82253
[12:59:26] Possible /pseudo 'O-acetyl-L-homoserine sulfhydrylase' at contig00004 position 96653
[12:59:26] Possible /pseudo 'Lactococcin-G-processing and transport ATP-binding protein LagD' at contig00005 position 8663
[12:59:26] Possible /pseudo 'Phosphate import ATP-binding protein PstB 3' at contig00007 position 27715
[12:59:26] Possible /pseudo 'IS630 family transposase IS630-Spn1' at contig00008 position 40123
[12:59:26] Possible /pseudo '6-phospho-beta-glucosidase BglA' at contig00012 position 38052
[12:59:26] Possible /pseudo 'UDP-galactopyranose mutase' at contig00015 position 32707
[12:59:26] Possible /pseudo 'putative protein' at contig00020 position 34868
[12:59:26] Possible /pseudo 'Intracellular maltogenic amylase' at contig00022 position 24486
[12:59:26] Possible /pseudo 'Multidrug resistance ABC transporter ATP-binding and permease protein' at contig00025 position 351
[12:59:26] Possible /pseudo 'Multidrug resistance ABC transporter ATP-binding and permease protein' at contig00025 position 926
[12:59:26] Possible /pseudo 'Glycosyltransferase GlyE' at contig00030 position 12664
[12:59:26] Possible /pseudo 'Serine/threonine transporter SstT' at contig00032 position 21164
[12:59:26] Found 1004 unique /gene codes.
[12:59:26] Fixed 3 duplicate /gene - sarA_1 sarA_2 sarA_3
[12:59:26] Fixed 2 duplicate /gene - agrA_1 agrA_2
[12:59:26] Fixed 2 duplicate /gene - bcrA_1 bcrA_2
[12:59:26] Fixed 4 duplicate /gene - manZ_1 manZ_2 manZ_3 manZ_4
[12:59:26] Fixed 2 duplicate /gene - fruA_1 fruA_2
[12:59:26] Fixed 2 duplicate /gene - pcp_1 pcp_2
[12:59:26] Fixed 2 duplicate /gene - gtfB_1 gtfB_2
[12:59:26] Fixed 2 duplicate /gene - licT_1 licT_2
[12:59:26] Fixed 2 duplicate /gene - ssb_1 ssb_2
[12:59:26] Fixed 2 duplicate /gene - ybiT_1 ybiT_2
[12:59:26] Fixed 2 duplicate /gene - rluD_1 rluD_2
[12:59:26] Fixed 2 duplicate /gene - lacG_1 lacG_2
[12:59:26] Fixed 2 duplicate /gene - leuA_1 leuA_2
[12:59:26] Fixed 3 duplicate /gene - lytA_1 lytA_2 lytA_3
[12:59:26] Fixed 2 duplicate /gene - adh_1 adh_2
[12:59:26] Fixed 2 duplicate /gene - artM_1 artM_2
[12:59:26] Fixed 2 duplicate /gene - dsbD_1 dsbD_2
[12:59:26] Fixed 2 duplicate /gene - tarI_1 tarI_2
[12:59:26] Fixed 2 duplicate /gene - sorC_1 sorC_2
[12:59:26] Fixed 2 duplicate /gene - hlyB_1 hlyB_2
[12:59:26] Fixed 2 duplicate /gene - phoU_1 phoU_2
[12:59:26] Fixed 2 duplicate /gene - tadA_1 tadA_2
[12:59:26] Fixed 5 duplicate /gene - glyG_1 glyG_2 glyG_3 glyG_4 glyG_5
[12:59:26] Fixed 2 duplicate /gene - udk_1 udk_2
[12:59:26] Fixed 3 duplicate /gene - manX_1 manX_2 manX_3
[12:59:26] Fixed 2 duplicate /gene - rsuA_1 rsuA_2
[12:59:26] Fixed 2 duplicate /gene - yicL_1 yicL_2
[12:59:26] Fixed 2 duplicate /gene - clpC_1 clpC_2
[12:59:26] Fixed 2 duplicate /gene - bglA_1 bglA_2
[12:59:26] Fixed 3 duplicate /gene - ykoD_1 ykoD_2 ykoD_3
[12:59:26] Fixed 2 duplicate /gene - gpmA_1 gpmA_2
[12:59:26] Fixed 2 duplicate /gene - sstT_1 sstT_2
[12:59:26] Fixed 2 duplicate /gene - tagU_1 tagU_2
[12:59:26] Fixed 2 duplicate /gene - ettA_1 ettA_2
[12:59:26] Fixed 2 duplicate /gene - yecS_1 yecS_2
[12:59:26] Fixed 2 duplicate /gene - agaA_1 agaA_2
[12:59:26] Fixed 2 duplicate /gene - secA_1 secA_2
[12:59:26] Fixed 2 duplicate /gene - crcB_1 crcB_2
[12:59:26] Fixed 3 duplicate /gene - araQ_1 araQ_2 araQ_3
[12:59:26] Fixed 2 duplicate /gene - secY_1 secY_2
[12:59:26] Fixed 2 duplicate /gene - yidA_1 yidA_2
[12:59:26] Fixed 2 duplicate /gene - thiE_1 thiE_2
[12:59:26] Fixed 3 duplicate /gene - yxdL_1 yxdL_2 yxdL_3
[12:59:26] Fixed 2 duplicate /gene - ecsA_1 ecsA_2
[12:59:26] Fixed 2 duplicate /gene - pepA_1 pepA_2
[12:59:26] Fixed 2 duplicate /gene - pepF1_1 pepF1_2
[12:59:26] Fixed 2 duplicate /gene - mshD_1 mshD_2
[12:59:26] Fixed 2 duplicate /gene - lacC_1 lacC_2
[12:59:26] Fixed 2 duplicate /gene - cutC_1 cutC_2
[12:59:26] Fixed 2 duplicate /gene - spxA_1 spxA_2
[12:59:26] Fixed 5 duplicate /gene - licC_1 licC_2 licC_3 licC_4 licC_5
[12:59:26] Fixed 2 duplicate /gene - potA_1 potA_2
[12:59:26] Fixed 6 duplicate /gene - btuD_1 btuD_2 btuD_3 btuD_4 btuD_5 btuD_6
[12:59:26] Fixed 3 duplicate /gene - glyE_1 glyE_2 glyE_3
[12:59:26] Fixed 2 duplicate /gene - licR_1 licR_2
[12:59:26] Fixed 2 duplicate /gene - ccpA_1 ccpA_2
[12:59:26] Fixed 2 duplicate /gene - efeN_1 efeN_2
[12:59:26] Fixed 2 duplicate /gene - lacE_1 lacE_2
[12:59:26] Fixed 3 duplicate /gene - COQ5_1 COQ5_2 COQ5_3
[12:59:26] Fixed 2 duplicate /gene - bglH_1 bglH_2
[12:59:26] Fixed 2 duplicate /gene - nanA_1 nanA_2
[12:59:26] Fixed 2 duplicate /gene - ybbH_1 ybbH_2
[12:59:26] Fixed 2 duplicate /gene - deoD_1 deoD_2
[12:59:26] Fixed 2 duplicate /gene - resA_1 resA_2
[12:59:26] Fixed 2 duplicate /gene - glnM_1 glnM_2
[12:59:26] Fixed 2 duplicate /gene - iscS_1 iscS_2
[12:59:26] Fixed 2 duplicate /gene - dapH_1 dapH_2
[12:59:26] Fixed 2 duplicate /gene - lacR_1 lacR_2
[12:59:26] Fixed 3 duplicate /gene - arlR_1 arlR_2 arlR_3
[12:59:26] Fixed 2 duplicate /gene - murA1_1 murA1_2
[12:59:26] Fixed 2 duplicate /gene - gtfA_1 gtfA_2
[12:59:26] Fixed 2 duplicate /gene - nagC_1 nagC_2
[12:59:26] Fixed 3 duplicate /gene - yteP_1 yteP_2 yteP_3
[12:59:26] Fixed 2 duplicate /gene - gatC_1 gatC_2
[12:59:26] Fixed 2 duplicate /gene - levE_1 levE_2
[12:59:26] Fixed 2 duplicate /gene - arnC_1 arnC_2
[12:59:26] Fixed 2 duplicate /gene - glnH_1 glnH_2
[12:59:26] Fixed 3 duplicate /gene - ald_1 ald_2 ald_3
[12:59:26] Fixed 2 duplicate /gene - def_1 def_2
[12:59:26] Fixed 2 duplicate /gene - tenA_1 tenA_2
[12:59:26] Fixed 2 duplicate /gene - glgX_1 glgX_2
[12:59:26] Fixed 2 duplicate /gene - dinG_1 dinG_2
[12:59:26] Fixed 3 duplicate /gene - pstB3_1 pstB3_2 pstB3_3
[12:59:26] Fixed 2 duplicate /gene - tkt_1 tkt_2
[12:59:26] Fixed 3 duplicate /gene - yknY_1 yknY_2 yknY_3
[12:59:26] Fixed 3 duplicate /gene - gph_1 gph_2 gph_3
[12:59:26] Fixed 2 duplicate /gene - glf_1 glf_2
[12:59:26] Fixed 2 duplicate /gene - galK_1 galK_2
[12:59:26] Fixed 2 duplicate /gene - ptsG_1 ptsG_2
[12:59:26] Fixed 4 duplicate /gene - glnQ_1 glnQ_2 glnQ_3 glnQ_4
[12:59:26] Fixed 2 duplicate /gene - gmuD_1 gmuD_2
[12:59:26] Fixed 2 duplicate /gene - thiM_1 thiM_2
[12:59:26] Fixed 3 duplicate /gene - lagD_1 lagD_2 lagD_3
[12:59:26] Fixed 2 duplicate /gene - bglK_1 bglK_2
[12:59:26] Fixed 2 duplicate /gene - coaBC_1 coaBC_2
[12:59:26] Fixed 4 duplicate /gene - lacF_1 lacF_2 lacF_3 lacF_4
[12:59:26] Fixed 4 duplicate /gene - sasA_1 sasA_2 sasA_3 sasA_4
[12:59:26] Fixed 2 duplicate /gene - bbmA_1 bbmA_2
[12:59:26] Fixed 2 duplicate /gene - fpgS_1 fpgS_2
[12:59:26] Fixed 2 duplicate /gene - nanE_1 nanE_2
[12:59:26] Fixed 2 duplicate /gene - ecfT_1 ecfT_2
[12:59:26] Fixed 2 duplicate /gene - ruvB_1 ruvB_2
[12:59:26] Fixed 2 duplicate /gene - lcnD_1 lcnD_2
[12:59:26] Fixed 2 duplicate /gene - licA_1 licA_2
[12:59:26] Fixed 2 duplicate /gene - ulaA_1 ulaA_2
[12:59:26] Fixed 3 duplicate /gene - argR_1 argR_2 argR_3
[12:59:26] Fixed 3 duplicate /gene - xerC_1 xerC_2 xerC_3
[12:59:26] Fixed 4 duplicate /gene - lmrA_1 lmrA_2 lmrA_3 lmrA_4
[12:59:26] Fixed 108 colliding /gene names.
[12:59:26] Adding /locus_tag identifiers
[12:59:26] Assigned 2035 locus_tags to CDS and RNA features.
[12:59:26] Writing outputs to ./SHdataset/ERR044978/
[12:59:27] Generating annotation statistics file
[12:59:27] Generating Genbank and Sequin files
[12:59:27] Running: tbl2asn -V b -a r10k -l paired-ends -M n -N 1 -y 'Annotated using prokka 1.14.6 from https://github.com/tseemann/prokka' -Z \.\/SHdataset\/ERR044978\/PROKKA_06122025\.err -i \.\/SHdataset\/ERR044978\/PROKKA_06122025\.fsa 2> /dev/null
[12:59:32] Deleting unwanted file: ./SHdataset/ERR044978/errorsummary.val
[12:59:32] Deleting unwanted file: ./SHdataset/ERR044978/PROKKA_06122025.dr
[12:59:32] Deleting unwanted file: ./SHdataset/ERR044978/PROKKA_06122025.fixedproducts
[12:59:32] Deleting unwanted file: ./SHdataset/ERR044978/PROKKA_06122025.ecn
[12:59:32] Deleting unwanted file: ./SHdataset/ERR044978/PROKKA_06122025.val
[12:59:32] Repairing broken .GBK output that tbl2asn produces...
[12:59:32] Running: sed 's/COORDINATES: profile/COORDINATES:profile/' < \.\/SHdataset\/ERR044978\/PROKKA_06122025\.gbf > \.\/SHdataset\/ERR044978\/PROKKA_06122025\.gbk
[12:59:32] Deleting unwanted file: ./SHdataset/ERR044978/PROKKA_06122025.gbf
[12:59:32] Output files:
[12:59:32] ./SHdataset/ERR044978/PROKKA_06122025.faa
[12:59:32] ./SHdataset/ERR044978/PROKKA_06122025.tsv
[12:59:32] ./SHdataset/ERR044978/PROKKA_06122025.gff
[12:59:32] ./SHdataset/ERR044978/PROKKA_06122025.fna
[12:59:32] ./SHdataset/ERR044978/PROKKA_06122025.gbk
[12:59:32] ./SHdataset/ERR044978/PROKKA_06122025.fsa
[12:59:32] ./SHdataset/ERR044978/PROKKA_06122025.txt
[12:59:32] ./SHdataset/ERR044978/PROKKA_06122025.tbl
[12:59:32] ./SHdataset/ERR044978/PROKKA_06122025.sqn
[12:59:32] ./SHdataset/ERR044978/PROKKA_06122025.err
[12:59:32] ./SHdataset/ERR044978/PROKKA_06122025.log
[12:59:32] ./SHdataset/ERR044978/PROKKA_06122025.ffn
[12:59:32] Annotation finished successfully.
[12:59:32] Walltime used: 0.77 minutes
[12:59:32] If you use this result please cite the Prokka paper:
[12:59:32] Seemann T (2014) Prokka: rapid prokaryotic genome annotation. Bioinformatics. 30(14):2068-9.
[12:59:32] Type 'prokka --citation' for more details.
[12:59:32] Thank you, come again.
