[12:52:03] This is prokka 1.14.6
[12:52:03] Written by Torsten Seemann <torsten.seemann@gmail.com>
[12:52:03] Homepage is https://github.com/tseemann/prokka
[12:52:03] Local time is Thu Jun 12 12:52:03 2025
[12:52:03] You are vrbouza
[12:52:03] Operating system is linux
[12:52:03] You have BioPerl 1.7.8
[12:52:03] System has 48 cores.
[12:52:03] Will use maximum of 8 cores.
[12:52:03] Annotating as >>> Bacteria <<<
[12:52:03] Generating locus_tag from '/nfs/research/jlees/vrbouza/data/clustering_benchmarking/2025_05_14_initialLeoniedata/SHdataset/ERR044888.fa' contents.
[12:52:03] Setting --locustag HCMLGFAN from MD5 1c650fa730ab74a2a1577f813a51952e
[12:52:03] Creating new output folder: ./SHdataset/ERR044888
[12:52:03] Running: mkdir -p \.\/SHdataset\/ERR044888
[12:52:03] Using filename prefix: PROKKA_06122025.XXX
[12:52:03] Setting HMMER_NCPU=1
[12:52:03] Writing log to: ./SHdataset/ERR044888/PROKKA_06122025.log
[12:52:03] Command: /hps/software/users/jlees/vrbouza/miniforge3/envs/prokka/bin/prokka --outdir ./SHdataset/ERR044888 /nfs/research/jlees/vrbouza/data/clustering_benchmarking/2025_05_14_initialLeoniedata/SHdataset/ERR044888.fa
[12:52:03] Appending to PATH: /hps/software/users/jlees/vrbouza/miniforge3/envs/prokka/bin
[12:52:03] Looking for 'aragorn' - found /hps/software/users/jlees/vrbouza/miniforge3/envs/prokka/bin/aragorn
[12:52:03] Determined aragorn version is 001002 from 'ARAGORN v1.2.41 Dean Laslett'
[12:52:03] Looking for 'barrnap' - found /hps/software/users/jlees/vrbouza/miniforge3/envs/prokka/bin/barrnap
[12:52:03] Determined barrnap version is 000009 from 'barrnap 0.9'
[12:52:03] Looking for 'blastp' - found /hps/software/users/jlees/vrbouza/miniforge3/envs/prokka/bin/blastp
[12:52:03] Determined blastp version is 002016 from 'blastp: 2.16.0+'
[12:52:03] Looking for 'cmpress' - found /hps/software/users/jlees/vrbouza/miniforge3/envs/prokka/bin/cmpress
[12:52:03] Determined cmpress version is 001001 from '# INFERNAL 1.1.5 (Sep 2023)'
[12:52:03] Looking for 'cmscan' - found /hps/software/users/jlees/vrbouza/miniforge3/envs/prokka/bin/cmscan
[12:52:03] Determined cmscan version is 001001 from '# INFERNAL 1.1.5 (Sep 2023)'
[12:52:03] Looking for 'egrep' - found /usr/bin/egrep
[12:52:03] Looking for 'find' - found /usr/bin/find
[12:52:03] Looking for 'grep' - found /usr/bin/grep
[12:52:03] Looking for 'hmmpress' - found /hps/software/users/jlees/vrbouza/miniforge3/envs/prokka/bin/hmmpress
[12:52:03] Determined hmmpress version is 003004 from '# HMMER 3.4 (Aug 2023); http://hmmer.org/'
[12:52:03] Looking for 'hmmscan' - found /hps/software/users/jlees/vrbouza/miniforge3/envs/prokka/bin/hmmscan
[12:52:03] Determined hmmscan version is 003004 from '# HMMER 3.4 (Aug 2023); http://hmmer.org/'
[12:52:03] Looking for 'java' - found /hps/software/users/jlees/vrbouza/miniforge3/envs/prokka/bin/java
[12:52:03] Looking for 'makeblastdb' - found /hps/software/users/jlees/vrbouza/miniforge3/envs/prokka/bin/makeblastdb
[12:52:03] Determined makeblastdb version is 002016 from 'makeblastdb: 2.16.0+'
[12:52:03] Looking for 'minced' - found /hps/software/users/jlees/vrbouza/miniforge3/envs/prokka/bin/minced
[12:52:04] Determined minced version is 004002 from 'minced 0.4.2'
[12:52:04] Looking for 'parallel' - found /hps/software/users/jlees/vrbouza/miniforge3/envs/prokka/bin/parallel
[12:52:04] Determined parallel version is 20250422 from 'GNU parallel 20250422'
[12:52:04] Looking for 'prodigal' - found /hps/software/users/jlees/vrbouza/miniforge3/envs/prokka/bin/prodigal
[12:52:04] Determined prodigal version is 002006 from 'Prodigal V2.6.3: February, 2016'
[12:52:04] Looking for 'prokka-genbank_to_fasta_db' - found /hps/software/users/jlees/vrbouza/miniforge3/envs/prokka/bin/prokka-genbank_to_fasta_db
[12:52:04] Looking for 'sed' - found /usr/bin/sed
[12:52:04] Looking for 'tbl2asn' - found /hps/software/users/jlees/vrbouza/miniforge3/envs/prokka/bin/tbl2asn
[12:52:04] Determined tbl2asn version is 025007 from 'tbl2asn 25.7   arguments:'
[12:52:04] Using genetic code table 11.
[12:52:04] Loading and checking input file: /nfs/research/jlees/vrbouza/data/clustering_benchmarking/2025_05_14_initialLeoniedata/SHdataset/ERR044888.fa
[12:52:04] Wrote 353 contigs totalling 2152220 bp.
[12:52:04] Predicting tRNAs and tmRNAs
[12:52:04] Running: aragorn -l -gc11  -w \.\/SHdataset\/ERR044888\/PROKKA_06122025\.fna
[12:52:04] 1 tRNA-Arg c[46392,46465] 35 (ccg)
[12:52:04] 2 tRNA-Arg c[89172,89243] 34 (cct)
[12:52:04] 1 tRNA-Cys c[37719,37792] 34 (gca)
[12:52:04] 1 tRNA-Arg [17735,17808] 35 (tct)
[12:52:04] 2 tRNA-Glu [20245,20316] 34 (ttc)
[12:52:04] 3 tRNA-Asn [20322,20395] 35 (gtt)
[12:52:04] 1 tRNA-Lys c[34449,34524] 35 (ctt)
[12:52:04] 1 tRNA-Ser [33634,33724] 36 (gga)
[12:52:04] 2 tmRNA c[33908,34252] 83,118 AKNNTSYALAA*
[12:52:04] 1 tRNA-Thr [10309,10381] 34 (ggt)
[12:52:04] 1 tRNA-Ser [137,226] 37 (tga)
[12:52:04] 2 tRNA-Met [240,313] 35 (cat)
[12:52:04] 3 tRNA-Phe [317,389] 34 (gaa)
[12:52:04] 4 tRNA-Tyr [401,483] 36 (gta)
[12:52:04] 5 tRNA-Trp [486,558] 34 (cca)
[12:52:04] 6 tRNA-His [571,645] 35 (gtg)
[12:52:04] 7 tRNA-Gln [657,730] 34 (ttg)
[12:52:04] 8 tRNA-Leu [738,823] 36 (caa)
[12:52:04] 1 tRNA-Gln c[1473,1544] 33 (ttg)
[12:52:04] 2 tRNA-Tyr c[1554,1634] 35 (gta)
[12:52:04] 1 tRNA-Leu c[229,316] 36 (aag)
[12:52:04] 1 tRNA-Ala c[3219,3293] 35 (tgc)
[12:52:04] 1 tRNA-Thr [86,158] 34 (tgt)
[12:52:04] 2 tRNA-Gly [181,252] 33 (gcc)
[12:52:04] 3 tRNA-Leu [260,345] 35 (taa)
[12:52:04] 4 tRNA-Arg [355,428] 35 (acg)
[12:52:04] 5 tRNA-Pro [443,518] 36 (tgg)
[12:52:04] 1 tRNA-Val [59,131] 34 (tac)
[12:52:04] 2 tRNA-Gly [136,208] 34 (tcc)
[12:52:04] 3 tRNA-Ile [241,316] 36 (gat)
[12:52:04] 1 tRNA-Asp [58,130] 34 (gtc)
[12:52:04] 2 tRNA-Lys [155,227] 34 (ttt)
[12:52:04] 1 tRNA-Ser c[154,243] 36 (gct)
[12:52:04] 1 tRNA-Met [55,130] 36 (cat)
[12:52:04] 2 tRNA-Met [142,217] 36 (cat)
[12:52:04] Found 35 tRNAs
[12:52:04] Predicting Ribosomal RNAs
[12:52:04] Running Barrnap with 8 threads
[12:52:05] 1 contig00055 6 5S ribosomal RNA
[12:52:05] 2 contig00055 197 23S ribosomal RNA
[12:52:05] 3 contig00055 3345 16S ribosomal RNA
[12:52:05] Found 3 rRNAs
[12:52:05] Skipping ncRNA search, enable with --rfam if desired.
[12:52:05] Total of 37 tRNA + rRNA features
[12:52:05] Searching for CRISPR repeats
[12:52:05] Found 0 CRISPRs
[12:52:05] Predicting coding sequences
[12:52:05] Contigs total 2152220 bp, so using single mode
[12:52:05] Running: prodigal -i \.\/SHdataset\/ERR044888\/PROKKA_06122025\.fna -c -m -g 11 -p single -f sco -q
[12:52:08] Found 2104 CDS
[12:52:08] Connecting features back to sequences
[12:52:08] Not using genus-specific database. Try --usegenus to enable it.
[12:52:08] Annotating CDS, please be patient.
[12:52:08] Will use 8 CPUs for similarity searching.
[12:52:08] There are still 2104 unannotated CDS left (started with 2104)
[12:52:08] Will use blast to search against /hps/software/users/jlees/vrbouza/miniforge3/envs/prokka/db/kingdom/Bacteria/IS with 8 CPUs
[12:52:08] Running: cat \.\/SHdataset\/ERR044888\/PROKKA_06122025\.IS\.tmp\.2307166\.faa | parallel --gnu --plain -j 8 --block 38417 --recstart '>' --pipe blastp -query - -db /hps/software/users/jlees/vrbouza/miniforge3/envs/prokka/db/kingdom/Bacteria/IS -evalue 1e-30 -qcov_hsp_perc 90 -num_threads 1 -num_descriptions 1 -num_alignments 1 -seg no > \.\/SHdataset\/ERR044888\/PROKKA_06122025\.IS\.tmp\.2307166\.blast 2> /dev/null
[12:52:14] Deleting unwanted file: ./SHdataset/ERR044888/PROKKA_06122025.IS.tmp.2307166.faa
[12:52:14] Deleting unwanted file: ./SHdataset/ERR044888/PROKKA_06122025.IS.tmp.2307166.blast
[12:52:14] There are still 2086 unannotated CDS left (started with 2104)
[12:52:14] Will use blast to search against /hps/software/users/jlees/vrbouza/miniforge3/envs/prokka/db/kingdom/Bacteria/AMR with 8 CPUs
[12:52:14] Running: cat \.\/SHdataset\/ERR044888\/PROKKA_06122025\.AMR\.tmp\.2307166\.faa | parallel --gnu --plain -j 8 --block 38229 --recstart '>' --pipe blastp -query - -db /hps/software/users/jlees/vrbouza/miniforge3/envs/prokka/db/kingdom/Bacteria/AMR -evalue 1e-300 -qcov_hsp_perc 90 -num_threads 1 -num_descriptions 1 -num_alignments 1 -seg no > \.\/SHdataset\/ERR044888\/PROKKA_06122025\.AMR\.tmp\.2307166\.blast 2> /dev/null
[12:52:19] Deleting unwanted file: ./SHdataset/ERR044888/PROKKA_06122025.AMR.tmp.2307166.faa
[12:52:19] Deleting unwanted file: ./SHdataset/ERR044888/PROKKA_06122025.AMR.tmp.2307166.blast
[12:52:19] There are still 2086 unannotated CDS left (started with 2104)
[12:52:19] Will use blast to search against /hps/software/users/jlees/vrbouza/miniforge3/envs/prokka/db/kingdom/Bacteria/sprot with 8 CPUs
[12:52:19] Running: cat \.\/SHdataset\/ERR044888\/PROKKA_06122025\.sprot\.tmp\.2307166\.faa | parallel --gnu --plain -j 8 --block 38229 --recstart '>' --pipe blastp -query - -db /hps/software/users/jlees/vrbouza/miniforge3/envs/prokka/db/kingdom/Bacteria/sprot -evalue 1e-09 -qcov_hsp_perc 80 -num_threads 1 -num_descriptions 1 -num_alignments 1 -seg no > \.\/SHdataset\/ERR044888\/PROKKA_06122025\.sprot\.tmp\.2307166\.blast 2> /dev/null
[12:52:39] Modify product: UPF0356 protein SP_0122 => hypothetical protein
[12:52:39] Modify product: Uncharacterized HTH-type transcriptional regulator SACOL2360 => putative HTH-type transcriptional regulator
[12:52:39] Modify product: UPF0297 protein SP_0192 => hypothetical protein
[12:52:39] Modify product: UPF0473 protein SP_0194 => hypothetical protein
[12:52:39] Modify product: UPF0237 protein SP_0238 => hypothetical protein
[12:52:39] Modify product: UPF0210 protein SP_0239 => hypothetical protein
[12:52:39] Modify product: Uncharacterized protein HI_0131 => putative protein
[12:52:39] Modify product: Uncharacterized HTH-type transcriptional regulator YdjF => putative HTH-type transcriptional regulator YdjF
[12:52:39] Modify product: Putative zinc metalloprotease SA1105 => Putative zinc metalloprotease
[12:52:39] Modify product: Probable metallo-hydrolase M6_Spy0554 => putative metallo-hydrolase
[12:52:39] Modify product: Uncharacterized ABC transporter ATP-binding protein Rv0986 => putative ABC transporter ATP-binding protein
[12:52:39] Modify product: Uncharacterized HTH-type transcriptional regulator YbbH => putative HTH-type transcriptional regulator YbbH
[12:52:39] Modify product: Uncharacterized oxidoreductase YjhC => putative oxidoreductase YjhC
[12:52:40] Modify product: Uncharacterized protein YhaP => putative protein YhaP
[12:52:40] Modify product: Multidrug efflux system ATP-binding protein Rv1218c => Multidrug efflux system ATP-binding protein
[12:52:40] Modify product: Probable transcription repressor NiaR => putative transcription repressor NiaR
[12:52:40] Modify product: Uncharacterized ABC transporter ATP-binding protein YheS => putative ABC transporter ATP-binding protein YheS
[12:52:40] Modify product: Protease HtpX homolog => Protease HtpX 
[12:52:40] Modify product: UPF0122 protein SP_1288 => hypothetical protein
[12:52:40] Modify product: Putative phosphatase M6_Spy0533 => Putative phosphatase
[12:52:40] Modify product: Probable bifunctional oligoribonuclease and PAP phosphatase NrnA => putative bifunctional oligoribonuclease and PAP phosphatase NrnA
[12:52:40] Modify product: Probable deferrochelatase/peroxidase EfeN => putative deferrochelatase/peroxidase EfeN
[12:52:40] Modify product: Uncharacterized ABC transporter ATP-binding protein YbiT => putative ABC transporter ATP-binding protein YbiT
[12:52:40] Modify product: Uncharacterized zinc protease Rv2782c => putative zinc protease
[12:52:40] Modify product: Probable GTP-binding protein EngB => putative GTP-binding protein EngB
[12:52:40] Modify product: Probable cell division protein WhiA => putative cell division protein WhiA
[12:52:40] Modify product: DegV domain-containing protein spr1415 => DegV domain-containing protein
[12:52:40] Modify product: UPF0213 protein SP_1535 => hypothetical protein
[12:52:40] Modify product: Probable manganese-dependent inorganic pyrophosphatase => putative manganese-dependent inorganic pyrophosphatase
[12:52:40] Modify product: Putative dipeptidase SA1572 => Putative dipeptidase
[12:52:40] Modify product: Probable glycerol uptake facilitator protein => putative glycerol uptake facilitator protein
[12:52:40] Modify product: Uncharacterized response regulatory protein SACOL0201 => putative response regulatory protein
[12:52:40] Modify product: UPF0340 protein YwlG => hypothetical protein
[12:52:40] Modify product: Uncharacterized oxidoreductase SA2266 => putative oxidoreductase
[12:52:40] Modify product: Probable glutamine ABC transporter permease protein GlnP => putative glutamine ABC transporter permease protein GlnP
[12:52:40] Modify product: Probable glutamine ABC transporter permease protein GlnM => putative glutamine ABC transporter permease protein GlnM
[12:52:40] Modify product: Putative NAD(P)H nitroreductase Spy0809 => Putative NAD(P)H nitroreductase
[12:52:40] Modify product: Putative universal stress protein SA1532 => Putative universal stress protein
[12:52:40] Modify product: Uncharacterized metal-dependent hydrolase YcfH => putative metal-dependent hydrolase YcfH
[12:52:40] Modify product: Uncharacterized ABC transporter ATP-binding protein YknY => putative ABC transporter ATP-binding protein YknY
[12:52:40] Modify product: Uncharacterized protein YlbL => putative protein YlbL
[12:52:40] Modify product: UPF0053 protein HI_0107 => hypothetical protein
[12:52:40] Modify product: Uncharacterized ABC transporter ATP-binding protein YknY => putative ABC transporter ATP-binding protein YknY
[12:52:40] Modify product: Probable SapB synthase => putative SapB synthase
[12:52:40] Modify product: Uncharacterized ABC transporter ATP-binding protein Rv1273c => putative ABC transporter ATP-binding protein
[12:52:40] Modify product: UPF0342 protein SP_1372 => hypothetical protein
[12:52:40] Modify product: Phosphate-specific transport system accessory protein PhoU homolog => Phosphate-specific transport system accessory protein PhoU 
[12:52:40] Modify product: UPF0223 protein BH2638 => hypothetical protein
[12:52:40] Modify product: Uncharacterized inner membrane transporter YicL => putative inner membrane transporter YicL
[12:52:40] Modify product: Probable amino-acid permease protein YxeN => putative amino-acid permease protein YxeN
[12:52:40] Modify product: UPF0073 inner membrane protein YqfA => hypothetical protein
[12:52:40] Modify product: Probable NADH oxidase => putative NADH oxidase
[12:52:40] Modify product: UPF0291 protein SP_1473 => hypothetical protein
[12:52:40] Modify product: Probable ATP-dependent RNA helicase YfmL => putative ATP-dependent RNA helicase YfmL
[12:52:40] Modify product: Uncharacterized ABC transporter ATP-binding protein Rv0986 => putative ABC transporter ATP-binding protein
[12:52:40] Modify product: Probable transcriptional regulatory protein YeeN => putative transcriptional regulatory protein YeeN
[12:52:40] Modify product: Uncharacterized ABC transporter ATP-binding protein Rv1273c => putative ABC transporter ATP-binding protein
[12:52:40] Modify product: Uncharacterized ABC transporter ATP-binding protein TM_0288 => putative ABC transporter ATP-binding protein
[12:52:40] Modify product: Uncharacterized inner membrane transporter YicL => putative inner membrane transporter YicL
[12:52:40] Modify product: Uncharacterized protein YqgN => putative protein YqgN
[12:52:40] Modify product: Phosphate-specific transport system accessory protein PhoU homolog => Phosphate-specific transport system accessory protein PhoU 
[12:52:40] Modify product: Uncharacterized ABC transporter ATP-binding protein Rv1273c => putative ABC transporter ATP-binding protein
[12:52:40] Modify product: Uncharacterized ABC transporter ATP-binding protein TM_0288 => putative ABC transporter ATP-binding protein
[12:52:40] Modify product: Putative glutamine amidotransferase Rv2859c => Putative glutamine amidotransferase
[12:52:40] Modify product: Uncharacterized protein HI_0933 => putative protein
[12:52:40] Modify product: DegV domain-containing protein spr0652 => DegV domain-containing protein
[12:52:40] Modify product: Probable dihydroorotate dehydrogenase A (fumarate) => putative dihydroorotate dehydrogenase A (fumarate)
[12:52:40] Modify product: Uncharacterized protein YqeN => putative protein YqeN
[12:52:40] Modify product: Probable dual-specificity RNA methyltransferase RlmN => putative dual-specificity RNA methyltransferase RlmN
[12:52:40] Modify product: Uncharacterized ABC transporter ATP-binding protein YbiT => putative ABC transporter ATP-binding protein YbiT
[12:52:40] Modify product: Uncharacterized ABC transporter ATP-binding protein YknY => putative ABC transporter ATP-binding protein YknY
[12:52:40] Modify product: Uncharacterized ABC transporter permease YknZ => putative ABC transporter permease YknZ
[12:52:40] Modify product: Probable copper-transporting ATPase PacS => putative copper-transporting ATPase PacS
[12:52:40] Modify product: Uncharacterized protein YccU => putative protein YccU
[12:52:40] Modify product: UPF0324 inner membrane protein YeiH => hypothetical protein
[12:52:40] Modify product: Probable N-acetyl-LL-diaminopimelate aminotransferase => putative N-acetyl-LL-diaminopimelate aminotransferase
[12:52:40] Modify product: Sulfurtransferase Alvin_2599 => Sulfurtransferase
[12:52:40] Modify product: Putative trans-acting regulator SP_1800 => Putative trans-acting regulator
[12:52:40] Modify product: Uncharacterized multiple-sugar transport system permease YteP => putative multiple-sugar transport system permease YteP
[12:52:40] Modify product: Uncharacterized AAA domain-containing protein Rv2559c => putative AAA domain-containing protein
[12:52:40] Modify product: Probable multidrug resistance ABC transporter ATP-binding/permease protein YheH => putative multidrug resistance ABC transporter ATP-binding/permease protein YheH
[12:52:40] Modify product: Probable multidrug resistance ABC transporter ATP-binding/permease protein YheI => putative multidrug resistance ABC transporter ATP-binding/permease protein YheI
[12:52:40] Modify product: Tyrosine recombinase XerD-like => Tyrosine recombinase XerD-like protein
[12:52:40] Modify product: Probable mannose-6-phosphate isomerase GmuF => putative mannose-6-phosphate isomerase GmuF
[12:52:40] Modify product: Uncharacterized multiple-sugar transport system permease YteP => putative multiple-sugar transport system permease YteP
[12:52:40] Modify product: Uncharacterized HTH-type transcriptional regulator YbbH => putative HTH-type transcriptional regulator YbbH
[12:52:40] Modify product: GTP cyclohydrolase 1 type 2 homolog => GTP cyclohydrolase 1 type 2 
[12:52:40] Modify product: Probable pyridine nucleotide-disulfide oxidoreductase RclA => putative pyridine nucleotide-disulfide oxidoreductase RclA
[12:52:40] Modify product: Uncharacterized amino acid permease YhdG => putative amino acid permease YhdG
[12:52:40] Modify product: Probable nicotinate-nucleotide pyrophosphorylase [carboxylating] => putative nicotinate-nucleotide pyrophosphorylase [carboxylating]
[12:52:40] Modify product: Probable L-ascorbate-6-phosphate lactonase UlaG => putative L-ascorbate-6-phosphate lactonase UlaG
[12:52:40] Modify product: Probable licABCH operon regulator => putative licABCH operon regulator
[12:52:40] Modify product: Probable peptidoglycan glycosyltransferase FtsW => putative peptidoglycan glycosyltransferase FtsW
[12:52:40] Modify product: Putative lipid kinase SP_1045 => Putative lipid kinase
[12:52:40] Modify product: UPF0346 protein SP_0947 => hypothetical protein
[12:52:40] Modify product: Acetyltransferase PA3944 => Acetyltransferase
[12:52:40] Modify product: Probable DNA-directed RNA polymerase subunit delta => putative DNA-directed RNA polymerase subunit delta
[12:52:40] Modify product: UPF0397 protein SP_0482 => hypothetical protein
[12:52:40] Modify product: Uncharacterized protein YbbA => putative protein YbbA
[12:52:40] Modify product: Probable tRNA sulfurtransferase => putative tRNA sulfurtransferase
[12:52:40] Modify product: UPF0051 protein SA0778 => hypothetical protein
[12:52:40] Modify product: UPF0051 protein SA0778 => hypothetical protein
[12:52:40] Modify product: Probable ABC transporter ATP-binding protein M6_Spy0273 => putative ABC transporter ATP-binding protein
[12:52:40] Modify product: UPF0758 protein SP_1088 => hypothetical protein
[12:52:40] Modify product: Putative glutamine amidotransferase Rv2859c => Putative glutamine amidotransferase
[12:52:40] Modify product: Nucleoid-associated protein SP_1102 => Nucleoid-associated protein
[12:52:40] Modify product: DegV domain-containing protein SP_1112 => DegV domain-containing protein
[12:52:40] Modify product: Uncharacterized RNA methyltransferase SP_1029 => putative RNA methyltransferase
[12:52:40] Modify product: Probable siderophore transport system permease protein YfhA => putative siderophore transport system permease protein YfhA
[12:52:40] Modify product: Glutathione peroxidase homolog BsaA => Glutathione peroxidase BsaA
[12:52:40] Modify product: Probable ATP-dependent Clp protease ATP-binding subunit => putative ATP-dependent Clp protease ATP-binding subunit
[12:52:40] Modify product: UPF0371 protein DIP2346 => hypothetical protein
[12:52:40] Modify product: Rqc2 homolog RqcH => Rqc2 RqcH
[12:52:40] Modify product: Probable protein-export membrane protein SecG => putative protein-export membrane protein SecG
[12:52:40] Modify product: Probable S-adenosyl-L-methionine-dependent methyltransferase TehB => putative S-adenosyl-L-methionine-dependent methyltransferase TehB
[12:52:40] Modify product: Uncharacterized protein Spy1595 => putative protein
[12:52:40] Modify product: Probable riboflavin import permease protein RfuC => putative riboflavin import permease protein RfuC
[12:52:40] Modify product: Bifunctional protein FolD => Bifunctional protein FolD protein
[12:52:40] Modify product: Protein RmlC homolog => Protein RmlC 
[12:52:40] Modify product: Probable capsular polysaccharide biosynthesis protein YwqC => putative capsular polysaccharide biosynthesis protein YwqC
[12:52:40] Modify product: Uncharacterized multiple-sugar transport system permease YteP => putative multiple-sugar transport system permease YteP
[12:52:40] Modify product: UPF0176 protein SP_0095 => hypothetical protein
[12:52:40] Modify product: Uncharacterized transporter YycB => putative transporter YycB
[12:52:40] Modify product: Probable FMN/FAD exporter YeeO => putative FMN/FAD exporter YeeO
[12:52:40] Modify product: Probable ribosomal protein YlxQ => putative ribosomal protein YlxQ
[12:52:40] Modify product: Uncharacterized protein SA1069 => putative protein
[12:52:40] Modify product: Uncharacterized protein Spy1614 => putative protein
[12:52:40] Modify product: Uncharacterized protein Spy1535 => putative protein
[12:52:40] Modify product: UPF0398 protein SP_0371 => hypothetical protein
[12:52:40] Modify product: Uncharacterized MscS family protein YkuT => putative MscS family protein YkuT
[12:52:40] Modify product: Uncharacterized protein YqeH => putative protein YqeH
[12:52:40] Modify product: UPF0374 protein SP_1903 => hypothetical protein
[12:52:41] Cleaned 132 /product names
[12:52:41] Deleting unwanted file: ./SHdataset/ERR044888/PROKKA_06122025.sprot.tmp.2307166.faa
[12:52:41] Deleting unwanted file: ./SHdataset/ERR044888/PROKKA_06122025.sprot.tmp.2307166.blast
[12:52:41] There are still 940 unannotated CDS left (started with 2104)
[12:52:41] Will use hmmer3 to search against /hps/software/users/jlees/vrbouza/miniforge3/envs/prokka/db/hmm/HAMAP.hmm with 8 CPUs
[12:52:41] Running: cat \.\/SHdataset\/ERR044888\/PROKKA_06122025\.HAMAP\.hmm\.tmp\.2307166\.faa | parallel --gnu --plain -j 8 --block 13870 --recstart '>' --pipe hmmscan --noali --notextw --acc -E 1e-09 --cpu 1 /hps/software/users/jlees/vrbouza/miniforge3/envs/prokka/db/hmm/HAMAP.hmm /dev/stdin > \.\/SHdataset\/ERR044888\/PROKKA_06122025\.HAMAP\.hmm\.tmp\.2307166\.hmmer3 2> /dev/null
[12:52:48] Modify product: Protein SprT-like => Protein SprT-like protein
[12:52:48] Cleaned 1 /product names
[12:52:48] Deleting unwanted file: ./SHdataset/ERR044888/PROKKA_06122025.HAMAP.hmm.tmp.2307166.faa
[12:52:48] Deleting unwanted file: ./SHdataset/ERR044888/PROKKA_06122025.HAMAP.hmm.tmp.2307166.hmmer3
[12:52:48] Labelling remaining 860 proteins as 'hypothetical protein'
[12:52:48] Possible /pseudo 'O-acetyl-L-homoserine sulfhydrylase' at contig00003 position 12932
[12:52:48] Possible /pseudo 'Coenzyme A biosynthesis bifunctional protein CoaBC' at contig00003 position 27317
[12:52:48] Possible /pseudo '2-isopropylmalate synthase' at contig00003 position 53996
[12:52:48] Possible /pseudo 'Putative fluoride ion transporter CrcB' at contig00003 position 90074
[12:52:48] Possible /pseudo 'Phosphate import ATP-binding protein PstB 3' at contig00004 position 43184
[12:52:48] Possible /pseudo 'Major cell-binding factor' at contig00005 position 22797
[12:52:48] Possible /pseudo 'Glutamine transport ATP-binding protein GlnQ' at contig00005 position 23545
[12:52:48] Possible /pseudo 'putative ABC transporter ATP-binding protein' at contig00006 position 71146
[12:52:48] Possible /pseudo 'Multidrug resistance ABC transporter ATP-binding/permease protein BmrA' at contig00010 position 49946
[12:52:48] Possible /pseudo 'Lactococcin A secretion protein LcnD' at contig00018 position 5266
[12:52:48] Possible /pseudo 'putative protein' at contig00032 position 12995
[12:52:48] Possible /pseudo 'IS3 family transposase ISSpn11' at contig00047 position 12550
[12:52:48] Possible /pseudo 'Immunoglobulin A1 protease' at contig00049 position 8065
[12:52:48] Found 1000 unique /gene codes.
[12:52:48] Fixed 2 duplicate /gene - agrA_1 agrA_2
[12:52:48] Fixed 2 duplicate /gene - gtfB_1 gtfB_2
[12:52:48] Fixed 2 duplicate /gene - artM_1 artM_2
[12:52:48] Fixed 3 duplicate /gene - ykoD_1 ykoD_2 ykoD_3
[12:52:48] Fixed 2 duplicate /gene - rsmH_1 rsmH_2
[12:52:48] Fixed 6 duplicate /gene - btuD_1 btuD_2 btuD_3 btuD_4 btuD_5 btuD_6
[12:52:48] Fixed 2 duplicate /gene - COQ5_1 COQ5_2
[12:52:48] Fixed 2 duplicate /gene - yidA_1 yidA_2
[12:52:48] Fixed 2 duplicate /gene - iga_1 iga_2
[12:52:48] Fixed 2 duplicate /gene - pepA_1 pepA_2
[12:52:48] Fixed 2 duplicate /gene - adh_1 adh_2
[12:52:48] Fixed 2 duplicate /gene - murA1_1 murA1_2
[12:52:48] Fixed 3 duplicate /gene - yteP_1 yteP_2 yteP_3
[12:52:48] Fixed 2 duplicate /gene - cutC_1 cutC_2
[12:52:48] Fixed 2 duplicate /gene - dsbD_1 dsbD_2
[12:52:48] Fixed 2 duplicate /gene - IMPDH_1 IMPDH_2
[12:52:48] Fixed 2 duplicate /gene - nanE_1 nanE_2
[12:52:48] Fixed 2 duplicate /gene - mshD_1 mshD_2
[12:52:48] Fixed 2 duplicate /gene - def_1 def_2
[12:52:48] Fixed 3 duplicate /gene - argR_1 argR_2 argR_3
[12:52:48] Fixed 2 duplicate /gene - leuA_1 leuA_2
[12:52:48] Fixed 2 duplicate /gene - ybiT_1 ybiT_2
[12:52:48] Fixed 2 duplicate /gene - ybbH_1 ybbH_2
[12:52:48] Fixed 2 duplicate /gene - glnH_1 glnH_2
[12:52:48] Fixed 2 duplicate /gene - thiE_1 thiE_2
[12:52:48] Fixed 3 duplicate /gene - sasA_1 sasA_2 sasA_3
[12:52:48] Fixed 2 duplicate /gene - lacR_1 lacR_2
[12:52:48] Fixed 3 duplicate /gene - araQ_1 araQ_2 araQ_3
[12:52:48] Fixed 2 duplicate /gene - levE_1 levE_2
[12:52:48] Fixed 2 duplicate /gene - thiM_1 thiM_2
[12:52:48] Fixed 2 duplicate /gene - clpC_1 clpC_2
[12:52:48] Fixed 2 duplicate /gene - yicL_1 yicL_2
[12:52:48] Fixed 2 duplicate /gene - arlR_1 arlR_2
[12:52:48] Fixed 2 duplicate /gene - tagU_1 tagU_2
[12:52:48] Fixed 2 duplicate /gene - gtfA_1 gtfA_2
[12:52:48] Fixed 2 duplicate /gene - dinG_1 dinG_2
[12:52:48] Fixed 2 duplicate /gene - iscS_1 iscS_2
[12:52:48] Fixed 2 duplicate /gene - nanA_1 nanA_2
[12:52:48] Fixed 2 duplicate /gene - gmuD_1 gmuD_2
[12:52:48] Fixed 2 duplicate /gene - gatC_1 gatC_2
[12:52:48] Fixed 2 duplicate /gene - pcp_1 pcp_2
[12:52:48] Fixed 2 duplicate /gene - lagD_1 lagD_2
[12:52:48] Fixed 2 duplicate /gene - glyG_1 glyG_2
[12:52:48] Fixed 2 duplicate /gene - ccpA_1 ccpA_2
[12:52:48] Fixed 2 duplicate /gene - bceA_1 bceA_2
[12:52:48] Fixed 2 duplicate /gene - ptsG_1 ptsG_2
[12:52:48] Fixed 2 duplicate /gene - spxA_1 spxA_2
[12:52:48] Fixed 2 duplicate /gene - lacF_1 lacF_2
[12:52:48] Fixed 2 duplicate /gene - yxdL_1 yxdL_2
[12:52:48] Fixed 3 duplicate /gene - lytA_1 lytA_2 lytA_3
[12:52:48] Fixed 2 duplicate /gene - udk_1 udk_2
[12:52:48] Fixed 2 duplicate /gene - crcB_1 crcB_2
[12:52:48] Fixed 2 duplicate /gene - secA_1 secA_2
[12:52:48] Fixed 2 duplicate /gene - ettA_1 ettA_2
[12:52:48] Fixed 2 duplicate /gene - agaA_1 agaA_2
[12:52:48] Fixed 3 duplicate /gene - ssb_1 ssb_2 ssb_3
[12:52:48] Fixed 2 duplicate /gene - rluD_1 rluD_2
[12:52:48] Fixed 2 duplicate /gene - lacC_1 lacC_2
[12:52:48] Fixed 2 duplicate /gene - bcrA_1 bcrA_2
[12:52:48] Fixed 3 duplicate /gene - tkt_1 tkt_2 tkt_3
[12:52:48] Fixed 4 duplicate /gene - manZ_1 manZ_2 manZ_3 manZ_4
[12:52:48] Fixed 2 duplicate /gene - tenA_1 tenA_2
[12:52:48] Fixed 8 duplicate /gene - xerC_1 xerC_2 xerC_3 xerC_4 xerC_5 xerC_6 xerC_7 xerC_8
[12:52:48] Fixed 2 duplicate /gene - potA_1 potA_2
[12:52:48] Fixed 2 duplicate /gene - ruvB_1 ruvB_2
[12:52:48] Fixed 2 duplicate /gene - bglH_1 bglH_2
[12:52:48] Fixed 2 duplicate /gene - bglK_1 bglK_2
[12:52:48] Fixed 2 duplicate /gene - pepF1_1 pepF1_2
[12:52:48] Fixed 2 duplicate /gene - peb1A_1 peb1A_2
[12:52:48] Fixed 2 duplicate /gene - bmrA_1 bmrA_2
[12:52:48] Fixed 2 duplicate /gene - rsuA_1 rsuA_2
[12:52:48] Fixed 3 duplicate /gene - ecfT_1 ecfT_2 ecfT_3
[12:52:48] Fixed 3 duplicate /gene - manX_1 manX_2 manX_3
[12:52:48] Fixed 2 duplicate /gene - deoD_1 deoD_2
[12:52:48] Fixed 3 duplicate /gene - yknY_1 yknY_2 yknY_3
[12:52:48] Fixed 3 duplicate /gene - coaBC_1 coaBC_2 coaBC_3
[12:52:48] Fixed 2 duplicate /gene - fpgS_1 fpgS_2
[12:52:48] Fixed 2 duplicate /gene - tadA_1 tadA_2
[12:52:48] Fixed 2 duplicate /gene - ecsA_1 ecsA_2
[12:52:48] Fixed 2 duplicate /gene - sorC_1 sorC_2
[12:52:48] Fixed 3 duplicate /gene - gpmA_1 gpmA_2 gpmA_3
[12:52:48] Fixed 2 duplicate /gene - galK_1 galK_2
[12:52:48] Fixed 2 duplicate /gene - resA_1 resA_2
[12:52:48] Fixed 2 duplicate /gene - fruA_1 fruA_2
[12:52:48] Fixed 2 duplicate /gene - licA_1 licA_2
[12:52:48] Fixed 3 duplicate /gene - pstB3_1 pstB3_2 pstB3_3
[12:52:48] Fixed 6 duplicate /gene - glnQ_1 glnQ_2 glnQ_3 glnQ_4 glnQ_5 glnQ_6
[12:52:48] Fixed 2 duplicate /gene - gph_1 gph_2
[12:52:48] Fixed 3 duplicate /gene - smc_1 smc_2 smc_3
[12:52:48] Fixed 2 duplicate /gene - glgX_1 glgX_2
[12:52:48] Fixed 2 duplicate /gene - secY_1 secY_2
[12:52:48] Fixed 3 duplicate /gene - licC_1 licC_2 licC_3
[12:52:48] Fixed 3 duplicate /gene - lcnD_1 lcnD_2 lcnD_3
[12:52:48] Fixed 3 duplicate /gene - sarA_1 sarA_2 sarA_3
[12:52:48] Fixed 2 duplicate /gene - licT_1 licT_2
[12:52:48] Fixed 2 duplicate /gene - phoU_1 phoU_2
[12:52:48] Fixed 2 duplicate /gene - ulaA_1 ulaA_2
[12:52:48] Fixed 97 colliding /gene names.
[12:52:48] Adding /locus_tag identifiers
[12:52:48] Assigned 2142 locus_tags to CDS and RNA features.
[12:52:48] Writing outputs to ./SHdataset/ERR044888/
[12:52:49] Generating annotation statistics file
[12:52:49] Generating Genbank and Sequin files
[12:52:49] Running: tbl2asn -V b -a r10k -l paired-ends -M n -N 1 -y 'Annotated using prokka 1.14.6 from https://github.com/tseemann/prokka' -Z \.\/SHdataset\/ERR044888\/PROKKA_06122025\.err -i \.\/SHdataset\/ERR044888\/PROKKA_06122025\.fsa 2> /dev/null
[12:52:55] Deleting unwanted file: ./SHdataset/ERR044888/errorsummary.val
[12:52:55] Deleting unwanted file: ./SHdataset/ERR044888/PROKKA_06122025.dr
[12:52:55] Deleting unwanted file: ./SHdataset/ERR044888/PROKKA_06122025.fixedproducts
[12:52:55] Deleting unwanted file: ./SHdataset/ERR044888/PROKKA_06122025.ecn
[12:52:55] Deleting unwanted file: ./SHdataset/ERR044888/PROKKA_06122025.val
[12:52:55] Repairing broken .GBK output that tbl2asn produces...
[12:52:55] Running: sed 's/COORDINATES: profile/COORDINATES:profile/' < \.\/SHdataset\/ERR044888\/PROKKA_06122025\.gbf > \.\/SHdataset\/ERR044888\/PROKKA_06122025\.gbk
[12:52:55] Deleting unwanted file: ./SHdataset/ERR044888/PROKKA_06122025.gbf
[12:52:55] Output files:
[12:52:55] ./SHdataset/ERR044888/PROKKA_06122025.faa
[12:52:55] ./SHdataset/ERR044888/PROKKA_06122025.tsv
[12:52:55] ./SHdataset/ERR044888/PROKKA_06122025.gff
[12:52:55] ./SHdataset/ERR044888/PROKKA_06122025.fna
[12:52:55] ./SHdataset/ERR044888/PROKKA_06122025.gbk
[12:52:55] ./SHdataset/ERR044888/PROKKA_06122025.fsa
[12:52:55] ./SHdataset/ERR044888/PROKKA_06122025.txt
[12:52:55] ./SHdataset/ERR044888/PROKKA_06122025.tbl
[12:52:55] ./SHdataset/ERR044888/PROKKA_06122025.sqn
[12:52:55] ./SHdataset/ERR044888/PROKKA_06122025.err
[12:52:55] ./SHdataset/ERR044888/PROKKA_06122025.log
[12:52:55] ./SHdataset/ERR044888/PROKKA_06122025.ffn
[12:52:55] Annotation finished successfully.
[12:52:55] Walltime used: 0.87 minutes
[12:52:55] If you use this result please cite the Prokka paper:
[12:52:55] Seemann T (2014) Prokka: rapid prokaryotic genome annotation. Bioinformatics. 30(14):2068-9.
[12:52:55] Type 'prokka --citation' for more details.
[12:52:55] Thank you, come again.
